Archive member included to satisfy reference by file (symbol)

c:/altera_lite/15.1/nios2eds/bin/gnu/h-x86_64-mingw32/bin/../lib/gcc/nios2-elf/4.9.2/../../../../../H-x86_64-mingw32/nios2-elf/lib/mhw-mulx\libc.a(lib_a-memcpy.o)
                              obj/default/hello_ucosii.o (memcpy)
C:/Users/michi/OneDrive/Documenten/GitHub/TRON-NEON_bsp/\libucosii_bsp.a(alt_load.o)
                              C:/Users/michi/OneDrive/Documenten/GitHub/TRON-NEON_bsp//obj/HAL/src/crt0.o (alt_load)
C:/Users/michi/OneDrive/Documenten/GitHub/TRON-NEON_bsp/\libucosii_bsp.a(alt_main.o)
                              C:/Users/michi/OneDrive/Documenten/GitHub/TRON-NEON_bsp//obj/HAL/src/crt0.o (alt_main)
C:/Users/michi/OneDrive/Documenten/GitHub/TRON-NEON_bsp/\libucosii_bsp.a(alt_env_lock.o)
                              C:/Users/michi/OneDrive/Documenten/GitHub/TRON-NEON_bsp/\libucosii_bsp.a(alt_main.o) (alt_envsem)
C:/Users/michi/OneDrive/Documenten/GitHub/TRON-NEON_bsp/\libucosii_bsp.a(alt_malloc_lock.o)
                              C:/Users/michi/OneDrive/Documenten/GitHub/TRON-NEON_bsp/\libucosii_bsp.a(alt_main.o) (alt_heapsem)
C:/Users/michi/OneDrive/Documenten/GitHub/TRON-NEON_bsp/\libucosii_bsp.a(os_core.o)
                              C:/Users/michi/OneDrive/Documenten/GitHub/TRON-NEON_bsp/\libucosii_bsp.a(alt_malloc_lock.o) (OSRunning)
C:/Users/michi/OneDrive/Documenten/GitHub/TRON-NEON_bsp/\libucosii_bsp.a(os_dbg.o)
                              C:/Users/michi/OneDrive/Documenten/GitHub/TRON-NEON_bsp/\libucosii_bsp.a(os_core.o) (OSDebugInit)
C:/Users/michi/OneDrive/Documenten/GitHub/TRON-NEON_bsp/\libucosii_bsp.a(os_flag.o)
                              C:/Users/michi/OneDrive/Documenten/GitHub/TRON-NEON_bsp/\libucosii_bsp.a(os_core.o) (OS_FlagInit)
C:/Users/michi/OneDrive/Documenten/GitHub/TRON-NEON_bsp/\libucosii_bsp.a(os_mem.o)
                              C:/Users/michi/OneDrive/Documenten/GitHub/TRON-NEON_bsp/\libucosii_bsp.a(os_core.o) (OS_MemInit)
C:/Users/michi/OneDrive/Documenten/GitHub/TRON-NEON_bsp/\libucosii_bsp.a(os_q.o)
                              C:/Users/michi/OneDrive/Documenten/GitHub/TRON-NEON_bsp/\libucosii_bsp.a(os_core.o) (OS_QInit)
C:/Users/michi/OneDrive/Documenten/GitHub/TRON-NEON_bsp/\libucosii_bsp.a(os_sem.o)
                              obj/default/hello_ucosii.o (OSSemCreate)
C:/Users/michi/OneDrive/Documenten/GitHub/TRON-NEON_bsp/\libucosii_bsp.a(os_task.o)
                              obj/default/hello_ucosii.o (OSTaskCreateExt)
C:/Users/michi/OneDrive/Documenten/GitHub/TRON-NEON_bsp/\libucosii_bsp.a(os_time.o)
                              C:/Users/michi/OneDrive/Documenten/GitHub/TRON-NEON_bsp/\libucosii_bsp.a(os_core.o) (OSTimeDly)
C:/Users/michi/OneDrive/Documenten/GitHub/TRON-NEON_bsp/\libucosii_bsp.a(alt_sys_init.o)
                              C:/Users/michi/OneDrive/Documenten/GitHub/TRON-NEON_bsp/\libucosii_bsp.a(alt_main.o) (alt_irq_init)
C:/Users/michi/OneDrive/Documenten/GitHub/TRON-NEON_bsp/\libucosii_bsp.a(altera_avalon_jtag_uart_fd.o)
                              C:/Users/michi/OneDrive/Documenten/GitHub/TRON-NEON_bsp/\libucosii_bsp.a(alt_sys_init.o) (altera_avalon_jtag_uart_read_fd)
C:/Users/michi/OneDrive/Documenten/GitHub/TRON-NEON_bsp/\libucosii_bsp.a(altera_avalon_jtag_uart_init.o)
                              C:/Users/michi/OneDrive/Documenten/GitHub/TRON-NEON_bsp/\libucosii_bsp.a(alt_sys_init.o) (altera_avalon_jtag_uart_init)
C:/Users/michi/OneDrive/Documenten/GitHub/TRON-NEON_bsp/\libucosii_bsp.a(altera_avalon_jtag_uart_ioctl.o)
                              C:/Users/michi/OneDrive/Documenten/GitHub/TRON-NEON_bsp/\libucosii_bsp.a(altera_avalon_jtag_uart_fd.o) (altera_avalon_jtag_uart_ioctl)
C:/Users/michi/OneDrive/Documenten/GitHub/TRON-NEON_bsp/\libucosii_bsp.a(altera_avalon_jtag_uart_read.o)
                              C:/Users/michi/OneDrive/Documenten/GitHub/TRON-NEON_bsp/\libucosii_bsp.a(altera_avalon_jtag_uart_fd.o) (altera_avalon_jtag_uart_read)
C:/Users/michi/OneDrive/Documenten/GitHub/TRON-NEON_bsp/\libucosii_bsp.a(altera_avalon_jtag_uart_write.o)
                              C:/Users/michi/OneDrive/Documenten/GitHub/TRON-NEON_bsp/\libucosii_bsp.a(altera_avalon_jtag_uart_fd.o) (altera_avalon_jtag_uart_write)
C:/Users/michi/OneDrive/Documenten/GitHub/TRON-NEON_bsp/\libucosii_bsp.a(altera_avalon_timer_sc.o)
                              C:/Users/michi/OneDrive/Documenten/GitHub/TRON-NEON_bsp/\libucosii_bsp.a(alt_sys_init.o) (alt_avalon_timer_sc_init)
C:/Users/michi/OneDrive/Documenten/GitHub/TRON-NEON_bsp/\libucosii_bsp.a(altera_up_avalon_character_lcd.o)
                              C:/Users/michi/OneDrive/Documenten/GitHub/TRON-NEON_bsp/\libucosii_bsp.a(alt_sys_init.o) (alt_up_character_lcd_init)
C:/Users/michi/OneDrive/Documenten/GitHub/TRON-NEON_bsp/\libucosii_bsp.a(altera_up_avalon_irda.o)
                              C:/Users/michi/OneDrive/Documenten/GitHub/TRON-NEON_bsp/\libucosii_bsp.a(alt_sys_init.o) (alt_up_irda_read_fd)
[...]
Memory Configuration

Name             Origin             Length             Attributes
reset            0x0000000000000000 0x0000000000000020
SDRAM            0x0000000000000020 0x0000000003ffffe0
Flash_flash_data 0x000000000c000000 0x0000000000800000
*default*        0x0000000000000000 0xffffffffffffffff

Linker script and memory map

LOAD C:/Users/michi/OneDrive/Documenten/GitHub/TRON-NEON_bsp//obj/HAL/src/crt0.o
LOAD obj/default/hello_ucosii.o
LOAD c:/altera_lite/15.1/nios2eds/bin/gnu/h-x86_64-mingw32/bin/../lib/gcc/nios2-elf/4.9.2/../../../../../H-x86_64-mingw32/nios2-elf/lib/mhw-mulx\libstdc++.a
LOAD c:/altera_lite/15.1/nios2eds/bin/gnu/h-x86_64-mingw32/bin/../lib/gcc/nios2-elf/4.9.2/../../../../../H-x86_64-mingw32/nios2-elf/lib/mhw-mulx\libm.a
LOAD c:/altera_lite/15.1/nios2eds/bin/gnu/h-x86_64-mingw32/bin/../lib/gcc/nios2-elf/4.9.2/mhw-mulx\libgcc.a
START GROUP
LOAD c:/altera_lite/15.1/nios2eds/bin/gnu/h-x86_64-mingw32/bin/../lib/gcc/nios2-elf/4.9.2/../../../../../H-x86_64-mingw32/nios2-elf/lib/mhw-mulx\libc.a
LOAD c:/altera_lite/15.1/nios2eds/bin/gnu/h-x86_64-mingw32/bin/../lib/gcc/nios2-elf/4.9.2/mhw-mulx\libgcc.a
LOAD C:/Users/michi/OneDrive/Documenten/GitHub/TRON-NEON_bsp/\libucosii_bsp.a
LOAD c:/altera_lite/15.1/nios2eds/bin/gnu/h-x86_64-mingw32/bin/../lib/gcc/nios2-elf/4.9.2/../../../../../H-x86_64-mingw32/nios2-elf/lib/mhw-mulx\libm.a
END GROUP
LOAD c:/altera_lite/15.1/nios2eds/bin/gnu/h-x86_64-mingw32/bin/../lib/gcc/nios2-elf/4.9.2/mhw-mulx\libgcc.a
                0x0000000000000000                __alt_mem_SDRAM = 0x0
                0x000000000c000000                __alt_mem_Flash_flash_data = 0xc000000

.entry          0x0000000000000000       0x20
 *(.entry)
 .entry         0x0000000000000000       0x20 C:/Users/michi/OneDrive/Documenten/GitHub/TRON-NEON_bsp//obj/HAL/src/crt0.o
                0x0000000000000000                __reset

.exceptions     0x0000000000000020      0x224
                0x0000000000000020                PROVIDE (__ram_exceptions_start, ABSOLUTE (.))
                0x0000000000000020                . = ALIGN (0x20)
 *(.irq)
 *(.exceptions.entry.label)
 .exceptions.entry.label
                0x0000000000000020        0x0 C:/Users/michi/OneDrive/Documenten/GitHub/TRON-NEON_bsp/\libucosii_bsp.a(alt_irq_entry.o)
                0x0000000000000020                alt_irq_entry
 .exceptions.entry.label
                0x0000000000000020        0x0 C:/Users/michi/OneDrive/Documenten/GitHub/TRON-NEON_bsp/\libucosii_bsp.a(alt_exception_entry.o)
                0x0000000000000020                alt_exception
 *(.exceptions.entry.user)
 *(.exceptions.entry.ecc_fatal)
 *(.exceptions.entry)
 .exceptions.entry
                0x0000000000000020       0x54 C:/Users/michi/OneDrive/Documenten/GitHub/TRON-NEON_bsp/\libucosii_bsp.a(alt_exception_entry.o)
 *(.exceptions.irqtest.user)
 *(.exceptions.irqtest)
 .exceptions.irqtest
                0x0000000000000074       0x10 C:/Users/michi/OneDrive/Documenten/GitHub/TRON-NEON_bsp/\libucosii_bsp.a(alt_irq_entry.o)
 *(.exceptions.irqhandler.user)
 *(.exceptions.irqhandler)
 .exceptions.irqhandler
                0x0000000000000084        0x4 C:/Users/michi/OneDrive/Documenten/GitHub/TRON-NEON_bsp/\libucosii_bsp.a(alt_irq_entry.o)
 *(.exceptions.irqreturn.user)
 *(.exceptions.irqreturn)
 .exceptions.irqreturn
                0x0000000000000088        0x4 C:/Users/michi/OneDrive/Documenten/GitHub/TRON-NEON_bsp/\libucosii_bsp.a(alt_irq_entry.o)
 *(.exceptions.notirq.label)
 .exceptions.notirq.label
                0x000000000000008c        0x0 C:/Users/michi/OneDrive/Documenten/GitHub/TRON-NEON_bsp/\libucosii_bsp.a(alt_irq_entry.o)
 *(.exceptions.notirq.user)
 *(.exceptions.notirq)
 .exceptions.notirq
                0x000000000000008c        0x8 C:/Users/michi/OneDrive/Documenten/GitHub/TRON-NEON_bsp/\libucosii_bsp.a(alt_exception_entry.o)
 *(.exceptions.soft.user)
 *(.exceptions.soft)
 *(.exceptions.unknown.user)
 *(.exceptions.unknown)
 .exceptions.unknown
                0x0000000000000094       0x14 C:/Users/michi/OneDrive/Documenten/GitHub/TRON-NEON_bsp/\libucosii_bsp.a(alt_exception_entry.o)
 *(.exceptions.exit.label)
 .exceptions.exit.label
                0x00000000000000a8        0x0 C:/Users/michi/OneDrive/Documenten/GitHub/TRON-NEON_bsp/\libucosii_bsp.a(alt_irq_entry.o)
 .exceptions.exit.label
                0x00000000000000a8        0x0 C:/Users/michi/OneDrive/Documenten/GitHub/TRON-NEON_bsp/\libucosii_bsp.a(alt_exception_entry.o)
 *(.exceptions.exit.user)
 *(.exceptions.exit)
 .exceptions.exit
                0x00000000000000a8       0x54 C:/Users/michi/OneDrive/Documenten/GitHub/TRON-NEON_bsp/\libucosii_bsp.a(alt_exception_entry.o)
 *(.exceptions)
 .exceptions    0x00000000000000fc       0xd4 C:/Users/michi/OneDrive/Documenten/GitHub/TRON-NEON_bsp/\libucosii_bsp.a(alt_irq_handler.o)
                0x00000000000000fc                alt_irq_handler
 .exceptions    0x00000000000001d0       0x74 C:/Users/michi/OneDrive/Documenten/GitHub/TRON-NEON_bsp/\libucosii_bsp.a(alt_instruction_exception_entry.o)
                0x00000000000001d0                alt_instruction_exception_entry
                0x0000000000000244                PROVIDE (__ram_exceptions_end, ABSOLUTE (.))
                0x0000000000000020                PROVIDE (__flash_exceptions_start, LOADADDR (.exceptions))

.text           0x0000000000000244     0xcc04
                0x0000000000000244                PROVIDE (stext, ABSOLUTE (.))
 *(.interp)
 *(.hash)
 *(.dynsym)
 *(.dynstr)
 *(.gnu.version)
 *(.gnu.version_d)
 *(.gnu.version_r)
 *(.rel.init)
 *(.rela.init)
 *(.rel.text .rel.text.* .rel.gnu.linkonce.t.*)
 *(.rela.text .rela.text.* .rela.gnu.linkonce.t.*)
 *(.rel.fini)
 *(.rela.fini)
 *(.rel.rodata .rel.rodata.* .rel.gnu.linkonce.r.*)
 *(.rela.rodata .rela.rodata.* .rela.gnu.linkonce.r.*)
 *(.rel.data .rel.data.* .rel.gnu.linkonce.d.*)
 *(.rela.data .rela.data.* .rela.gnu.linkonce.d.*)
 *(.rel.tdata .rel.tdata.* .rel.gnu.linkonce.td.*)
 *(.rela.tdata .rela.tdata.* .rela.gnu.linkonce.td.*)
 *(.rel.tbss .rel.tbss.* .rel.gnu.linkonce.tb.*)
 *(.rela.tbss .rela.tbss.* .rela.gnu.linkonce.tb.*)
 *(.rel.ctors)
 *(.rela.ctors)
 *(.rel.dtors)
 *(.rela.dtors)
 *(.rel.got)
 *(.rela.got)
 *(.rel.sdata .rel.sdata.* .rel.gnu.linkonce.s.*)
 *(.rela.sdata .rela.sdata.* .rela.gnu.linkonce.s.*)
 *(.rel.sbss .rel.sbss.* .rel.gnu.linkonce.sb.*)
 *(.rela.sbss .rela.sbss.* .rela.gnu.linkonce.sb.*)
 *(.rel.sdata2 .rel.sdata2.* .rel.gnu.linkonce.s2.*)
 *(.rela.sdata2 .rela.sdata2.* .rela.gnu.linkonce.s2.*)
 *(.rel.sbss2 .rel.sbss2.* .rel.gnu.linkonce.sb2.*)
 *(.rela.sbss2 .rela.sbss2.* .rela.gnu.linkonce.sb2.*)
 *(.rel.bss .rel.bss.* .rel.gnu.linkonce.b.*)
 *(.rela.bss .rela.bss.* .rela.gnu.linkonce.b.*)
 *(.rel.plt)
 *(.rela.plt)
 *(.rel.dyn)
 *(.init)
 *(.plt)
 *(.text .stub .text.* .gnu.linkonce.t.*)
 .text          0x0000000000000244       0x3c C:/Users/michi/OneDrive/Documenten/GitHub/TRON-NEON_bsp//obj/HAL/src/crt0.o
                0x0000000000000244                _start
 .text          0x0000000000000280      0x850 obj/default/hello_ucosii.o
                0x0000000000000280                Achtergrond
                0x0000000000000324                task2
                0x0000000000000594                main
                0x000000000000066c                LCD_cursor
                0x00000000000006d4                LCD_text
                0x000000000000073c                LCD_cursor_off
                0x0000000000000770                VGA_text
                0x0000000000000800                VGA_box
                0x00000000000008b4                HEX_PS2
                0x0000000000000a08                check_KEYs
 .text          0x0000000000000ad0        0x0 c:/altera_lite/15.1/nios2eds/bin/gnu/h-x86_64-mingw32/bin/../lib/gcc/nios2-elf/4.9.2/../../../../../H-x86_64-mingw32/nios2-elf/lib/mhw-mulx\libc.a(lib_a-memcpy.o)
 .text.memcpy   0x0000000000000ad0      0x138 c:/altera_lite/15.1/nios2eds/bin/gnu/h-x86_64-mingw32/bin/../lib/gcc/nios2-elf/4.9.2/../../../../../H-x86_64-mingw32/nios2-elf/lib/mhw-mulx\libc.a(lib_a-memcpy.o)
                0x0000000000000ad0                memcpy
 .text          0x0000000000000c08       0xe4 C:/Users/michi/OneDrive/Documenten/GitHub/TRON-NEON_bsp/\libucosii_bsp.a(alt_load.o)
                0x0000000000000c6c                alt_load
 .text          0x0000000000000cec       0xd4 C:/Users/michi/OneDrive/Documenten/GitHub/TRON-NEON_bsp/\libucosii_bsp.a(alt_main.o)
                0x0000000000000cec                alt_main
 .text          0x0000000000000dc0      0x11c C:/Users/michi/OneDrive/Documenten/GitHub/TRON-NEON_bsp/\libucosii_bsp.a(alt_env_lock.o)
                0x0000000000000dc0                __env_lock
                0x0000000000000e80                __env_unlock
 .text          0x0000000000000edc      0x1f0 C:/Users/michi/OneDrive/Documenten/GitHub/TRON-NEON_bsp/\libucosii_bsp.a(alt_malloc_lock.o)
                0x0000000000000edc                __malloc_lock
                0x0000000000000ffc                __malloc_unlock
 .text          0x00000000000010cc     0x1ff0 C:/Users/michi/OneDrive/Documenten/GitHub/TRON-NEON_bsp/\libucosii_bsp.a(os_core.o)
                0x00000000000010cc                OSEventNameGet
                0x00000000000011ec                OSEventNameSet
                0x0000000000001328                OSEventPendMulti
                0x0000000000001938                OSInit
                0x000000000000198c                OSIntEnter
                0x0000000000001a08                OSIntExit
                0x0000000000001afc                OSSchedLock
                0x0000000000001b84                OSSchedUnlock
                0x0000000000001c5c                OSStart
                0x0000000000001cc8                OSStatInit
                0x0000000000001d74                OSTimeTick
                0x0000000000001f90                OSVersion
                0x0000000000001fb0                OS_Dummy
                0x0000000000001fcc                OS_EventTaskRdy
                0x0000000000002164                OS_EventTaskWait
                0x0000000000002270                OS_EventTaskWaitMulti
                0x00000000000023bc                OS_EventTaskRemove
                0x0000000000002470                OS_EventTaskRemoveMulti
                0x000000000000256c                OS_EventWaitListInit
                0x0000000000002930                OS_MemClr
                0x0000000000002980                OS_MemCopy
                0x00000000000029e4                OS_Sched
                0x0000000000002b20                OS_StrCopy
                0x0000000000002b94                OS_StrLen
                0x0000000000002be8                OS_TaskIdle
                0x0000000000002c44                OS_TaskStat
                0x0000000000002d20                OS_TaskStatStkChk
                0x0000000000002de8                OS_TCBInit
 .text          0x00000000000030bc      0x18c C:/Users/michi/OneDrive/Documenten/GitHub/TRON-NEON_bsp/\libucosii_bsp.a(os_dbg.o)
                0x00000000000030bc                OSDebugInit
 .text          0x0000000000003248     0x181c C:/Users/michi/OneDrive/Documenten/GitHub/TRON-NEON_bsp/\libucosii_bsp.a(os_flag.o)
                0x0000000000003248                OSFlagAccept
                0x0000000000003550                OSFlagCreate
                0x0000000000003678                OSFlagDel
                0x00000000000038e8                OSFlagNameGet
                0x0000000000003a18                OSFlagNameSet
                0x0000000000003b68                OSFlagPend
                0x0000000000004158                OSFlagPendGetFlagsRdy
                0x00000000000041c0                OSFlagPost
                0x0000000000004548                OSFlagQuery
                0x00000000000047d0                OS_FlagInit
                0x00000000000049c4                OS_FlagUnlink
 .text          0x0000000000004a64      0x784 C:/Users/michi/OneDrive/Documenten/GitHub/TRON-NEON_bsp/\libucosii_bsp.a(os_mem.o)
                0x0000000000004a64                OSMemCreate
                0x0000000000004c58                OSMemGet
                0x0000000000004d48                OSMemNameGet
                0x0000000000004e40                OSMemNameSet
                0x0000000000004f58                OSMemPut
                0x0000000000005030                OSMemQuery
                0x0000000000005118                OS_MemInit
 .text          0x00000000000051e8     0x1210 C:/Users/michi/OneDrive/Documenten/GitHub/TRON-NEON_bsp/\libucosii_bsp.a(os_q.o)
                0x00000000000051e8                OSQAccept
                0x0000000000005328                OSQCreate
                0x0000000000005524                OSQDel
                0x00000000000057ec                OSQFlush
                0x00000000000058a4                OSQPend
                0x0000000000005ba0                OSQPendAbort
                0x0000000000005d0c                OSQPost
                0x0000000000005e74                OSQPostFront
                0x0000000000005fe4                OSQPostOpt
                0x00000000000061f0                OSQQuery
                0x000000000000634c                OS_QInit
 .text          0x00000000000063f8      0xb08 C:/Users/michi/OneDrive/Documenten/GitHub/TRON-NEON_bsp/\libucosii_bsp.a(os_sem.o)
                0x00000000000063f8                OSSemAccept
                0x00000000000064a8                OSSemCreate
                0x00000000000065a8                OSSemDel
                0x0000000000006810                OSSemPend
                0x0000000000006a78                OSSemPendAbort
                0x0000000000006be4                OSSemPost
                0x0000000000006cf4                OSSemQuery
                0x0000000000006e04                OSSemSet
 .text          0x0000000000006f00     0x18f4 C:/Users/michi/OneDrive/Documenten/GitHub/TRON-NEON_bsp/\libucosii_bsp.a(os_task.o)
                0x0000000000006f00                OSTaskChangePrio
                0x0000000000007440                OSTaskCreate
                0x00000000000075fc                OSTaskCreateExt
                0x00000000000077e8                OSTaskDel
                0x0000000000007bc8                OSTaskDelReq
                0x0000000000007d20                OSTaskNameGet
                0x0000000000007ec8                OSTaskNameSet
                0x0000000000008088                OSTaskResume
                0x0000000000008280                OSTaskStkChk
                0x0000000000008448                OSTaskSuspend
                0x000000000000865c                OSTaskQuery
                0x0000000000008788                OS_TaskStkClr
 .text          0x00000000000087f4      0x568 C:/Users/michi/OneDrive/Documenten/GitHub/TRON-NEON_bsp/\libucosii_bsp.a(os_time.o)
                0x00000000000087f4                OSTimeDly
                0x000000000000893c                OSTimeDlyHMSM
                0x0000000000008aa4                OSTimeDlyResume
                0x0000000000008c94                OSTimeGet
                0x0000000000008cf8                OSTimeSet
 .text          0x0000000000008d5c      0x444 C:/Users/michi/OneDrive/Documenten/GitHub/TRON-NEON_bsp/\libucosii_bsp.a(alt_sys_init.o)
                0x0000000000008d94                alt_irq_init
                0x0000000000008dc8                alt_sys_init
 .text          0x00000000000091a0      0x164 C:/Users/michi/OneDrive/Documenten/GitHub/TRON-NEON_bsp/\libucosii_bsp.a(altera_avalon_jtag_uart_fd.o)
                0x00000000000091a0                altera_avalon_jtag_uart_read_fd
                0x0000000000009200                altera_avalon_jtag_uart_write_fd
                0x0000000000009260                altera_avalon_jtag_uart_close_fd
                0x00000000000092b0                altera_avalon_jtag_uart_ioctl_fd
 .text          0x0000000000009304      0x560 C:/Users/michi/OneDrive/Documenten/GitHub/TRON-NEON_bsp/\libucosii_bsp.a(altera_avalon_jtag_uart_init.o)
                0x0000000000009304                altera_avalon_jtag_uart_init
                0x00000000000097fc                altera_avalon_jtag_uart_close
 .text          0x0000000000009864       0xec C:/Users/michi/OneDrive/Documenten/GitHub/TRON-NEON_bsp/\libucosii_bsp.a(altera_avalon_jtag_uart_ioctl.o)
                0x0000000000009864                altera_avalon_jtag_uart_ioctl
 .text          0x0000000000009950      0x2b4 C:/Users/michi/OneDrive/Documenten/GitHub/TRON-NEON_bsp/\libucosii_bsp.a(altera_avalon_jtag_uart_read.o)
                0x0000000000009950                altera_avalon_jtag_uart_read
 .text          0x0000000000009c04      0x2c0 C:/Users/michi/OneDrive/Documenten/GitHub/TRON-NEON_bsp/\libucosii_bsp.a(altera_avalon_jtag_uart_write.o)
                0x0000000000009c04                altera_avalon_jtag_uart_write
 .text          0x0000000000009ec4       0xf8 C:/Users/michi/OneDrive/Documenten/GitHub/TRON-NEON_bsp/\libucosii_bsp.a(altera_avalon_timer_sc.o)
                0x0000000000009f3c                alt_avalon_timer_sc_init
 .text          0x0000000000009fbc      0x4d8 C:/Users/michi/OneDrive/Documenten/GitHub/TRON-NEON_bsp/\libucosii_bsp.a(altera_up_avalon_character_lcd.o)
                0x0000000000009fbc                get_DDRAM_addr
                0x000000000000a030                alt_up_character_lcd_send_cmd
                0x000000000000a06c                alt_up_character_lcd_init
                0x000000000000a0a0                alt_up_character_lcd_open_dev
                0x000000000000a0e0                alt_up_character_lcd_write
                0x000000000000a158                alt_up_character_lcd_string
                0x000000000000a1cc                alt_up_character_lcd_write_fd
                0x000000000000a21c                alt_up_character_lcd_set_cursor_pos
                0x000000000000a290                alt_up_character_lcd_shift_cursor
                0x000000000000a318                alt_up_character_lcd_shift_display
                0x000000000000a3a0                alt_up_character_lcd_erase_pos
                0x000000000000a42c                alt_up_character_lcd_cursor_off
                0x000000000000a460                alt_up_character_lcd_cursor_blink_on
 .text          0x000000000000a494      0x388 C:/Users/michi/OneDrive/Documenten/GitHub/TRON-NEON_bsp/\libucosii_bsp.a(altera_up_avalon_irda.o)
                0x000000000000a494                alt_up_irda_enable_read_interrupt
                0x000000000000a4ec                alt_up_irda_disable_read_interrupt
                0x000000000000a548                alt_up_irda_get_used_space_in_read_FIFO
                0x000000000000a588                alt_up_irda_get_available_space_in_write_FIFO
                0x000000000000a5c4                alt_up_irda_check_parity
                0x000000000000a608                alt_up_irda_write_data
                0x000000000000a648                alt_up_irda_read_data
                0x000000000000a6bc                alt_up_irda_read_fd
                0x000000000000a74c                alt_up_irda_write_fd
                0x000000000000a7dc                alt_up_irda_open_dev
 .text          0x000000000000a81c      0x6b4 C:/Users/michi/OneDrive/Documenten/GitHub/TRON-NEON_bsp/\libucosii_bsp.a(altera_up_avalon_ps2.o)
                0x000000000000a81c                read_RI_bit
                0x000000000000a850                read_RE_bit
                0x000000000000a880                read_CE_bit
                0x000000000000a8b4                read_num_bytes_available
                0x000000000000a8e4                read_data_valid
                0x000000000000a918                read_data_byte
                0x000000000000a944                alt_up_ps2_init
                0x000000000000aa08                alt_up_ps2_enable_read_interrupt
                0x000000000000aa60                alt_up_ps2_disable_read_interrupt
                0x000000000000aabc                alt_up_ps2_write_data_byte
                0x000000000000ab30                alt_up_ps2_wait_for_ack
                0x000000000000aba0                alt_up_ps2_write_data_byte_with_ack
                0x000000000000ac04                alt_up_ps2_read_data_byte_timeout
                0x000000000000aca8                alt_up_ps2_read_data_byte
                0x000000000000ad18                alt_up_ps2_clear_fifo
                0x000000000000ad6c                alt_up_ps2_read_fd
                0x000000000000adf8                alt_up_ps2_write_fd
                0x000000000000ae90                alt_up_ps2_open_dev
 .text          0x000000000000aed0      0x38c C:/Users/michi/OneDrive/Documenten/GitHub/TRON-NEON_bsp/\libucosii_bsp.a(altera_up_avalon_rs232.o)
                0x000000000000aed0                alt_up_rs232_enable_read_interrupt
                0x000000000000af28                alt_up_rs232_disable_read_interrupt
                0x000000000000af84                alt_up_rs232_get_used_space_in_read_FIFO
                0x000000000000afc4                alt_up_rs232_get_available_space_in_write_FIFO
                0x000000000000b000                alt_up_rs232_check_parity
                0x000000000000b044                alt_up_rs232_write_data
                0x000000000000b084                alt_up_rs232_read_data
                0x000000000000b0f8                alt_up_rs232_read_fd
                0x000000000000b188                alt_up_rs232_write_fd
                0x000000000000b21c                alt_up_rs232_open_dev
 .text          0x000000000000b25c      0x2e8 C:/Users/michi/OneDrive/Documenten/GitHub/TRON-NEON_bsp/\libucosii_bsp.a(altera_up_avalon_video_character_buffer_with_dma.o)
                0x000000000000b25c                alt_up_char_buffer_init
                0x000000000000b2dc                alt_up_char_buffer_open_dev
                0x000000000000b31c                alt_up_char_buffer_draw
                0x000000000000b3e8                alt_up_char_buffer_string
                0x000000000000b4e8                alt_up_char_buffer_clear
 .text          0x000000000000b544      0x140 C:/Users/michi/OneDrive/Documenten/GitHub/TRON-NEON_bsp/\libucosii_bsp.a(alt_alarm_start.o)
                0x000000000000b544                alt_alarm_start
 .text          0x000000000000b684      0x120 C:/Users/michi/OneDrive/Documenten/GitHub/TRON-NEON_bsp/\libucosii_bsp.a(alt_close.o)
                0x000000000000b6d4                close
 .text          0x000000000000b7a4       0x1c C:/Users/michi/OneDrive/Documenten/GitHub/TRON-NEON_bsp/\libucosii_bsp.a(alt_dcache_flush_all.o)
                0x000000000000b7a4                alt_dcache_flush_all
 .text          0x000000000000b7c0       0x2c C:/Users/michi/OneDrive/Documenten/GitHub/TRON-NEON_bsp/\libucosii_bsp.a(alt_dev.o)
 .text          0x000000000000b7ec       0xf4 C:/Users/michi/OneDrive/Documenten/GitHub/TRON-NEON_bsp/\libucosii_bsp.a(alt_dev_llist_insert.o)
                0x000000000000b83c                alt_dev_llist_insert
 .text          0x000000000000b8e0       0x5c C:/Users/michi/OneDrive/Documenten/GitHub/TRON-NEON_bsp/\libucosii_bsp.a(alt_do_ctors.o)
                0x000000000000b8e0                _do_ctors
 .text          0x000000000000b93c       0x5c C:/Users/michi/OneDrive/Documenten/GitHub/TRON-NEON_bsp/\libucosii_bsp.a(alt_do_dtors.o)
                0x000000000000b93c                _do_dtors
 .text          0x000000000000b998        0x0 C:/Users/michi/OneDrive/Documenten/GitHub/TRON-NEON_bsp/\libucosii_bsp.a(alt_errno.o)
 .text          0x000000000000b998       0x90 C:/Users/michi/OneDrive/Documenten/GitHub/TRON-NEON_bsp/\libucosii_bsp.a(alt_find_dev.o)
                0x000000000000b998                alt_find_dev
 .text          0x000000000000ba28       0x30 C:/Users/michi/OneDrive/Documenten/GitHub/TRON-NEON_bsp/\libucosii_bsp.a(alt_icache_flush_all.o)
                0x000000000000ba28                alt_icache_flush_all
 .text          0x000000000000ba58      0x138 C:/Users/michi/OneDrive/Documenten/GitHub/TRON-NEON_bsp/\libucosii_bsp.a(alt_io_redirect.o)
                0x000000000000bb18                alt_io_redirect
 .text          0x000000000000bb90      0x1b0 C:/Users/michi/OneDrive/Documenten/GitHub/TRON-NEON_bsp/\libucosii_bsp.a(alt_irq_register.o)
                0x000000000000bb90                alt_irq_register
 .text          0x000000000000bd40        0x0 C:/Users/michi/OneDrive/Documenten/GitHub/TRON-NEON_bsp/\libucosii_bsp.a(alt_irq_vars.o)
 .text          0x000000000000bd40      0x274 C:/Users/michi/OneDrive/Documenten/GitHub/TRON-NEON_bsp/\libucosii_bsp.a(alt_open.o)
                0x000000000000be5c                open
 .text          0x000000000000bfb4       0x60 C:/Users/michi/OneDrive/Documenten/GitHub/TRON-NEON_bsp/\libucosii_bsp.a(alt_release_fd.o)
                0x000000000000bfb4                alt_release_fd
 .text          0x000000000000c014      0x19c C:/Users/michi/OneDrive/Documenten/GitHub/TRON-NEON_bsp/\libucosii_bsp.a(alt_tick.o)
                0x000000000000c014                alt_alarm_stop
                0x000000000000c0ac                alt_tick
 .text          0x000000000000c1b0       0x20 C:/Users/michi/OneDrive/Documenten/GitHub/TRON-NEON_bsp/\libucosii_bsp.a(altera_nios2_gen2_irq.o)
                0x000000000000c1b0                altera_nios2_gen2_irq_init
 .text          0x000000000000c1d0       0xd0 C:/Users/michi/OneDrive/Documenten/GitHub/TRON-NEON_bsp/\libucosii_bsp.a(os_cpu_a.o)
                0x000000000000c1d0                OSCtxSw
                0x000000000000c1d0                OSIntCtxSw
                0x000000000000c25c                OSStartHighRdy
                0x000000000000c27c                OSStartTsk
 .text          0x000000000000c2a0      0x264 C:/Users/michi/OneDrive/Documenten/GitHub/TRON-NEON_bsp/\libucosii_bsp.a(os_cpu_c.o)
                0x000000000000c2a0                OSTaskStkInit
                0x000000000000c3fc                OSTaskCreateHook
                0x000000000000c41c                OSTaskDelHook
                0x000000000000c43c                OSTaskSwHook
                0x000000000000c458                OSTaskStatHook
                0x000000000000c474                OSTimeTickHook
                0x000000000000c490                OSInitHookBegin
                0x000000000000c4ac                OSInitHookEnd
                0x000000000000c4c8                OSTaskIdleHook
                0x000000000000c4e4                OSTCBInitHook
 .text          0x000000000000c504      0x114 C:/Users/michi/OneDrive/Documenten/GitHub/TRON-NEON_bsp/\libucosii_bsp.a(alt_find_file.o)
                0x000000000000c504                alt_find_file
 .text          0x000000000000c618       0xfc C:/Users/michi/OneDrive/Documenten/GitHub/TRON-NEON_bsp/\libucosii_bsp.a(alt_get_fd.o)
                0x000000000000c618                alt_get_fd
 .text          0x000000000000c714       0x8c C:/Users/michi/OneDrive/Documenten/GitHub/TRON-NEON_bsp/\libucosii_bsp.a(alt_icache_flush.o)
                0x000000000000c714                alt_icache_flush
 .text          0x000000000000c7a0        0x0 C:/Users/michi/OneDrive/Documenten/GitHub/TRON-NEON_bsp/\libucosii_bsp.a(alt_irq_entry.o)
 .text          0x000000000000c7a0        0x0 C:/Users/michi/OneDrive/Documenten/GitHub/TRON-NEON_bsp/\libucosii_bsp.a(alt_irq_handler.o)
 .text          0x000000000000c7a0        0x0 C:/Users/michi/OneDrive/Documenten/GitHub/TRON-NEON_bsp/\libucosii_bsp.a(alt_exception_entry.o)
 .text          0x000000000000c7a0       0x9c C:/Users/michi/OneDrive/Documenten/GitHub/TRON-NEON_bsp/\libucosii_bsp.a(alt_instruction_exception_entry.o)
                0x000000000000c7a0                alt_exception_cause_generated_bad_addr
 .text          0x000000000000c83c        0x0 c:/altera_lite/15.1/nios2eds/bin/gnu/h-x86_64-mingw32/bin/../lib/gcc/nios2-elf/4.9.2/../../../../../H-x86_64-mingw32/nios2-elf/lib/mhw-mulx\libc.a(lib_a-atexit.o)
 .text.atexit   0x000000000000c83c       0x14 c:/altera_lite/15.1/nios2eds/bin/gnu/h-x86_64-mingw32/bin/../lib/gcc/nios2-elf/4.9.2/../../../../../H-x86_64-mingw32/nios2-elf/lib/mhw-mulx\libc.a(lib_a-atexit.o)
                0x000000000000c83c                atexit
 .text          0x000000000000c850        0x0 c:/altera_lite/15.1/nios2eds/bin/gnu/h-x86_64-mingw32/bin/../lib/gcc/nios2-elf/4.9.2/../../../../../H-x86_64-mingw32/nios2-elf/lib/mhw-mulx\libc.a(lib_a-exit.o)
 .text.exit     0x000000000000c850       0x38 c:/altera_lite/15.1/nios2eds/bin/gnu/h-x86_64-mingw32/bin/../lib/gcc/nios2-elf/4.9.2/../../../../../H-x86_64-mingw32/nios2-elf/lib/mhw-mulx\libc.a(lib_a-exit.o)
                0x000000000000c850                exit
 .text          0x000000000000c888        0x0 c:/altera_lite/15.1/nios2eds/bin/gnu/h-x86_64-mingw32/bin/../lib/gcc/nios2-elf/4.9.2/../../../../../H-x86_64-mingw32/nios2-elf/lib/mhw-mulx\libc.a(lib_a-impure.o)
 .text          0x000000000000c888        0x0 c:/altera_lite/15.1/nios2eds/bin/gnu/h-x86_64-mingw32/bin/../lib/gcc/nios2-elf/4.9.2/../../../../../H-x86_64-mingw32/nios2-elf/lib/mhw-mulx\libc.a(lib_a-int_errno.o)
 .text          0x000000000000c888        0x0 c:/altera_lite/15.1/nios2eds/bin/gnu/h-x86_64-mingw32/bin/../lib/gcc/nios2-elf/4.9.2/../../../../../H-x86_64-mingw32/nios2-elf/lib/mhw-mulx\libc.a(lib_a-memcmp.o)
 .text.memcmp   0x000000000000c888       0x7c c:/altera_lite/15.1/nios2eds/bin/gnu/h-x86_64-mingw32/bin/../lib/gcc/nios2-elf/4.9.2/../../../../../H-x86_64-mingw32/nios2-elf/lib/mhw-mulx\libc.a(lib_a-memcmp.o)
                0x000000000000c888                memcmp
 .text          0x000000000000c904        0x0 c:/altera_lite/15.1/nios2eds/bin/gnu/h-x86_64-mingw32/bin/../lib/gcc/nios2-elf/4.9.2/../../../../../H-x86_64-mingw32/nios2-elf/lib/mhw-mulx\libc.a(lib_a-memset.o)
 .text.memset   0x000000000000c904      0x124 c:/altera_lite/15.1/nios2eds/bin/gnu/h-x86_64-mingw32/bin/../lib/gcc/nios2-elf/4.9.2/../../../../../H-x86_64-mingw32/nios2-elf/lib/mhw-mulx\libc.a(lib_a-memset.o)
                0x000000000000c904                memset
 .text          0x000000000000ca28        0x0 c:/altera_lite/15.1/nios2eds/bin/gnu/h-x86_64-mingw32/bin/../lib/gcc/nios2-elf/4.9.2/../../../../../H-x86_64-mingw32/nios2-elf/lib/mhw-mulx\libc.a(lib_a-strcmp.o)
 .text.strcmp   0x000000000000ca28       0xa4 c:/altera_lite/15.1/nios2eds/bin/gnu/h-x86_64-mingw32/bin/../lib/gcc/nios2-elf/4.9.2/../../../../../H-x86_64-mingw32/nios2-elf/lib/mhw-mulx\libc.a(lib_a-strcmp.o)
                0x000000000000ca28                strcmp
 .text          0x000000000000cacc        0x0 c:/altera_lite/15.1/nios2eds/bin/gnu/h-x86_64-mingw32/bin/../lib/gcc/nios2-elf/4.9.2/../../../../../H-x86_64-mingw32/nios2-elf/lib/mhw-mulx\libc.a(lib_a-strlen.o)
 .text.strlen   0x000000000000cacc       0x98 c:/altera_lite/15.1/nios2eds/bin/gnu/h-x86_64-mingw32/bin/../lib/gcc/nios2-elf/4.9.2/../../../../../H-x86_64-mingw32/nios2-elf/lib/mhw-mulx\libc.a(lib_a-strlen.o)
                0x000000000000cacc                strlen
 .text          0x000000000000cb64        0x0 c:/altera_lite/15.1/nios2eds/bin/gnu/h-x86_64-mingw32/bin/../lib/gcc/nios2-elf/4.9.2/../../../../../H-x86_64-mingw32/nios2-elf/lib/mhw-mulx\libc.a(lib_a-__atexit.o)
 .text.__register_exitproc
                0x000000000000cb64      0x114 c:/altera_lite/15.1/nios2eds/bin/gnu/h-x86_64-mingw32/bin/../lib/gcc/nios2-elf/4.9.2/../../../../../H-x86_64-mingw32/nios2-elf/lib/mhw-mulx\libc.a(lib_a-__atexit.o)
                0x000000000000cb64                __register_exitproc
 .text          0x000000000000cc78        0x0 c:/altera_lite/15.1/nios2eds/bin/gnu/h-x86_64-mingw32/bin/../lib/gcc/nios2-elf/4.9.2/../../../../../H-x86_64-mingw32/nios2-elf/lib/mhw-mulx\libc.a(lib_a-__call_atexit.o)
 .text.__call_exitprocs
                0x000000000000cc78      0x194 c:/altera_lite/15.1/nios2eds/bin/gnu/h-x86_64-mingw32/bin/../lib/gcc/nios2-elf/4.9.2/../../../../../H-x86_64-mingw32/nios2-elf/lib/mhw-mulx\libc.a(lib_a-__call_atexit.o)
                0x000000000000cc78                __call_exitprocs
 .text          0x000000000000ce0c       0x3c C:/Users/michi/OneDrive/Documenten/GitHub/TRON-NEON_bsp/\libucosii_bsp.a(alt_exit.o)
                0x000000000000ce0c                _exit
 *(.gnu.warning.*)
 *(.fini)
                0x000000000000ce48                PROVIDE (__etext, ABSOLUTE (.))
                0x000000000000ce48                PROVIDE (_etext, ABSOLUTE (.))
                0x000000000000ce48                PROVIDE (etext, ABSOLUTE (.))
 *(.eh_frame_hdr)
                0x000000000000ce48                . = ALIGN (0x4)
                0x000000000000ce48                PROVIDE (__preinit_array_start, ABSOLUTE (.))
 *(.preinit_array)
                0x000000000000ce48                PROVIDE (__preinit_array_end, ABSOLUTE (.))
                0x000000000000ce48                PROVIDE (__init_array_start, ABSOLUTE (.))
 *(.init_array)
                0x000000000000ce48                PROVIDE (__init_array_end, ABSOLUTE (.))
                0x000000000000ce48                PROVIDE (__fini_array_start, ABSOLUTE (.))
 *(.fini_array)
                0x000000000000ce48                PROVIDE (__fini_array_end, ABSOLUTE (.))
 *(.eh_frame)
 *(.gcc_except_table .gcc_except_table.*)
 *(.dynamic)
                0x000000000000ce48                PROVIDE (__CTOR_LIST__, ABSOLUTE (.))
 *(.ctors)
 *(SORT(.ctors.*))
                0x000000000000ce48                PROVIDE (__CTOR_END__, ABSOLUTE (.))
                0x000000000000ce48                PROVIDE (__DTOR_LIST__, ABSOLUTE (.))
 *(.dtors)
 *(SORT(.dtors.*))
                0x000000000000ce48                PROVIDE (__DTOR_END__, ABSOLUTE (.))
 *(.jcr)
                0x000000000000ce48                . = ALIGN (0x4)

.rodata         0x000000000000ce48      0x300
                0x000000000000ce48                PROVIDE (__ram_rodata_start, ABSOLUTE (.))
                0x000000000000ce48                . = ALIGN (0x4)
 *(.rodata .rodata.* .gnu.linkonce.r.*)
 .rodata        0x000000000000ce48       0x10 obj/default/hello_ucosii.o
 .rodata        0x000000000000ce58       0x10 C:/Users/michi/OneDrive/Documenten/GitHub/TRON-NEON_bsp/\libucosii_bsp.a(alt_main.o)
 .rodata        0x000000000000ce68      0x120 C:/Users/michi/OneDrive/Documenten/GitHub/TRON-NEON_bsp/\libucosii_bsp.a(os_core.o)
                0x000000000000ce68                OSUnMapTbl
 .rodata        0x000000000000cf88      0x190 C:/Users/michi/OneDrive/Documenten/GitHub/TRON-NEON_bsp/\libucosii_bsp.a(alt_sys_init.o)
 .rodata        0x000000000000d118       0x1c C:/Users/michi/OneDrive/Documenten/GitHub/TRON-NEON_bsp/\libucosii_bsp.a(altera_up_avalon_video_character_buffer_with_dma.o)
 .rodata        0x000000000000d134        0xc C:/Users/michi/OneDrive/Documenten/GitHub/TRON-NEON_bsp/\libucosii_bsp.a(alt_dev.o)
 .rodata        0x000000000000d140        0x4 C:/Users/michi/OneDrive/Documenten/GitHub/TRON-NEON_bsp/\libucosii_bsp.a(os_cpu_c.o)
 .rodata.str1.4
                0x000000000000d144        0x4 c:/altera_lite/15.1/nios2eds/bin/gnu/h-x86_64-mingw32/bin/../lib/gcc/nios2-elf/4.9.2/../../../../../H-x86_64-mingw32/nios2-elf/lib/mhw-mulx\libc.a(lib_a-impure.o)
 *(.rodata1)
                0x000000000000d148                . = ALIGN (0x4)
                0x000000000000d148                PROVIDE (__ram_rodata_end, ABSOLUTE (.))
                0x000000000000ce48                PROVIDE (__flash_rodata_start, LOADADDR (.rodata))

.rwdata         0x000000000000d148     0x1a64 load address 0x000000000000ebac
                0x000000000000d148                PROVIDE (__ram_rwdata_start, ABSOLUTE (.))
                0x000000000000d148                . = ALIGN (0x4)
 *(.got.plt)
 *(.got)
 *(.data1)
 *(.data .data.* .gnu.linkonce.d.*)
 .data          0x000000000000d148        0x0 C:/Users/michi/OneDrive/Documenten/GitHub/TRON-NEON_bsp//obj/HAL/src/crt0.o
 .data          0x000000000000d148        0x0 obj/default/hello_ucosii.o
 .data          0x000000000000d148        0x0 c:/altera_lite/15.1/nios2eds/bin/gnu/h-x86_64-mingw32/bin/../lib/gcc/nios2-elf/4.9.2/../../../../../H-x86_64-mingw32/nios2-elf/lib/mhw-mulx\libc.a(lib_a-memcpy.o)
 .data          0x000000000000d148        0x0 C:/Users/michi/OneDrive/Documenten/GitHub/TRON-NEON_bsp/\libucosii_bsp.a(alt_load.o)
 .data          0x000000000000d148        0x0 C:/Users/michi/OneDrive/Documenten/GitHub/TRON-NEON_bsp/\libucosii_bsp.a(alt_main.o)
 .data          0x000000000000d148        0x0 C:/Users/michi/OneDrive/Documenten/GitHub/TRON-NEON_bsp/\libucosii_bsp.a(alt_env_lock.o)
 .data          0x000000000000d148        0x0 C:/Users/michi/OneDrive/Documenten/GitHub/TRON-NEON_bsp/\libucosii_bsp.a(alt_malloc_lock.o)
 .data          0x000000000000d148        0x0 C:/Users/michi/OneDrive/Documenten/GitHub/TRON-NEON_bsp/\libucosii_bsp.a(os_core.o)
 .data          0x000000000000d148        0x0 C:/Users/michi/OneDrive/Documenten/GitHub/TRON-NEON_bsp/\libucosii_bsp.a(os_dbg.o)
 .data          0x000000000000d148        0x0 C:/Users/michi/OneDrive/Documenten/GitHub/TRON-NEON_bsp/\libucosii_bsp.a(os_flag.o)
 .data          0x000000000000d148        0x0 C:/Users/michi/OneDrive/Documenten/GitHub/TRON-NEON_bsp/\libucosii_bsp.a(os_mem.o)
 .data          0x000000000000d148        0x0 C:/Users/michi/OneDrive/Documenten/GitHub/TRON-NEON_bsp/\libucosii_bsp.a(os_q.o)
 .data          0x000000000000d148        0x0 C:/Users/michi/OneDrive/Documenten/GitHub/TRON-NEON_bsp/\libucosii_bsp.a(os_sem.o)
 .data          0x000000000000d148        0x0 C:/Users/michi/OneDrive/Documenten/GitHub/TRON-NEON_bsp/\libucosii_bsp.a(os_task.o)
 .data          0x000000000000d148        0x0 C:/Users/michi/OneDrive/Documenten/GitHub/TRON-NEON_bsp/\libucosii_bsp.a(os_time.o)
 .data          0x000000000000d148     0x13f0 C:/Users/michi/OneDrive/Documenten/GitHub/TRON-NEON_bsp/\libucosii_bsp.a(alt_sys_init.o)
 .data          0x000000000000e538        0x0 C:/Users/michi/OneDrive/Documenten/GitHub/TRON-NEON_bsp/\libucosii_bsp.a(altera_avalon_jtag_uart_fd.o)
 .data          0x000000000000e538        0x0 C:/Users/michi/OneDrive/Documenten/GitHub/TRON-NEON_bsp/\libucosii_bsp.a(altera_avalon_jtag_uart_init.o)
 .data          0x000000000000e538        0x0 C:/Users/michi/OneDrive/Documenten/GitHub/TRON-NEON_bsp/\libucosii_bsp.a(altera_avalon_jtag_uart_ioctl.o)
 .data          0x000000000000e538        0x0 C:/Users/michi/OneDrive/Documenten/GitHub/TRON-NEON_bsp/\libucosii_bsp.a(altera_avalon_jtag_uart_read.o)
 .data          0x000000000000e538        0x0 C:/Users/michi/OneDrive/Documenten/GitHub/TRON-NEON_bsp/\libucosii_bsp.a(altera_avalon_jtag_uart_write.o)
 .data          0x000000000000e538        0x0 C:/Users/michi/OneDrive/Documenten/GitHub/TRON-NEON_bsp/\libucosii_bsp.a(altera_avalon_timer_sc.o)
 .data          0x000000000000e538        0x0 C:/Users/michi/OneDrive/Documenten/GitHub/TRON-NEON_bsp/\libucosii_bsp.a(altera_up_avalon_character_lcd.o)
 .data          0x000000000000e538        0x0 C:/Users/michi/OneDrive/Documenten/GitHub/TRON-NEON_bsp/\libucosii_bsp.a(altera_up_avalon_irda.o)
 .data          0x000000000000e538        0x0 C:/Users/michi/OneDrive/Documenten/GitHub/TRON-NEON_bsp/\libucosii_bsp.a(altera_up_avalon_ps2.o)
 .data          0x000000000000e538        0x0 C:/Users/michi/OneDrive/Documenten/GitHub/TRON-NEON_bsp/\libucosii_bsp.a(altera_up_avalon_rs232.o)
 .data          0x000000000000e538        0x0 C:/Users/michi/OneDrive/Documenten/GitHub/TRON-NEON_bsp/\libucosii_bsp.a(altera_up_avalon_video_character_buffer_with_dma.o)
 .data          0x000000000000e538        0x0 C:/Users/michi/OneDrive/Documenten/GitHub/TRON-NEON_bsp/\libucosii_bsp.a(alt_alarm_start.o)
 .data          0x000000000000e538        0x0 C:/Users/michi/OneDrive/Documenten/GitHub/TRON-NEON_bsp/\libucosii_bsp.a(alt_close.o)
 .data          0x000000000000e538        0x0 C:/Users/michi/OneDrive/Documenten/GitHub/TRON-NEON_bsp/\libucosii_bsp.a(alt_dcache_flush_all.o)
 .data          0x000000000000e538      0x1a8 C:/Users/michi/OneDrive/Documenten/GitHub/TRON-NEON_bsp/\libucosii_bsp.a(alt_dev.o)
                0x000000000000e538                alt_dev_null
                0x000000000000e560                alt_fd_list
 .data          0x000000000000e6e0        0x0 C:/Users/michi/OneDrive/Documenten/GitHub/TRON-NEON_bsp/\libucosii_bsp.a(alt_dev_llist_insert.o)
 .data          0x000000000000e6e0        0x0 C:/Users/michi/OneDrive/Documenten/GitHub/TRON-NEON_bsp/\libucosii_bsp.a(alt_do_ctors.o)
 .data          0x000000000000e6e0        0x0 C:/Users/michi/OneDrive/Documenten/GitHub/TRON-NEON_bsp/\libucosii_bsp.a(alt_do_dtors.o)
 .data          0x000000000000e6e0        0x0 C:/Users/michi/OneDrive/Documenten/GitHub/TRON-NEON_bsp/\libucosii_bsp.a(alt_errno.o)
 .data          0x000000000000e6e0        0x0 C:/Users/michi/OneDrive/Documenten/GitHub/TRON-NEON_bsp/\libucosii_bsp.a(alt_find_dev.o)
 .data          0x000000000000e6e0        0x0 C:/Users/michi/OneDrive/Documenten/GitHub/TRON-NEON_bsp/\libucosii_bsp.a(alt_icache_flush_all.o)
 .data          0x000000000000e6e0        0x0 C:/Users/michi/OneDrive/Documenten/GitHub/TRON-NEON_bsp/\libucosii_bsp.a(alt_io_redirect.o)
 .data          0x000000000000e6e0        0x0 C:/Users/michi/OneDrive/Documenten/GitHub/TRON-NEON_bsp/\libucosii_bsp.a(alt_irq_register.o)
 .data          0x000000000000e6e0        0x0 C:/Users/michi/OneDrive/Documenten/GitHub/TRON-NEON_bsp/\libucosii_bsp.a(alt_irq_vars.o)
 .data          0x000000000000e6e0        0x0 C:/Users/michi/OneDrive/Documenten/GitHub/TRON-NEON_bsp/\libucosii_bsp.a(alt_open.o)
 .data          0x000000000000e6e0        0x0 C:/Users/michi/OneDrive/Documenten/GitHub/TRON-NEON_bsp/\libucosii_bsp.a(alt_release_fd.o)
 .data          0x000000000000e6e0        0x0 C:/Users/michi/OneDrive/Documenten/GitHub/TRON-NEON_bsp/\libucosii_bsp.a(alt_tick.o)
 .data          0x000000000000e6e0        0x0 C:/Users/michi/OneDrive/Documenten/GitHub/TRON-NEON_bsp/\libucosii_bsp.a(altera_nios2_gen2_irq.o)
 .data          0x000000000000e6e0        0x0 C:/Users/michi/OneDrive/Documenten/GitHub/TRON-NEON_bsp/\libucosii_bsp.a(os_cpu_a.o)
 .data          0x000000000000e6e0        0x0 C:/Users/michi/OneDrive/Documenten/GitHub/TRON-NEON_bsp/\libucosii_bsp.a(os_cpu_c.o)
 .data          0x000000000000e6e0        0x0 C:/Users/michi/OneDrive/Documenten/GitHub/TRON-NEON_bsp/\libucosii_bsp.a(alt_find_file.o)
 .data          0x000000000000e6e0        0x0 C:/Users/michi/OneDrive/Documenten/GitHub/TRON-NEON_bsp/\libucosii_bsp.a(alt_get_fd.o)
 .data          0x000000000000e6e0        0x0 C:/Users/michi/OneDrive/Documenten/GitHub/TRON-NEON_bsp/\libucosii_bsp.a(alt_icache_flush.o)
 .data          0x000000000000e6e0        0x0 C:/Users/michi/OneDrive/Documenten/GitHub/TRON-NEON_bsp/\libucosii_bsp.a(alt_irq_entry.o)
 .data          0x000000000000e6e0        0x0 C:/Users/michi/OneDrive/Documenten/GitHub/TRON-NEON_bsp/\libucosii_bsp.a(alt_irq_handler.o)
 .data          0x000000000000e6e0        0x0 C:/Users/michi/OneDrive/Documenten/GitHub/TRON-NEON_bsp/\libucosii_bsp.a(alt_exception_entry.o)
 .data          0x000000000000e6e0        0x0 C:/Users/michi/OneDrive/Documenten/GitHub/TRON-NEON_bsp/\libucosii_bsp.a(alt_instruction_exception_entry.o)
 .data          0x000000000000e6e0        0x0 c:/altera_lite/15.1/nios2eds/bin/gnu/h-x86_64-mingw32/bin/../lib/gcc/nios2-elf/4.9.2/../../../../../H-x86_64-mingw32/nios2-elf/lib/mhw-mulx\libc.a(lib_a-atexit.o)
 .data          0x000000000000e6e0        0x0 c:/altera_lite/15.1/nios2eds/bin/gnu/h-x86_64-mingw32/bin/../lib/gcc/nios2-elf/4.9.2/../../../../../H-x86_64-mingw32/nios2-elf/lib/mhw-mulx\libc.a(lib_a-exit.o)
 .data          0x000000000000e6e0        0x0 c:/altera_lite/15.1/nios2eds/bin/gnu/h-x86_64-mingw32/bin/../lib/gcc/nios2-elf/4.9.2/../../../../../H-x86_64-mingw32/nios2-elf/lib/mhw-mulx\libc.a(lib_a-impure.o)
 .data.impure_data
                0x000000000000e6e0      0x424 c:/altera_lite/15.1/nios2eds/bin/gnu/h-x86_64-mingw32/bin/../lib/gcc/nios2-elf/4.9.2/../../../../../H-x86_64-mingw32/nios2-elf/lib/mhw-mulx\libc.a(lib_a-impure.o)
 .data          0x000000000000eb04        0x0 c:/altera_lite/15.1/nios2eds/bin/gnu/h-x86_64-mingw32/bin/../lib/gcc/nios2-elf/4.9.2/../../../../../H-x86_64-mingw32/nios2-elf/lib/mhw-mulx\libc.a(lib_a-int_errno.o)
 .data          0x000000000000eb04        0x0 c:/altera_lite/15.1/nios2eds/bin/gnu/h-x86_64-mingw32/bin/../lib/gcc/nios2-elf/4.9.2/../../../../../H-x86_64-mingw32/nios2-elf/lib/mhw-mulx\libc.a(lib_a-memcmp.o)
 .data          0x000000000000eb04        0x0 c:/altera_lite/15.1/nios2eds/bin/gnu/h-x86_64-mingw32/bin/../lib/gcc/nios2-elf/4.9.2/../../../../../H-x86_64-mingw32/nios2-elf/lib/mhw-mulx\libc.a(lib_a-memset.o)
 .data          0x000000000000eb04        0x0 c:/altera_lite/15.1/nios2eds/bin/gnu/h-x86_64-mingw32/bin/../lib/gcc/nios2-elf/4.9.2/../../../../../H-x86_64-mingw32/nios2-elf/lib/mhw-mulx\libc.a(lib_a-strcmp.o)
 .data          0x000000000000eb04        0x0 c:/altera_lite/15.1/nios2eds/bin/gnu/h-x86_64-mingw32/bin/../lib/gcc/nios2-elf/4.9.2/../../../../../H-x86_64-mingw32/nios2-elf/lib/mhw-mulx\libc.a(lib_a-strlen.o)
 .data          0x000000000000eb04        0x0 c:/altera_lite/15.1/nios2eds/bin/gnu/h-x86_64-mingw32/bin/../lib/gcc/nios2-elf/4.9.2/../../../../../H-x86_64-mingw32/nios2-elf/lib/mhw-mulx\libc.a(lib_a-__atexit.o)
 .data          0x000000000000eb04        0x0 c:/altera_lite/15.1/nios2eds/bin/gnu/h-x86_64-mingw32/bin/../lib/gcc/nios2-elf/4.9.2/../../../../../H-x86_64-mingw32/nios2-elf/lib/mhw-mulx\libc.a(lib_a-__call_atexit.o)
 .data          0x000000000000eb04        0x0 C:/Users/michi/OneDrive/Documenten/GitHub/TRON-NEON_bsp/\libucosii_bsp.a(alt_exit.o)
                0x0000000000016b04                _gp = ABSOLUTE ((. + 0x8000))
                0x0000000000016b04                PROVIDE (gp, _gp)
 *(.rwdata .rwdata.*)
 *(.sdata .sdata.* .gnu.linkonce.s.*)
 .sdata         0x000000000000eb04        0x4 C:/Users/michi/OneDrive/Documenten/GitHub/TRON-NEON_bsp/\libucosii_bsp.a(alt_env_lock.o)
 .sdata         0x000000000000eb08        0x4 C:/Users/michi/OneDrive/Documenten/GitHub/TRON-NEON_bsp/\libucosii_bsp.a(alt_malloc_lock.o)
 .sdata         0x000000000000eb0c       0x74 C:/Users/michi/OneDrive/Documenten/GitHub/TRON-NEON_bsp/\libucosii_bsp.a(os_dbg.o)
                0x000000000000eb0c                OSDebugEn
                0x000000000000eb10                OSEndiannessTest
                0x000000000000eb14                OSEventEn
                0x000000000000eb16                OSEventMax
                0x000000000000eb18                OSEventNameSize
                0x000000000000eb1a                OSEventSize
                0x000000000000eb1c                OSEventTblSize
                0x000000000000eb1e                OSEventMultiEn
                0x000000000000eb20                OSFlagEn
                0x000000000000eb22                OSFlagGrpSize
                0x000000000000eb24                OSFlagNodeSize
                0x000000000000eb26                OSFlagWidth
                0x000000000000eb28                OSFlagMax
                0x000000000000eb2a                OSFlagNameSize
                0x000000000000eb2c                OSLowestPrio
                0x000000000000eb2e                OSMboxEn
                0x000000000000eb30                OSMemEn
                0x000000000000eb32                OSMemMax
                0x000000000000eb34                OSMemNameSize
                0x000000000000eb36                OSMemSize
                0x000000000000eb38                OSMemTblSize
                0x000000000000eb3a                OSMutexEn
                0x000000000000eb3c                OSPtrSize
                0x000000000000eb3e                OSQEn
                0x000000000000eb40                OSQMax
                0x000000000000eb42                OSQSize
                0x000000000000eb44                OSRdyTblSize
                0x000000000000eb46                OSSemEn
                0x000000000000eb48                OSStkWidth
                0x000000000000eb4a                OSTaskCreateEn
                0x000000000000eb4c                OSTaskCreateExtEn
                0x000000000000eb4e                OSTaskDelEn
                0x000000000000eb50                OSTaskIdleStkSize
                0x000000000000eb52                OSTaskProfileEn
                0x000000000000eb54                OSTaskMax
                0x000000000000eb56                OSTaskNameSize
                0x000000000000eb58                OSTaskStatEn
                0x000000000000eb5a                OSTaskStatStkSize
                0x000000000000eb5c                OSTaskStatStkChkEn
                0x000000000000eb5e                OSTaskSwHookEn
                0x000000000000eb60                OSTCBPrioTblMax
                0x000000000000eb62                OSTCBSize
                0x000000000000eb64                OSTicksPerSec
                0x000000000000eb66                OSTimeTickHookEn
                0x000000000000eb68                OSVersionNbr
                0x000000000000eb6a                OSTmrEn
                0x000000000000eb6c                OSTmrCfgMax
                0x000000000000eb6e                OSTmrCfgNameSize
                0x000000000000eb70                OSTmrCfgWheelSize
                0x000000000000eb72                OSTmrCfgTicksPerSec
                0x000000000000eb74                OSTmrSize
                0x000000000000eb76                OSTmrTblSize
                0x000000000000eb78                OSTmrWheelSize
                0x000000000000eb7a                OSTmrWheelTblSize
                0x000000000000eb7c                OSDataSize
 .sdata         0x000000000000eb80       0x14 C:/Users/michi/OneDrive/Documenten/GitHub/TRON-NEON_bsp/\libucosii_bsp.a(alt_dev.o)
                0x000000000000eb80                alt_fs_list
                0x000000000000eb88                alt_dev_list
                0x000000000000eb90                alt_max_fd
 .sdata         0x000000000000eb94        0x4 C:/Users/michi/OneDrive/Documenten/GitHub/TRON-NEON_bsp/\libucosii_bsp.a(alt_errno.o)
                0x000000000000eb94                alt_errno
 .sdata         0x000000000000eb98        0x4 C:/Users/michi/OneDrive/Documenten/GitHub/TRON-NEON_bsp/\libucosii_bsp.a(alt_irq_vars.o)
                0x000000000000eb98                alt_priority_mask
 .sdata         0x000000000000eb9c        0x8 C:/Users/michi/OneDrive/Documenten/GitHub/TRON-NEON_bsp/\libucosii_bsp.a(alt_tick.o)
                0x000000000000eb9c                alt_alarm_list
 .sdata._global_impure_ptr
                0x000000000000eba4        0x4 c:/altera_lite/15.1/nios2eds/bin/gnu/h-x86_64-mingw32/bin/../lib/gcc/nios2-elf/4.9.2/../../../../../H-x86_64-mingw32/nios2-elf/lib/mhw-mulx\libc.a(lib_a-impure.o)
                0x000000000000eba4                _global_impure_ptr
 .sdata._impure_ptr
                0x000000000000eba8        0x4 c:/altera_lite/15.1/nios2eds/bin/gnu/h-x86_64-mingw32/bin/../lib/gcc/nios2-elf/4.9.2/../../../../../H-x86_64-mingw32/nios2-elf/lib/mhw-mulx\libc.a(lib_a-impure.o)
                0x000000000000eba8                _impure_ptr
 *(.sdata2 .sdata2.* .gnu.linkonce.s2.*)
                0x000000000000ebac                . = ALIGN (0x4)
                0x000000000000ebac                _edata = ABSOLUTE (.)
                0x000000000000ebac                PROVIDE (edata, ABSOLUTE (.))
                0x000000000000ebac                PROVIDE (__ram_rwdata_end, ABSOLUTE (.))
                0x000000000000ebac                PROVIDE (__flash_rwdata_start, LOADADDR (.rwdata))

.bss            0x0000000000010610     0x73ac
                0x0000000000010610                __bss_start = ABSOLUTE (.)
                0x0000000000010610                PROVIDE (__sbss_start, ABSOLUTE (.))
                0x0000000000010610                PROVIDE (___sbss_start, ABSOLUTE (.))
 *(.dynsbss)
 *(.sbss .sbss.* .gnu.linkonce.sb.*)
 .sbss          0x0000000000010610        0x4 obj/default/hello_ucosii.o
                0x0000000000010610                reset
 .sbss          0x0000000000010614        0xc C:/Users/michi/OneDrive/Documenten/GitHub/TRON-NEON_bsp/\libucosii_bsp.a(alt_main.o)
                0x0000000000010614                alt_argc
                0x0000000000010618                alt_argv
                0x000000000001061c                alt_envp
 .sbss          0x0000000000010620        0x8 C:/Users/michi/OneDrive/Documenten/GitHub/TRON-NEON_bsp/\libucosii_bsp.a(alt_env_lock.o)
                0x0000000000010624                alt_envsem
 .sbss          0x0000000000010628        0x8 C:/Users/michi/OneDrive/Documenten/GitHub/TRON-NEON_bsp/\libucosii_bsp.a(alt_malloc_lock.o)
                0x000000000001062c                alt_heapsem
 .sbss          0x0000000000010630       0x50 C:/Users/michi/OneDrive/Documenten/GitHub/TRON-NEON_bsp/\libucosii_bsp.a(os_core.o)
                0x0000000000010630                OSLockNesting
                0x0000000000010631                OSRunning
                0x0000000000010634                OSIdleCtr
                0x0000000000010638                OSPrioHighRdy
                0x0000000000010639                OSPrioCur
                0x000000000001063c                OSTCBList
                0x0000000000010640                OSTickStepState
                0x0000000000010644                OSCtxSwCtr
                0x0000000000010648                OSIdleCtrMax
                0x000000000001064c                OSTCBFreeList
                0x0000000000010650                OSCPUUsage
                0x0000000000010651                OSTaskCtr
                0x0000000000010654                OSMemFreeList
                0x0000000000010658                OSTCBHighRdy
                0x000000000001065c                OSQFreeList
                0x0000000000010660                OSRdyGrp
                0x0000000000010661                OSRdyTbl
                0x0000000000010664                OSEventFreeList
                0x0000000000010668                OSIntNesting
                0x000000000001066c                OSTCBCur
                0x0000000000010670                OSTime
                0x0000000000010674                OSFlagFreeList
                0x0000000000010678                OSStatRdy
                0x000000000001067c                OSIdleCtrRun
 .sbss          0x0000000000010680        0x4 C:/Users/michi/OneDrive/Documenten/GitHub/TRON-NEON_bsp/\libucosii_bsp.a(alt_dev.o)
                0x0000000000010680                alt_fd_list_lock
 .sbss          0x0000000000010684        0x4 C:/Users/michi/OneDrive/Documenten/GitHub/TRON-NEON_bsp/\libucosii_bsp.a(alt_irq_vars.o)
                0x0000000000010684                alt_irq_active
 .sbss          0x0000000000010688        0x8 C:/Users/michi/OneDrive/Documenten/GitHub/TRON-NEON_bsp/\libucosii_bsp.a(alt_tick.o)
                0x0000000000010688                _alt_tick_rate
                0x000000000001068c                _alt_nticks
 .sbss          0x0000000000010690        0x4 C:/Users/michi/OneDrive/Documenten/GitHub/TRON-NEON_bsp/\libucosii_bsp.a(alt_instruction_exception_entry.o)
                0x0000000000010690                alt_instruction_exception_handler
 .sbss          0x0000000000010694        0x4 c:/altera_lite/15.1/nios2eds/bin/gnu/h-x86_64-mingw32/bin/../lib/gcc/nios2-elf/4.9.2/../../../../../H-x86_64-mingw32/nios2-elf/lib/mhw-mulx\libc.a(lib_a-int_errno.o)
                0x0000000000010694                errno
 *(.sbss2 .sbss2.* .gnu.linkonce.sb2.*)
 *(.scommon)
                0x0000000000010698                PROVIDE (__sbss_end, ABSOLUTE (.))
                0x0000000000010698                PROVIDE (___sbss_end, ABSOLUTE (.))
 *(.dynbss)
 *(.bss .bss.* .gnu.linkonce.b.*)
 .bss           0x0000000000010698        0x0 C:/Users/michi/OneDrive/Documenten/GitHub/TRON-NEON_bsp//obj/HAL/src/crt0.o
 .bss           0x0000000000010698        0x0 obj/default/hello_ucosii.o
 .bss           0x0000000000010698        0x0 c:/altera_lite/15.1/nios2eds/bin/gnu/h-x86_64-mingw32/bin/../lib/gcc/nios2-elf/4.9.2/../../../../../H-x86_64-mingw32/nios2-elf/lib/mhw-mulx\libc.a(lib_a-memcpy.o)
 .bss           0x0000000000010698        0x0 C:/Users/michi/OneDrive/Documenten/GitHub/TRON-NEON_bsp/\libucosii_bsp.a(alt_load.o)
 .bss           0x0000000000010698        0x0 C:/Users/michi/OneDrive/Documenten/GitHub/TRON-NEON_bsp/\libucosii_bsp.a(alt_main.o)
 .bss           0x0000000000010698        0x0 C:/Users/michi/OneDrive/Documenten/GitHub/TRON-NEON_bsp/\libucosii_bsp.a(alt_env_lock.o)
 .bss           0x0000000000010698        0x0 C:/Users/michi/OneDrive/Documenten/GitHub/TRON-NEON_bsp/\libucosii_bsp.a(alt_malloc_lock.o)
 .bss           0x0000000000010698        0x0 C:/Users/michi/OneDrive/Documenten/GitHub/TRON-NEON_bsp/\libucosii_bsp.a(os_core.o)
 .bss           0x0000000000010698        0x0 C:/Users/michi/OneDrive/Documenten/GitHub/TRON-NEON_bsp/\libucosii_bsp.a(os_dbg.o)
 .bss           0x0000000000010698        0x0 C:/Users/michi/OneDrive/Documenten/GitHub/TRON-NEON_bsp/\libucosii_bsp.a(os_flag.o)
 .bss           0x0000000000010698        0x0 C:/Users/michi/OneDrive/Documenten/GitHub/TRON-NEON_bsp/\libucosii_bsp.a(os_mem.o)
 .bss           0x0000000000010698        0x0 C:/Users/michi/OneDrive/Documenten/GitHub/TRON-NEON_bsp/\libucosii_bsp.a(os_q.o)
 .bss           0x0000000000010698        0x0 C:/Users/michi/OneDrive/Documenten/GitHub/TRON-NEON_bsp/\libucosii_bsp.a(os_sem.o)
 .bss           0x0000000000010698        0x0 C:/Users/michi/OneDrive/Documenten/GitHub/TRON-NEON_bsp/\libucosii_bsp.a(os_task.o)
 .bss           0x0000000000010698        0x0 C:/Users/michi/OneDrive/Documenten/GitHub/TRON-NEON_bsp/\libucosii_bsp.a(os_time.o)
 .bss           0x0000000000010698        0x0 C:/Users/michi/OneDrive/Documenten/GitHub/TRON-NEON_bsp/\libucosii_bsp.a(alt_sys_init.o)
 .bss           0x0000000000010698        0x0 C:/Users/michi/OneDrive/Documenten/GitHub/TRON-NEON_bsp/\libucosii_bsp.a(altera_avalon_jtag_uart_fd.o)
 .bss           0x0000000000010698        0x0 C:/Users/michi/OneDrive/Documenten/GitHub/TRON-NEON_bsp/\libucosii_bsp.a(altera_avalon_jtag_uart_init.o)
 .bss           0x0000000000010698        0x0 C:/Users/michi/OneDrive/Documenten/GitHub/TRON-NEON_bsp/\libucosii_bsp.a(altera_avalon_jtag_uart_ioctl.o)
 .bss           0x0000000000010698        0x0 C:/Users/michi/OneDrive/Documenten/GitHub/TRON-NEON_bsp/\libucosii_bsp.a(altera_avalon_jtag_uart_read.o)
 .bss           0x0000000000010698        0x0 C:/Users/michi/OneDrive/Documenten/GitHub/TRON-NEON_bsp/\libucosii_bsp.a(altera_avalon_jtag_uart_write.o)
 .bss           0x0000000000010698        0x0 C:/Users/michi/OneDrive/Documenten/GitHub/TRON-NEON_bsp/\libucosii_bsp.a(altera_avalon_timer_sc.o)
 .bss           0x0000000000010698        0x0 C:/Users/michi/OneDrive/Documenten/GitHub/TRON-NEON_bsp/\libucosii_bsp.a(altera_up_avalon_character_lcd.o)
 .bss           0x0000000000010698        0x0 C:/Users/michi/OneDrive/Documenten/GitHub/TRON-NEON_bsp/\libucosii_bsp.a(altera_up_avalon_irda.o)
 .bss           0x0000000000010698        0x0 C:/Users/michi/OneDrive/Documenten/GitHub/TRON-NEON_bsp/\libucosii_bsp.a(altera_up_avalon_ps2.o)
 .bss           0x0000000000010698        0x0 C:/Users/michi/OneDrive/Documenten/GitHub/TRON-NEON_bsp/\libucosii_bsp.a(altera_up_avalon_rs232.o)
 .bss           0x0000000000010698        0x0 C:/Users/michi/OneDrive/Documenten/GitHub/TRON-NEON_bsp/\libucosii_bsp.a(altera_up_avalon_video_character_buffer_with_dma.o)
 .bss           0x0000000000010698        0x0 C:/Users/michi/OneDrive/Documenten/GitHub/TRON-NEON_bsp/\libucosii_bsp.a(alt_alarm_start.o)
 .bss           0x0000000000010698        0x0 C:/Users/michi/OneDrive/Documenten/GitHub/TRON-NEON_bsp/\libucosii_bsp.a(alt_close.o)
 .bss           0x0000000000010698        0x0 C:/Users/michi/OneDrive/Documenten/GitHub/TRON-NEON_bsp/\libucosii_bsp.a(alt_dcache_flush_all.o)
 .bss           0x0000000000010698        0x0 C:/Users/michi/OneDrive/Documenten/GitHub/TRON-NEON_bsp/\libucosii_bsp.a(alt_dev.o)
 .bss           0x0000000000010698        0x0 C:/Users/michi/OneDrive/Documenten/GitHub/TRON-NEON_bsp/\libucosii_bsp.a(alt_dev_llist_insert.o)
 .bss           0x0000000000010698        0x0 C:/Users/michi/OneDrive/Documenten/GitHub/TRON-NEON_bsp/\libucosii_bsp.a(alt_do_ctors.o)
 .bss           0x0000000000010698        0x0 C:/Users/michi/OneDrive/Documenten/GitHub/TRON-NEON_bsp/\libucosii_bsp.a(alt_do_dtors.o)
 .bss           0x0000000000010698        0x0 C:/Users/michi/OneDrive/Documenten/GitHub/TRON-NEON_bsp/\libucosii_bsp.a(alt_errno.o)
 .bss           0x0000000000010698        0x0 C:/Users/michi/OneDrive/Documenten/GitHub/TRON-NEON_bsp/\libucosii_bsp.a(alt_find_dev.o)
 .bss           0x0000000000010698        0x0 C:/Users/michi/OneDrive/Documenten/GitHub/TRON-NEON_bsp/\libucosii_bsp.a(alt_icache_flush_all.o)
 .bss           0x0000000000010698        0x0 C:/Users/michi/OneDrive/Documenten/GitHub/TRON-NEON_bsp/\libucosii_bsp.a(alt_io_redirect.o)
 .bss           0x0000000000010698        0x0 C:/Users/michi/OneDrive/Documenten/GitHub/TRON-NEON_bsp/\libucosii_bsp.a(alt_irq_register.o)
 .bss           0x0000000000010698        0x0 C:/Users/michi/OneDrive/Documenten/GitHub/TRON-NEON_bsp/\libucosii_bsp.a(alt_irq_vars.o)
 .bss           0x0000000000010698        0x0 C:/Users/michi/OneDrive/Documenten/GitHub/TRON-NEON_bsp/\libucosii_bsp.a(alt_open.o)
 .bss           0x0000000000010698        0x0 C:/Users/michi/OneDrive/Documenten/GitHub/TRON-NEON_bsp/\libucosii_bsp.a(alt_release_fd.o)
 .bss           0x0000000000010698        0x0 C:/Users/michi/OneDrive/Documenten/GitHub/TRON-NEON_bsp/\libucosii_bsp.a(alt_tick.o)
 .bss           0x0000000000010698        0x0 C:/Users/michi/OneDrive/Documenten/GitHub/TRON-NEON_bsp/\libucosii_bsp.a(altera_nios2_gen2_irq.o)
 .bss           0x0000000000010698        0x0 C:/Users/michi/OneDrive/Documenten/GitHub/TRON-NEON_bsp/\libucosii_bsp.a(os_cpu_a.o)
 .bss           0x0000000000010698        0x0 C:/Users/michi/OneDrive/Documenten/GitHub/TRON-NEON_bsp/\libucosii_bsp.a(os_cpu_c.o)
 .bss           0x0000000000010698        0x0 C:/Users/michi/OneDrive/Documenten/GitHub/TRON-NEON_bsp/\libucosii_bsp.a(alt_find_file.o)
 .bss           0x0000000000010698        0x0 C:/Users/michi/OneDrive/Documenten/GitHub/TRON-NEON_bsp/\libucosii_bsp.a(alt_get_fd.o)
 .bss           0x0000000000010698        0x0 C:/Users/michi/OneDrive/Documenten/GitHub/TRON-NEON_bsp/\libucosii_bsp.a(alt_icache_flush.o)
 .bss           0x0000000000010698        0x0 C:/Users/michi/OneDrive/Documenten/GitHub/TRON-NEON_bsp/\libucosii_bsp.a(alt_irq_entry.o)
 .bss           0x0000000000010698        0x0 C:/Users/michi/OneDrive/Documenten/GitHub/TRON-NEON_bsp/\libucosii_bsp.a(alt_irq_handler.o)
 .bss           0x0000000000010698        0x0 C:/Users/michi/OneDrive/Documenten/GitHub/TRON-NEON_bsp/\libucosii_bsp.a(alt_exception_entry.o)
 .bss           0x0000000000010698        0x0 C:/Users/michi/OneDrive/Documenten/GitHub/TRON-NEON_bsp/\libucosii_bsp.a(alt_instruction_exception_entry.o)
 .bss           0x0000000000010698        0x0 c:/altera_lite/15.1/nios2eds/bin/gnu/h-x86_64-mingw32/bin/../lib/gcc/nios2-elf/4.9.2/../../../../../H-x86_64-mingw32/nios2-elf/lib/mhw-mulx\libc.a(lib_a-atexit.o)
 .bss           0x0000000000010698        0x0 c:/altera_lite/15.1/nios2eds/bin/gnu/h-x86_64-mingw32/bin/../lib/gcc/nios2-elf/4.9.2/../../../../../H-x86_64-mingw32/nios2-elf/lib/mhw-mulx\libc.a(lib_a-exit.o)
 .bss           0x0000000000010698        0x0 c:/altera_lite/15.1/nios2eds/bin/gnu/h-x86_64-mingw32/bin/../lib/gcc/nios2-elf/4.9.2/../../../../../H-x86_64-mingw32/nios2-elf/lib/mhw-mulx\libc.a(lib_a-impure.o)
 .bss           0x0000000000010698        0x0 c:/altera_lite/15.1/nios2eds/bin/gnu/h-x86_64-mingw32/bin/../lib/gcc/nios2-elf/4.9.2/../../../../../H-x86_64-mingw32/nios2-elf/lib/mhw-mulx\libc.a(lib_a-int_errno.o)
 .bss           0x0000000000010698        0x0 c:/altera_lite/15.1/nios2eds/bin/gnu/h-x86_64-mingw32/bin/../lib/gcc/nios2-elf/4.9.2/../../../../../H-x86_64-mingw32/nios2-elf/lib/mhw-mulx\libc.a(lib_a-memcmp.o)
 .bss           0x0000000000010698        0x0 c:/altera_lite/15.1/nios2eds/bin/gnu/h-x86_64-mingw32/bin/../lib/gcc/nios2-elf/4.9.2/../../../../../H-x86_64-mingw32/nios2-elf/lib/mhw-mulx\libc.a(lib_a-memset.o)
 .bss           0x0000000000010698        0x0 c:/altera_lite/15.1/nios2eds/bin/gnu/h-x86_64-mingw32/bin/../lib/gcc/nios2-elf/4.9.2/../../../../../H-x86_64-mingw32/nios2-elf/lib/mhw-mulx\libc.a(lib_a-strcmp.o)
 .bss           0x0000000000010698        0x0 c:/altera_lite/15.1/nios2eds/bin/gnu/h-x86_64-mingw32/bin/../lib/gcc/nios2-elf/4.9.2/../../../../../H-x86_64-mingw32/nios2-elf/lib/mhw-mulx\libc.a(lib_a-strlen.o)
 .bss           0x0000000000010698        0x0 c:/altera_lite/15.1/nios2eds/bin/gnu/h-x86_64-mingw32/bin/../lib/gcc/nios2-elf/4.9.2/../../../../../H-x86_64-mingw32/nios2-elf/lib/mhw-mulx\libc.a(lib_a-__atexit.o)
 .bss           0x0000000000010698        0x0 c:/altera_lite/15.1/nios2eds/bin/gnu/h-x86_64-mingw32/bin/../lib/gcc/nios2-elf/4.9.2/../../../../../H-x86_64-mingw32/nios2-elf/lib/mhw-mulx\libc.a(lib_a-__call_atexit.o)
 .bss           0x0000000000010698        0x0 C:/Users/michi/OneDrive/Documenten/GitHub/TRON-NEON_bsp/\libucosii_bsp.a(alt_exit.o)
 *(COMMON)
 COMMON         0x0000000000010698     0x4000 obj/default/hello_ucosii.o
                0x0000000000010698                _stk
                0x0000000000012698                task2_stk
 COMMON         0x0000000000014698     0x3224 C:/Users/michi/OneDrive/Documenten/GitHub/TRON-NEON_bsp/\libucosii_bsp.a(os_core.o)
                0x0000000000014698                OSFlagTbl
                0x0000000000014a08                OSMemTbl
                0x0000000000015638                OSTaskStatStk
                0x0000000000015e38                OSQTbl
                0x0000000000016018                OSTaskIdleStk
                0x0000000000016818                OSEventTbl
                0x0000000000017358                OSTCBTbl
                0x0000000000017868                OSTCBPrioTbl
 COMMON         0x00000000000178bc      0x100 C:/Users/michi/OneDrive/Documenten/GitHub/TRON-NEON_bsp/\libucosii_bsp.a(alt_irq_handler.o)
                0x00000000000178bc                alt_irq
                0x00000000000179bc                . = ALIGN (0x4)
                0x00000000000179bc                __bss_end = ABSOLUTE (.)

.SDRAM          0x00000000000179bc        0x0
                0x00000000000179bc                PROVIDE (_alt_partition_SDRAM_start, ABSOLUTE (.))
 *(.SDRAM .SDRAM. SDRAM.*)
                0x00000000000179bc                . = ALIGN (0x4)
                0x00000000000179bc                PROVIDE (_alt_partition_SDRAM_end, ABSOLUTE (.))
                0x00000000000179bc                _end = ABSOLUTE (.)
                0x00000000000179bc                end = ABSOLUTE (.)
                0x00000000000179bc                __alt_stack_base = ABSOLUTE (.)
                0x00000000000179bc                PROVIDE (_alt_partition_SDRAM_load_addr, LOADADDR (.SDRAM))

.Flash_flash_data
                0x000000000c000000        0x0 load address 0x00000000000179bc
                0x000000000c000000                PROVIDE (_alt_partition_Flash_flash_data_start, ABSOLUTE (.))
 *(.Flash_flash_data .Flash_flash_data. Flash_flash_data.*)
                0x000000000c000000                . = ALIGN (0x4)
                0x000000000c000000                PROVIDE (_alt_partition_Flash_flash_data_end, ABSOLUTE (.))
                0x00000000000179bc                PROVIDE (_alt_partition_Flash_flash_data_load_addr, LOADADDR (.Flash_flash_data))

.stab
 *(.stab)

.stabstr
 *(.stabstr)

.stab.excl
 *(.stab.excl)

.stab.exclstr
 *(.stab.exclstr)

.stab.index
 *(.stab.index)

.stab.indexstr
 *(.stab.indexstr)

.comment        0x0000000000000000       0x23
 *(.comment)
 .comment       0x0000000000000000       0x23 obj/default/hello_ucosii.o
                                         0x24 (size before relaxing)
 .comment       0x0000000000000000       0x24 c:/altera_lite/15.1/nios2eds/bin/gnu/h-x86_64-mingw32/bin/../lib/gcc/nios2-elf/4.9.2/../../../../../H-x86_64-mingw32/nios2-elf/lib/mhw-mulx\libc.a(lib_a-memcpy.o)
 .comment       0x0000000000000000       0x24 C:/Users/michi/OneDrive/Documenten/GitHub/TRON-NEON_bsp/\libucosii_bsp.a(alt_load.o)
 .comment       0x0000000000000000       0x24 C:/Users/michi/OneDrive/Documenten/GitHub/TRON-NEON_bsp/\libucosii_bsp.a(alt_main.o)
 .comment       0x0000000000000000       0x24 C:/Users/michi/OneDrive/Documenten/GitHub/TRON-NEON_bsp/\libucosii_bsp.a(alt_env_lock.o)
 .comment       0x0000000000000000       0x24 C:/Users/michi/OneDrive/Documenten/GitHub/TRON-NEON_bsp/\libucosii_bsp.a(alt_malloc_lock.o)
 .comment       0x0000000000000000       0x24 C:/Users/michi/OneDrive/Documenten/GitHub/TRON-NEON_bsp/\libucosii_bsp.a(os_core.o)
 .comment       0x0000000000000000       0x24 C:/Users/michi/OneDrive/Documenten/GitHub/TRON-NEON_bsp/\libucosii_bsp.a(os_dbg.o)
 .comment       0x0000000000000000       0x24 C:/Users/michi/OneDrive/Documenten/GitHub/TRON-NEON_bsp/\libucosii_bsp.a(os_flag.o)
 .comment       0x0000000000000000       0x24 C:/Users/michi/OneDrive/Documenten/GitHub/TRON-NEON_bsp/\libucosii_bsp.a(os_mem.o)
 .comment       0x0000000000000000       0x24 C:/Users/michi/OneDrive/Documenten/GitHub/TRON-NEON_bsp/\libucosii_bsp.a(os_q.o)
 .comment       0x0000000000000000       0x24 C:/Users/michi/OneDrive/Documenten/GitHub/TRON-NEON_bsp/\libucosii_bsp.a(os_sem.o)
 .comment       0x0000000000000000       0x24 C:/Users/michi/OneDrive/Documenten/GitHub/TRON-NEON_bsp/\libucosii_bsp.a(os_task.o)
 .comment       0x0000000000000000       0x24 C:/Users/michi/OneDrive/Documenten/GitHub/TRON-NEON_bsp/\libucosii_bsp.a(os_time.o)
 .comment       0x0000000000000000       0x24 C:/Users/michi/OneDrive/Documenten/GitHub/TRON-NEON_bsp/\libucosii_bsp.a(alt_sys_init.o)
 .comment       0x0000000000000000       0x24 C:/Users/michi/OneDrive/Documenten/GitHub/TRON-NEON_bsp/\libucosii_bsp.a(altera_avalon_jtag_uart_fd.o)
 .comment       0x0000000000000000       0x24 C:/Users/michi/OneDrive/Documenten/GitHub/TRON-NEON_bsp/\libucosii_bsp.a(altera_avalon_jtag_uart_init.o)
 .comment       0x0000000000000000       0x24 C:/Users/michi/OneDrive/Documenten/GitHub/TRON-NEON_bsp/\libucosii_bsp.a(altera_avalon_jtag_uart_ioctl.o)
 .comment       0x0000000000000000       0x24 C:/Users/michi/OneDrive/Documenten/GitHub/TRON-NEON_bsp/\libucosii_bsp.a(altera_avalon_jtag_uart_read.o)
 .comment       0x0000000000000000       0x24 C:/Users/michi/OneDrive/Documenten/GitHub/TRON-NEON_bsp/\libucosii_bsp.a(altera_avalon_jtag_uart_write.o)
 .comment       0x0000000000000000       0x24 C:/Users/michi/OneDrive/Documenten/GitHub/TRON-NEON_bsp/\libucosii_bsp.a(altera_avalon_timer_sc.o)
 .comment       0x0000000000000000       0x24 C:/Users/michi/OneDrive/Documenten/GitHub/TRON-NEON_bsp/\libucosii_bsp.a(altera_up_avalon_character_lcd.o)
 .comment       0x0000000000000000       0x24 C:/Users/michi/OneDrive/Documenten/GitHub/TRON-NEON_bsp/\libucosii_bsp.a(altera_up_avalon_irda.o)
 .comment       0x0000000000000000       0x24 C:/Users/michi/OneDrive/Documenten/GitHub/TRON-NEON_bsp/\libucosii_bsp.a(altera_up_avalon_ps2.o)
 .comment       0x0000000000000000       0x24 C:/Users/michi/OneDrive/Documenten/GitHub/TRON-NEON_bsp/\libucosii_bsp.a(altera_up_avalon_rs232.o)
 .comment       0x0000000000000000       0x24 C:/Users/michi/OneDrive/Documenten/GitHub/TRON-NEON_bsp/\libucosii_bsp.a(altera_up_avalon_video_character_buffer_with_dma.o)
 .comment       0x0000000000000000       0x24 C:/Users/michi/OneDrive/Documenten/GitHub/TRON-NEON_bsp/\libucosii_bsp.a(alt_alarm_start.o)
 .comment       0x0000000000000000       0x24 C:/Users/michi/OneDrive/Documenten/GitHub/TRON-NEON_bsp/\libucosii_bsp.a(alt_close.o)
 .comment       0x0000000000000000       0x24 C:/Users/michi/OneDrive/Documenten/GitHub/TRON-NEON_bsp/\libucosii_bsp.a(alt_dcache_flush_all.o)
 .comment       0x0000000000000000       0x24 C:/Users/michi/OneDrive/Documenten/GitHub/TRON-NEON_bsp/\libucosii_bsp.a(alt_dev.o)
 .comment       0x0000000000000000       0x24 C:/Users/michi/OneDrive/Documenten/GitHub/TRON-NEON_bsp/\libucosii_bsp.a(alt_dev_llist_insert.o)
 .comment       0x0000000000000000       0x24 C:/Users/michi/OneDrive/Documenten/GitHub/TRON-NEON_bsp/\libucosii_bsp.a(alt_do_ctors.o)
 .comment       0x0000000000000000       0x24 C:/Users/michi/OneDrive/Documenten/GitHub/TRON-NEON_bsp/\libucosii_bsp.a(alt_do_dtors.o)
 .comment       0x0000000000000000       0x24 C:/Users/michi/OneDrive/Documenten/GitHub/TRON-NEON_bsp/\libucosii_bsp.a(alt_errno.o)
 .comment       0x0000000000000000       0x24 C:/Users/michi/OneDrive/Documenten/GitHub/TRON-NEON_bsp/\libucosii_bsp.a(alt_find_dev.o)
 .comment       0x0000000000000000       0x24 C:/Users/michi/OneDrive/Documenten/GitHub/TRON-NEON_bsp/\libucosii_bsp.a(alt_icache_flush_all.o)
 .comment       0x0000000000000000       0x24 C:/Users/michi/OneDrive/Documenten/GitHub/TRON-NEON_bsp/\libucosii_bsp.a(alt_io_redirect.o)
 .comment       0x0000000000000000       0x24 C:/Users/michi/OneDrive/Documenten/GitHub/TRON-NEON_bsp/\libucosii_bsp.a(alt_irq_register.o)
 .comment       0x0000000000000000       0x24 C:/Users/michi/OneDrive/Documenten/GitHub/TRON-NEON_bsp/\libucosii_bsp.a(alt_irq_vars.o)
 .comment       0x0000000000000000       0x24 C:/Users/michi/OneDrive/Documenten/GitHub/TRON-NEON_bsp/\libucosii_bsp.a(alt_open.o)
 .comment       0x0000000000000000       0x24 C:/Users/michi/OneDrive/Documenten/GitHub/TRON-NEON_bsp/\libucosii_bsp.a(alt_release_fd.o)
 .comment       0x0000000000000000       0x24 C:/Users/michi/OneDrive/Documenten/GitHub/TRON-NEON_bsp/\libucosii_bsp.a(alt_tick.o)
 .comment       0x0000000000000000       0x24 C:/Users/michi/OneDrive/Documenten/GitHub/TRON-NEON_bsp/\libucosii_bsp.a(altera_nios2_gen2_irq.o)
 .comment       0x0000000000000000       0x24 C:/Users/michi/OneDrive/Documenten/GitHub/TRON-NEON_bsp/\libucosii_bsp.a(os_cpu_c.o)
 .comment       0x0000000000000000       0x24 C:/Users/michi/OneDrive/Documenten/GitHub/TRON-NEON_bsp/\libucosii_bsp.a(alt_find_file.o)
 .comment       0x0000000000000000       0x24 C:/Users/michi/OneDrive/Documenten/GitHub/TRON-NEON_bsp/\libucosii_bsp.a(alt_get_fd.o)
 .comment       0x0000000000000000       0x24 C:/Users/michi/OneDrive/Documenten/GitHub/TRON-NEON_bsp/\libucosii_bsp.a(alt_icache_flush.o)
 .comment       0x0000000000000000       0x24 C:/Users/michi/OneDrive/Documenten/GitHub/TRON-NEON_bsp/\libucosii_bsp.a(alt_irq_handler.o)
 .comment       0x0000000000000000       0x24 C:/Users/michi/OneDrive/Documenten/GitHub/TRON-NEON_bsp/\libucosii_bsp.a(alt_instruction_exception_entry.o)
 .comment       0x0000000000000000       0x24 c:/altera_lite/15.1/nios2eds/bin/gnu/h-x86_64-mingw32/bin/../lib/gcc/nios2-elf/4.9.2/../../../../../H-x86_64-mingw32/nios2-elf/lib/mhw-mulx\libc.a(lib_a-atexit.o)
 .comment       0x0000000000000000       0x24 c:/altera_lite/15.1/nios2eds/bin/gnu/h-x86_64-mingw32/bin/../lib/gcc/nios2-elf/4.9.2/../../../../../H-x86_64-mingw32/nios2-elf/lib/mhw-mulx\libc.a(lib_a-exit.o)
 .comment       0x0000000000000000       0x24 c:/altera_lite/15.1/nios2eds/bin/gnu/h-x86_64-mingw32/bin/../lib/gcc/nios2-elf/4.9.2/../../../../../H-x86_64-mingw32/nios2-elf/lib/mhw-mulx\libc.a(lib_a-impure.o)
 .comment       0x0000000000000000       0x24 c:/altera_lite/15.1/nios2eds/bin/gnu/h-x86_64-mingw32/bin/../lib/gcc/nios2-elf/4.9.2/../../../../../H-x86_64-mingw32/nios2-elf/lib/mhw-mulx\libc.a(lib_a-int_errno.o)
 .comment       0x0000000000000000       0x24 c:/altera_lite/15.1/nios2eds/bin/gnu/h-x86_64-mingw32/bin/../lib/gcc/nios2-elf/4.9.2/../../../../../H-x86_64-mingw32/nios2-elf/lib/mhw-mulx\libc.a(lib_a-memcmp.o)
 .comment       0x0000000000000000       0x24 c:/altera_lite/15.1/nios2eds/bin/gnu/h-x86_64-mingw32/bin/../lib/gcc/nios2-elf/4.9.2/../../../../../H-x86_64-mingw32/nios2-elf/lib/mhw-mulx\libc.a(lib_a-memset.o)
 .comment       0x0000000000000000       0x24 c:/altera_lite/15.1/nios2eds/bin/gnu/h-x86_64-mingw32/bin/../lib/gcc/nios2-elf/4.9.2/../../../../../H-x86_64-mingw32/nios2-elf/lib/mhw-mulx\libc.a(lib_a-strcmp.o)
 .comment       0x0000000000000000       0x24 c:/altera_lite/15.1/nios2eds/bin/gnu/h-x86_64-mingw32/bin/../lib/gcc/nios2-elf/4.9.2/../../../../../H-x86_64-mingw32/nios2-elf/lib/mhw-mulx\libc.a(lib_a-strlen.o)
 .comment       0x0000000000000000       0x24 c:/altera_lite/15.1/nios2eds/bin/gnu/h-x86_64-mingw32/bin/../lib/gcc/nios2-elf/4.9.2/../../../../../H-x86_64-mingw32/nios2-elf/lib/mhw-mulx\libc.a(lib_a-__atexit.o)
 .comment       0x0000000000000000       0x24 c:/altera_lite/15.1/nios2eds/bin/gnu/h-x86_64-mingw32/bin/../lib/gcc/nios2-elf/4.9.2/../../../../../H-x86_64-mingw32/nios2-elf/lib/mhw-mulx\libc.a(lib_a-__call_atexit.o)
 .comment       0x0000000000000000       0x24 C:/Users/michi/OneDrive/Documenten/GitHub/TRON-NEON_bsp/\libucosii_bsp.a(alt_exit.o)

.debug
 *(.debug)

.line
 *(.line)

.debug_srcinfo
 *(.debug_srcinfo)

.debug_sfnames
 *(.debug_sfnames)

.debug_aranges  0x0000000000000000      0x818
 *(.debug_aranges)
 .debug_aranges
                0x0000000000000000       0x28 C:/Users/michi/OneDrive/Documenten/GitHub/TRON-NEON_bsp//obj/HAL/src/crt0.o
 .debug_aranges
                0x0000000000000028       0x20 obj/default/hello_ucosii.o
 .debug_aranges
                0x0000000000000048       0x20 c:/altera_lite/15.1/nios2eds/bin/gnu/h-x86_64-mingw32/bin/../lib/gcc/nios2-elf/4.9.2/../../../../../H-x86_64-mingw32/nios2-elf/lib/mhw-mulx\libc.a(lib_a-memcpy.o)
 .debug_aranges
                0x0000000000000068       0x20 C:/Users/michi/OneDrive/Documenten/GitHub/TRON-NEON_bsp/\libucosii_bsp.a(alt_load.o)
 .debug_aranges
                0x0000000000000088       0x20 C:/Users/michi/OneDrive/Documenten/GitHub/TRON-NEON_bsp/\libucosii_bsp.a(alt_main.o)
 .debug_aranges
                0x00000000000000a8       0x20 C:/Users/michi/OneDrive/Documenten/GitHub/TRON-NEON_bsp/\libucosii_bsp.a(alt_env_lock.o)
 .debug_aranges
                0x00000000000000c8       0x20 C:/Users/michi/OneDrive/Documenten/GitHub/TRON-NEON_bsp/\libucosii_bsp.a(alt_malloc_lock.o)
 .debug_aranges
                0x00000000000000e8       0x20 C:/Users/michi/OneDrive/Documenten/GitHub/TRON-NEON_bsp/\libucosii_bsp.a(os_core.o)
 .debug_aranges
                0x0000000000000108       0x20 C:/Users/michi/OneDrive/Documenten/GitHub/TRON-NEON_bsp/\libucosii_bsp.a(os_dbg.o)
 .debug_aranges
                0x0000000000000128       0x20 C:/Users/michi/OneDrive/Documenten/GitHub/TRON-NEON_bsp/\libucosii_bsp.a(os_flag.o)
 .debug_aranges
                0x0000000000000148       0x20 C:/Users/michi/OneDrive/Documenten/GitHub/TRON-NEON_bsp/\libucosii_bsp.a(os_mem.o)
 .debug_aranges
                0x0000000000000168       0x20 C:/Users/michi/OneDrive/Documenten/GitHub/TRON-NEON_bsp/\libucosii_bsp.a(os_q.o)
 .debug_aranges
                0x0000000000000188       0x20 C:/Users/michi/OneDrive/Documenten/GitHub/TRON-NEON_bsp/\libucosii_bsp.a(os_sem.o)
 .debug_aranges
                0x00000000000001a8       0x20 C:/Users/michi/OneDrive/Documenten/GitHub/TRON-NEON_bsp/\libucosii_bsp.a(os_task.o)
 .debug_aranges
                0x00000000000001c8       0x20 C:/Users/michi/OneDrive/Documenten/GitHub/TRON-NEON_bsp/\libucosii_bsp.a(os_time.o)
 .debug_aranges
                0x00000000000001e8       0x20 C:/Users/michi/OneDrive/Documenten/GitHub/TRON-NEON_bsp/\libucosii_bsp.a(alt_sys_init.o)
 .debug_aranges
                0x0000000000000208       0x20 C:/Users/michi/OneDrive/Documenten/GitHub/TRON-NEON_bsp/\libucosii_bsp.a(altera_avalon_jtag_uart_fd.o)
 .debug_aranges
                0x0000000000000228       0x20 C:/Users/michi/OneDrive/Documenten/GitHub/TRON-NEON_bsp/\libucosii_bsp.a(altera_avalon_jtag_uart_init.o)
 .debug_aranges
                0x0000000000000248       0x20 C:/Users/michi/OneDrive/Documenten/GitHub/TRON-NEON_bsp/\libucosii_bsp.a(altera_avalon_jtag_uart_ioctl.o)
 .debug_aranges
                0x0000000000000268       0x20 C:/Users/michi/OneDrive/Documenten/GitHub/TRON-NEON_bsp/\libucosii_bsp.a(altera_avalon_jtag_uart_read.o)
 .debug_aranges
                0x0000000000000288       0x20 C:/Users/michi/OneDrive/Documenten/GitHub/TRON-NEON_bsp/\libucosii_bsp.a(altera_avalon_jtag_uart_write.o)
 .debug_aranges
                0x00000000000002a8       0x20 C:/Users/michi/OneDrive/Documenten/GitHub/TRON-NEON_bsp/\libucosii_bsp.a(altera_avalon_timer_sc.o)
 .debug_aranges
                0x00000000000002c8       0x20 C:/Users/michi/OneDrive/Documenten/GitHub/TRON-NEON_bsp/\libucosii_bsp.a(altera_up_avalon_character_lcd.o)
 .debug_aranges
                0x00000000000002e8       0x20 C:/Users/michi/OneDrive/Documenten/GitHub/TRON-NEON_bsp/\libucosii_bsp.a(altera_up_avalon_irda.o)
 .debug_aranges
                0x0000000000000308       0x20 C:/Users/michi/OneDrive/Documenten/GitHub/TRON-NEON_bsp/\libucosii_bsp.a(altera_up_avalon_ps2.o)
 .debug_aranges
                0x0000000000000328       0x20 C:/Users/michi/OneDrive/Documenten/GitHub/TRON-NEON_bsp/\libucosii_bsp.a(altera_up_avalon_rs232.o)
 .debug_aranges
                0x0000000000000348       0x20 C:/Users/michi/OneDrive/Documenten/GitHub/TRON-NEON_bsp/\libucosii_bsp.a(altera_up_avalon_video_character_buffer_with_dma.o)
 .debug_aranges
                0x0000000000000368       0x20 C:/Users/michi/OneDrive/Documenten/GitHub/TRON-NEON_bsp/\libucosii_bsp.a(alt_alarm_start.o)
 .debug_aranges
                0x0000000000000388       0x20 C:/Users/michi/OneDrive/Documenten/GitHub/TRON-NEON_bsp/\libucosii_bsp.a(alt_close.o)
 .debug_aranges
                0x00000000000003a8       0x20 C:/Users/michi/OneDrive/Documenten/GitHub/TRON-NEON_bsp/\libucosii_bsp.a(alt_dcache_flush_all.o)
 .debug_aranges
                0x00000000000003c8       0x20 C:/Users/michi/OneDrive/Documenten/GitHub/TRON-NEON_bsp/\libucosii_bsp.a(alt_dev.o)
 .debug_aranges
                0x00000000000003e8       0x20 C:/Users/michi/OneDrive/Documenten/GitHub/TRON-NEON_bsp/\libucosii_bsp.a(alt_dev_llist_insert.o)
 .debug_aranges
                0x0000000000000408       0x20 C:/Users/michi/OneDrive/Documenten/GitHub/TRON-NEON_bsp/\libucosii_bsp.a(alt_do_ctors.o)
 .debug_aranges
                0x0000000000000428       0x20 C:/Users/michi/OneDrive/Documenten/GitHub/TRON-NEON_bsp/\libucosii_bsp.a(alt_do_dtors.o)
 .debug_aranges
                0x0000000000000448       0x18 C:/Users/michi/OneDrive/Documenten/GitHub/TRON-NEON_bsp/\libucosii_bsp.a(alt_errno.o)
 .debug_aranges
                0x0000000000000460       0x20 C:/Users/michi/OneDrive/Documenten/GitHub/TRON-NEON_bsp/\libucosii_bsp.a(alt_find_dev.o)
 .debug_aranges
                0x0000000000000480       0x20 C:/Users/michi/OneDrive/Documenten/GitHub/TRON-NEON_bsp/\libucosii_bsp.a(alt_icache_flush_all.o)
 .debug_aranges
                0x00000000000004a0       0x20 C:/Users/michi/OneDrive/Documenten/GitHub/TRON-NEON_bsp/\libucosii_bsp.a(alt_io_redirect.o)
 .debug_aranges
                0x00000000000004c0       0x20 C:/Users/michi/OneDrive/Documenten/GitHub/TRON-NEON_bsp/\libucosii_bsp.a(alt_irq_register.o)
 .debug_aranges
                0x00000000000004e0       0x18 C:/Users/michi/OneDrive/Documenten/GitHub/TRON-NEON_bsp/\libucosii_bsp.a(alt_irq_vars.o)
 .debug_aranges
                0x00000000000004f8       0x20 C:/Users/michi/OneDrive/Documenten/GitHub/TRON-NEON_bsp/\libucosii_bsp.a(alt_open.o)
 .debug_aranges
                0x0000000000000518       0x20 C:/Users/michi/OneDrive/Documenten/GitHub/TRON-NEON_bsp/\libucosii_bsp.a(alt_release_fd.o)
 .debug_aranges
                0x0000000000000538       0x20 C:/Users/michi/OneDrive/Documenten/GitHub/TRON-NEON_bsp/\libucosii_bsp.a(alt_tick.o)
 .debug_aranges
                0x0000000000000558       0x20 C:/Users/michi/OneDrive/Documenten/GitHub/TRON-NEON_bsp/\libucosii_bsp.a(altera_nios2_gen2_irq.o)
 .debug_aranges
                0x0000000000000578       0x20 C:/Users/michi/OneDrive/Documenten/GitHub/TRON-NEON_bsp/\libucosii_bsp.a(os_cpu_a.o)
 .debug_aranges
                0x0000000000000598       0x20 C:/Users/michi/OneDrive/Documenten/GitHub/TRON-NEON_bsp/\libucosii_bsp.a(os_cpu_c.o)
 .debug_aranges
                0x00000000000005b8       0x20 C:/Users/michi/OneDrive/Documenten/GitHub/TRON-NEON_bsp/\libucosii_bsp.a(alt_find_file.o)
 .debug_aranges
                0x00000000000005d8       0x20 C:/Users/michi/OneDrive/Documenten/GitHub/TRON-NEON_bsp/\libucosii_bsp.a(alt_get_fd.o)
 .debug_aranges
                0x00000000000005f8       0x20 C:/Users/michi/OneDrive/Documenten/GitHub/TRON-NEON_bsp/\libucosii_bsp.a(alt_icache_flush.o)
 .debug_aranges
                0x0000000000000618       0x30 C:/Users/michi/OneDrive/Documenten/GitHub/TRON-NEON_bsp/\libucosii_bsp.a(alt_irq_entry.o)
 .debug_aranges
                0x0000000000000648       0x20 C:/Users/michi/OneDrive/Documenten/GitHub/TRON-NEON_bsp/\libucosii_bsp.a(alt_irq_handler.o)
 .debug_aranges
                0x0000000000000668       0x38 C:/Users/michi/OneDrive/Documenten/GitHub/TRON-NEON_bsp/\libucosii_bsp.a(alt_exception_entry.o)
 .debug_aranges
                0x00000000000006a0       0x28 C:/Users/michi/OneDrive/Documenten/GitHub/TRON-NEON_bsp/\libucosii_bsp.a(alt_instruction_exception_entry.o)
 .debug_aranges
                0x00000000000006c8       0x20 c:/altera_lite/15.1/nios2eds/bin/gnu/h-x86_64-mingw32/bin/../lib/gcc/nios2-elf/4.9.2/../../../../../H-x86_64-mingw32/nios2-elf/lib/mhw-mulx\libc.a(lib_a-atexit.o)
 .debug_aranges
                0x00000000000006e8       0x20 c:/altera_lite/15.1/nios2eds/bin/gnu/h-x86_64-mingw32/bin/../lib/gcc/nios2-elf/4.9.2/../../../../../H-x86_64-mingw32/nios2-elf/lib/mhw-mulx\libc.a(lib_a-exit.o)
 .debug_aranges
                0x0000000000000708       0x18 c:/altera_lite/15.1/nios2eds/bin/gnu/h-x86_64-mingw32/bin/../lib/gcc/nios2-elf/4.9.2/../../../../../H-x86_64-mingw32/nios2-elf/lib/mhw-mulx\libc.a(lib_a-impure.o)
 .debug_aranges
                0x0000000000000720       0x18 c:/altera_lite/15.1/nios2eds/bin/gnu/h-x86_64-mingw32/bin/../lib/gcc/nios2-elf/4.9.2/../../../../../H-x86_64-mingw32/nios2-elf/lib/mhw-mulx\libc.a(lib_a-int_errno.o)
 .debug_aranges
                0x0000000000000738       0x20 c:/altera_lite/15.1/nios2eds/bin/gnu/h-x86_64-mingw32/bin/../lib/gcc/nios2-elf/4.9.2/../../../../../H-x86_64-mingw32/nios2-elf/lib/mhw-mulx\libc.a(lib_a-memcmp.o)
 .debug_aranges
                0x0000000000000758       0x20 c:/altera_lite/15.1/nios2eds/bin/gnu/h-x86_64-mingw32/bin/../lib/gcc/nios2-elf/4.9.2/../../../../../H-x86_64-mingw32/nios2-elf/lib/mhw-mulx\libc.a(lib_a-memset.o)
 .debug_aranges
                0x0000000000000778       0x20 c:/altera_lite/15.1/nios2eds/bin/gnu/h-x86_64-mingw32/bin/../lib/gcc/nios2-elf/4.9.2/../../../../../H-x86_64-mingw32/nios2-elf/lib/mhw-mulx\libc.a(lib_a-strcmp.o)
 .debug_aranges
                0x0000000000000798       0x20 c:/altera_lite/15.1/nios2eds/bin/gnu/h-x86_64-mingw32/bin/../lib/gcc/nios2-elf/4.9.2/../../../../../H-x86_64-mingw32/nios2-elf/lib/mhw-mulx\libc.a(lib_a-strlen.o)
 .debug_aranges
                0x00000000000007b8       0x20 c:/altera_lite/15.1/nios2eds/bin/gnu/h-x86_64-mingw32/bin/../lib/gcc/nios2-elf/4.9.2/../../../../../H-x86_64-mingw32/nios2-elf/lib/mhw-mulx\libc.a(lib_a-__atexit.o)
 .debug_aranges
                0x00000000000007d8       0x20 c:/altera_lite/15.1/nios2eds/bin/gnu/h-x86_64-mingw32/bin/../lib/gcc/nios2-elf/4.9.2/../../../../../H-x86_64-mingw32/nios2-elf/lib/mhw-mulx\libc.a(lib_a-__call_atexit.o)
 .debug_aranges
                0x00000000000007f8       0x20 C:/Users/michi/OneDrive/Documenten/GitHub/TRON-NEON_bsp/\libucosii_bsp.a(alt_exit.o)

.debug_pubnames
 *(.debug_pubnames)

.debug_info     0x0000000000000000    0x14050
 *(.debug_info .gnu.linkonce.wi.*)
 .debug_info    0x0000000000000000       0x6c C:/Users/michi/OneDrive/Documenten/GitHub/TRON-NEON_bsp//obj/HAL/src/crt0.o
 .debug_info    0x000000000000006c      0x662 obj/default/hello_ucosii.o
 .debug_info    0x00000000000006ce      0x133 c:/altera_lite/15.1/nios2eds/bin/gnu/h-x86_64-mingw32/bin/../lib/gcc/nios2-elf/4.9.2/../../../../../H-x86_64-mingw32/nios2-elf/lib/mhw-mulx\libc.a(lib_a-memcpy.o)
 .debug_info    0x0000000000000801      0x13e C:/Users/michi/OneDrive/Documenten/GitHub/TRON-NEON_bsp/\libucosii_bsp.a(alt_load.o)
 .debug_info    0x000000000000093f      0x27c C:/Users/michi/OneDrive/Documenten/GitHub/TRON-NEON_bsp/\libucosii_bsp.a(alt_main.o)
 .debug_info    0x0000000000000bbb      0xc76 C:/Users/michi/OneDrive/Documenten/GitHub/TRON-NEON_bsp/\libucosii_bsp.a(alt_env_lock.o)
 .debug_info    0x0000000000001831      0xdbc C:/Users/michi/OneDrive/Documenten/GitHub/TRON-NEON_bsp/\libucosii_bsp.a(alt_malloc_lock.o)
 .debug_info    0x00000000000025ed     0x161c C:/Users/michi/OneDrive/Documenten/GitHub/TRON-NEON_bsp/\libucosii_bsp.a(os_core.o)
 .debug_info    0x0000000000003c09      0xab7 C:/Users/michi/OneDrive/Documenten/GitHub/TRON-NEON_bsp/\libucosii_bsp.a(os_dbg.o)
 .debug_info    0x00000000000046c0      0xfab C:/Users/michi/OneDrive/Documenten/GitHub/TRON-NEON_bsp/\libucosii_bsp.a(os_flag.o)
 .debug_info    0x000000000000566b      0x689 C:/Users/michi/OneDrive/Documenten/GitHub/TRON-NEON_bsp/\libucosii_bsp.a(os_mem.o)
 .debug_info    0x0000000000005cf4      0xdb2 C:/Users/michi/OneDrive/Documenten/GitHub/TRON-NEON_bsp/\libucosii_bsp.a(os_q.o)
 .debug_info    0x0000000000006aa6      0xa13 C:/Users/michi/OneDrive/Documenten/GitHub/TRON-NEON_bsp/\libucosii_bsp.a(os_sem.o)
 .debug_info    0x00000000000074b9     0x1126 C:/Users/michi/OneDrive/Documenten/GitHub/TRON-NEON_bsp/\libucosii_bsp.a(os_task.o)
 .debug_info    0x00000000000085df      0x6f8 C:/Users/michi/OneDrive/Documenten/GitHub/TRON-NEON_bsp/\libucosii_bsp.a(os_time.o)
 .debug_info    0x0000000000008cd7      0xb2c C:/Users/michi/OneDrive/Documenten/GitHub/TRON-NEON_bsp/\libucosii_bsp.a(alt_sys_init.o)
 .debug_info    0x0000000000009803      0x68a C:/Users/michi/OneDrive/Documenten/GitHub/TRON-NEON_bsp/\libucosii_bsp.a(altera_avalon_jtag_uart_fd.o)
 .debug_info    0x0000000000009e8d      0x6d7 C:/Users/michi/OneDrive/Documenten/GitHub/TRON-NEON_bsp/\libucosii_bsp.a(altera_avalon_jtag_uart_init.o)
 .debug_info    0x000000000000a564      0x3dc C:/Users/michi/OneDrive/Documenten/GitHub/TRON-NEON_bsp/\libucosii_bsp.a(altera_avalon_jtag_uart_ioctl.o)
 .debug_info    0x000000000000a940      0x58e C:/Users/michi/OneDrive/Documenten/GitHub/TRON-NEON_bsp/\libucosii_bsp.a(altera_avalon_jtag_uart_read.o)
 .debug_info    0x000000000000aece      0x588 C:/Users/michi/OneDrive/Documenten/GitHub/TRON-NEON_bsp/\libucosii_bsp.a(altera_avalon_jtag_uart_write.o)
 .debug_info    0x000000000000b456      0x242 C:/Users/michi/OneDrive/Documenten/GitHub/TRON-NEON_bsp/\libucosii_bsp.a(altera_avalon_timer_sc.o)
 .debug_info    0x000000000000b698      0x61e C:/Users/michi/OneDrive/Documenten/GitHub/TRON-NEON_bsp/\libucosii_bsp.a(altera_up_avalon_character_lcd.o)
 .debug_info    0x000000000000bcb6      0x5a0 C:/Users/michi/OneDrive/Documenten/GitHub/TRON-NEON_bsp/\libucosii_bsp.a(altera_up_avalon_irda.o)
 .debug_info    0x000000000000c256      0x808 C:/Users/michi/OneDrive/Documenten/GitHub/TRON-NEON_bsp/\libucosii_bsp.a(altera_up_avalon_ps2.o)
 .debug_info    0x000000000000ca5e      0x5a0 C:/Users/michi/OneDrive/Documenten/GitHub/TRON-NEON_bsp/\libucosii_bsp.a(altera_up_avalon_rs232.o)
 .debug_info    0x000000000000cffe      0x4a0 C:/Users/michi/OneDrive/Documenten/GitHub/TRON-NEON_bsp/\libucosii_bsp.a(altera_up_avalon_video_character_buffer_with_dma.o)
 .debug_info    0x000000000000d49e      0x2db C:/Users/michi/OneDrive/Documenten/GitHub/TRON-NEON_bsp/\libucosii_bsp.a(alt_alarm_start.o)
 .debug_info    0x000000000000d779      0x364 C:/Users/michi/OneDrive/Documenten/GitHub/TRON-NEON_bsp/\libucosii_bsp.a(alt_close.o)
 .debug_info    0x000000000000dadd       0x8b C:/Users/michi/OneDrive/Documenten/GitHub/TRON-NEON_bsp/\libucosii_bsp.a(alt_dcache_flush_all.o)
 .debug_info    0x000000000000db68      0x594 C:/Users/michi/OneDrive/Documenten/GitHub/TRON-NEON_bsp/\libucosii_bsp.a(alt_dev.o)
 .debug_info    0x000000000000e0fc      0x1a2 C:/Users/michi/OneDrive/Documenten/GitHub/TRON-NEON_bsp/\libucosii_bsp.a(alt_dev_llist_insert.o)
 .debug_info    0x000000000000e29e       0x83 C:/Users/michi/OneDrive/Documenten/GitHub/TRON-NEON_bsp/\libucosii_bsp.a(alt_do_ctors.o)
 .debug_info    0x000000000000e321       0x83 C:/Users/michi/OneDrive/Documenten/GitHub/TRON-NEON_bsp/\libucosii_bsp.a(alt_do_dtors.o)
 .debug_info    0x000000000000e3a4       0x9f C:/Users/michi/OneDrive/Documenten/GitHub/TRON-NEON_bsp/\libucosii_bsp.a(alt_errno.o)
 .debug_info    0x000000000000e443      0x32c C:/Users/michi/OneDrive/Documenten/GitHub/TRON-NEON_bsp/\libucosii_bsp.a(alt_find_dev.o)
 .debug_info    0x000000000000e76f       0x8b C:/Users/michi/OneDrive/Documenten/GitHub/TRON-NEON_bsp/\libucosii_bsp.a(alt_icache_flush_all.o)
 .debug_info    0x000000000000e7fa      0x4e8 C:/Users/michi/OneDrive/Documenten/GitHub/TRON-NEON_bsp/\libucosii_bsp.a(alt_io_redirect.o)
 .debug_info    0x000000000000ece2      0x346 C:/Users/michi/OneDrive/Documenten/GitHub/TRON-NEON_bsp/\libucosii_bsp.a(alt_irq_register.o)
 .debug_info    0x000000000000f028       0x88 C:/Users/michi/OneDrive/Documenten/GitHub/TRON-NEON_bsp/\libucosii_bsp.a(alt_irq_vars.o)
 .debug_info    0x000000000000f0b0      0x3f3 C:/Users/michi/OneDrive/Documenten/GitHub/TRON-NEON_bsp/\libucosii_bsp.a(alt_open.o)
 .debug_info    0x000000000000f4a3      0x308 C:/Users/michi/OneDrive/Documenten/GitHub/TRON-NEON_bsp/\libucosii_bsp.a(alt_release_fd.o)
 .debug_info    0x000000000000f7ab      0x2b6 C:/Users/michi/OneDrive/Documenten/GitHub/TRON-NEON_bsp/\libucosii_bsp.a(alt_tick.o)
 .debug_info    0x000000000000fa61       0xb1 C:/Users/michi/OneDrive/Documenten/GitHub/TRON-NEON_bsp/\libucosii_bsp.a(altera_nios2_gen2_irq.o)
 .debug_info    0x000000000000fb12       0x74 C:/Users/michi/OneDrive/Documenten/GitHub/TRON-NEON_bsp/\libucosii_bsp.a(os_cpu_a.o)
 .debug_info    0x000000000000fb86      0xcf9 C:/Users/michi/OneDrive/Documenten/GitHub/TRON-NEON_bsp/\libucosii_bsp.a(os_cpu_c.o)
 .debug_info    0x000000000001087f      0x329 C:/Users/michi/OneDrive/Documenten/GitHub/TRON-NEON_bsp/\libucosii_bsp.a(alt_find_file.o)
 .debug_info    0x0000000000010ba8      0x45a C:/Users/michi/OneDrive/Documenten/GitHub/TRON-NEON_bsp/\libucosii_bsp.a(alt_get_fd.o)