Archive member included to satisfy reference by file (symbol)

c:/altera_lite/15.1/nios2eds/bin/gnu/h-x86_64-mingw32/bin/../lib/gcc/nios2-elf/4.9.2/../../../../../H-x86_64-mingw32/nios2-elf/lib/mhw-mulx\libc.a(lib_a-memcpy.o)
                              obj/default/hello_ucosii.o (memcpy)
C:/Users/michi/OneDrive/Documenten/GitHub/TRON-NEON/TRON-NEON_bsp/\libucosii_bsp.a(alt_load.o)
                              C:/Users/michi/OneDrive/Documenten/GitHub/TRON-NEON/TRON-NEON_bsp//obj/HAL/src/crt0.o (alt_load)
C:/Users/michi/OneDrive/Documenten/GitHub/TRON-NEON/TRON-NEON_bsp/\libucosii_bsp.a(alt_main.o)
                              C:/Users/michi/OneDrive/Documenten/GitHub/TRON-NEON/TRON-NEON_bsp//obj/HAL/src/crt0.o (alt_main)
C:/Users/michi/OneDrive/Documenten/GitHub/TRON-NEON/TRON-NEON_bsp/\libucosii_bsp.a(alt_env_lock.o)
                              C:/Users/michi/OneDrive/Documenten/GitHub/TRON-NEON/TRON-NEON_bsp/\libucosii_bsp.a(alt_main.o) (alt_envsem)
C:/Users/michi/OneDrive/Documenten/GitHub/TRON-NEON/TRON-NEON_bsp/\libucosii_bsp.a(alt_malloc_lock.o)
                              C:/Users/michi/OneDrive/Documenten/GitHub/TRON-NEON/TRON-NEON_bsp/\libucosii_bsp.a(alt_main.o) (alt_heapsem)
C:/Users/michi/OneDrive/Documenten/GitHub/TRON-NEON/TRON-NEON_bsp/\libucosii_bsp.a(os_core.o)
                              C:/Users/michi/OneDrive/Documenten/GitHub/TRON-NEON/TRON-NEON_bsp/\libucosii_bsp.a(alt_malloc_lock.o) (OSRunning)
C:/Users/michi/OneDrive/Documenten/GitHub/TRON-NEON/TRON-NEON_bsp/\libucosii_bsp.a(os_dbg.o)
                              C:/Users/michi/OneDrive/Documenten/GitHub/TRON-NEON/TRON-NEON_bsp/\libucosii_bsp.a(os_core.o) (OSDebugInit)
C:/Users/michi/OneDrive/Documenten/GitHub/TRON-NEON/TRON-NEON_bsp/\libucosii_bsp.a(os_flag.o)
                              C:/Users/michi/OneDrive/Documenten/GitHub/TRON-NEON/TRON-NEON_bsp/\libucosii_bsp.a(os_core.o) (OS_FlagInit)
C:/Users/michi/OneDrive/Documenten/GitHub/TRON-NEON/TRON-NEON_bsp/\libucosii_bsp.a(os_mem.o)
                              C:/Users/michi/OneDrive/Documenten/GitHub/TRON-NEON/TRON-NEON_bsp/\libucosii_bsp.a(os_core.o) (OS_MemInit)
C:/Users/michi/OneDrive/Documenten/GitHub/TRON-NEON/TRON-NEON_bsp/\libucosii_bsp.a(os_q.o)
                              C:/Users/michi/OneDrive/Documenten/GitHub/TRON-NEON/TRON-NEON_bsp/\libucosii_bsp.a(os_core.o) (OS_QInit)
C:/Users/michi/OneDrive/Documenten/GitHub/TRON-NEON/TRON-NEON_bsp/\libucosii_bsp.a(os_sem.o)
                              obj/default/hello_ucosii.o (OSSemCreate)
C:/Users/michi/OneDrive/Documenten/GitHub/TRON-NEON/TRON-NEON_bsp/\libucosii_bsp.a(os_task.o)
                              obj/default/hello_ucosii.o (OSTaskCreateExt)
C:/Users/michi/OneDrive/Documenten/GitHub/TRON-NEON/TRON-NEON_bsp/\libucosii_bsp.a(os_time.o)
                              C:/Users/michi/OneDrive/Documenten/GitHub/TRON-NEON/TRON-NEON_bsp/\libucosii_bsp.a(os_core.o) (OSTimeDly)
C:/Users/michi/OneDrive/Documenten/GitHub/TRON-NEON/TRON-NEON_bsp/\libucosii_bsp.a(alt_sys_init.o)
                              C:/Users/michi/OneDrive/Documenten/GitHub/TRON-NEON/TRON-NEON_bsp/\libucosii_bsp.a(alt_main.o) (alt_irq_init)
C:/Users/michi/OneDrive/Documenten/GitHub/TRON-NEON/TRON-NEON_bsp/\libucosii_bsp.a(altera_avalon_jtag_uart_fd.o)
                              C:/Users/michi/OneDrive/Documenten/GitHub/TRON-NEON/TRON-NEON_bsp/\libucosii_bsp.a(alt_sys_init.o) (altera_avalon_jtag_uart_read_fd)
C:/Users/michi/OneDrive/Documenten/GitHub/TRON-NEON/TRON-NEON_bsp/\libucosii_bsp.a(altera_avalon_jtag_uart_init.o)
                              C:/Users/michi/OneDrive/Documenten/GitHub/TRON-NEON/TRON-NEON_bsp/\libucosii_bsp.a(alt_sys_init.o) (altera_avalon_jtag_uart_init)
C:/Users/michi/OneDrive/Documenten/GitHub/TRON-NEON/TRON-NEON_bsp/\libucosii_bsp.a(altera_avalon_jtag_uart_ioctl.o)
                              C:/Users/michi/OneDrive/Documenten/GitHub/TRON-NEON/TRON-NEON_bsp/\libucosii_bsp.a(altera_avalon_jtag_uart_fd.o) (altera_avalon_jtag_uart_ioctl)
C:/Users/michi/OneDrive/Documenten/GitHub/TRON-NEON/TRON-NEON_bsp/\libucosii_bsp.a(altera_avalon_jtag_uart_read.o)
                              C:/Users/michi/OneDrive/Documenten/GitHub/TRON-NEON/TRON-NEON_bsp/\libucosii_bsp.a(altera_avalon_jtag_uart_fd.o) (altera_avalon_jtag_uart_read)
C:/Users/michi/OneDrive/Documenten/GitHub/TRON-NEON/TRON-NEON_bsp/\libucosii_bsp.a(altera_avalon_jtag_uart_write.o)
                              C:/Users/michi/OneDrive/Documenten/GitHub/TRON-NEON/TRON-NEON_bsp/\libucosii_bsp.a(altera_avalon_jtag_uart_fd.o) (altera_avalon_jtag_uart_write)
C:/Users/michi/OneDrive/Documenten/GitHub/TRON-NEON/TRON-NEON_bsp/\libucosii_bsp.a(altera_avalon_timer_sc.o)
                              C:/Users/michi/OneDrive/Documenten/GitHub/TRON-NEON/TRON-NEON_bsp/\libucosii_bsp.a(alt_sys_init.o) (alt_avalon_timer_sc_init)
C:/Users/michi/OneDrive/Documenten/GitHub/TRON-NEON/TRON-NEON_bsp/\libucosii_bsp.a(altera_up_avalon_character_lcd.o)
[...]
Memory Configuration

Name             Origin             Length             Attributes
reset            0x0000000000000000 0x0000000000000020
SDRAM            0x0000000000000020 0x0000000003ffffe0
Flash_flash_data 0x000000000c000000 0x0000000000800000
*default*        0x0000000000000000 0xffffffffffffffff

Linker script and memory map

LOAD C:/Users/michi/OneDrive/Documenten/GitHub/TRON-NEON/TRON-NEON_bsp//obj/HAL/src/crt0.o
LOAD obj/default/hello_ucosii.o
LOAD c:/altera_lite/15.1/nios2eds/bin/gnu/h-x86_64-mingw32/bin/../lib/gcc/nios2-elf/4.9.2/../../../../../H-x86_64-mingw32/nios2-elf/lib/mhw-mulx\libstdc++.a
LOAD c:/altera_lite/15.1/nios2eds/bin/gnu/h-x86_64-mingw32/bin/../lib/gcc/nios2-elf/4.9.2/../../../../../H-x86_64-mingw32/nios2-elf/lib/mhw-mulx\libm.a
LOAD c:/altera_lite/15.1/nios2eds/bin/gnu/h-x86_64-mingw32/bin/../lib/gcc/nios2-elf/4.9.2/mhw-mulx\libgcc.a
START GROUP
LOAD c:/altera_lite/15.1/nios2eds/bin/gnu/h-x86_64-mingw32/bin/../lib/gcc/nios2-elf/4.9.2/../../../../../H-x86_64-mingw32/nios2-elf/lib/mhw-mulx\libc.a
LOAD c:/altera_lite/15.1/nios2eds/bin/gnu/h-x86_64-mingw32/bin/../lib/gcc/nios2-elf/4.9.2/mhw-mulx\libgcc.a
LOAD C:/Users/michi/OneDrive/Documenten/GitHub/TRON-NEON/TRON-NEON_bsp/\libucosii_bsp.a
LOAD c:/altera_lite/15.1/nios2eds/bin/gnu/h-x86_64-mingw32/bin/../lib/gcc/nios2-elf/4.9.2/../../../../../H-x86_64-mingw32/nios2-elf/lib/mhw-mulx\libm.a
END GROUP
LOAD c:/altera_lite/15.1/nios2eds/bin/gnu/h-x86_64-mingw32/bin/../lib/gcc/nios2-elf/4.9.2/mhw-mulx\libgcc.a
                0x0000000000000000                __alt_mem_SDRAM = 0x0
                0x000000000c000000                __alt_mem_Flash_flash_data = 0xc000000

.entry          0x0000000000000000       0x20
 *(.entry)
 .entry         0x0000000000000000       0x20 C:/Users/michi/OneDrive/Documenten/GitHub/TRON-NEON/TRON-NEON_bsp//obj/HAL/src/crt0.o
                0x0000000000000000                __reset

.exceptions     0x0000000000000020      0x224
                0x0000000000000020                PROVIDE (__ram_exceptions_start, ABSOLUTE (.))
                0x0000000000000020                . = ALIGN (0x20)
 *(.irq)
 *(.exceptions.entry.label)
 .exceptions.entry.label
                0x0000000000000020        0x0 C:/Users/michi/OneDrive/Documenten/GitHub/TRON-NEON/TRON-NEON_bsp/\libucosii_bsp.a(alt_irq_entry.o)
                0x0000000000000020                alt_irq_entry
 .exceptions.entry.label
                0x0000000000000020        0x0 C:/Users/michi/OneDrive/Documenten/GitHub/TRON-NEON/TRON-NEON_bsp/\libucosii_bsp.a(alt_exception_entry.o)
                0x0000000000000020                alt_exception
 *(.exceptions.entry.user)
 *(.exceptions.entry.ecc_fatal)
 *(.exceptions.entry)
 .exceptions.entry
                0x0000000000000020       0x54 C:/Users/michi/OneDrive/Documenten/GitHub/TRON-NEON/TRON-NEON_bsp/\libucosii_bsp.a(alt_exception_entry.o)
 *(.exceptions.irqtest.user)
 *(.exceptions.irqtest)
 .exceptions.irqtest
                0x0000000000000074       0x10 C:/Users/michi/OneDrive/Documenten/GitHub/TRON-NEON/TRON-NEON_bsp/\libucosii_bsp.a(alt_irq_entry.o)
 *(.exceptions.irqhandler.user)
 *(.exceptions.irqhandler)
 .exceptions.irqhandler
                0x0000000000000084        0x4 C:/Users/michi/OneDrive/Documenten/GitHub/TRON-NEON/TRON-NEON_bsp/\libucosii_bsp.a(alt_irq_entry.o)
 *(.exceptions.irqreturn.user)
 *(.exceptions.irqreturn)
 .exceptions.irqreturn
                0x0000000000000088        0x4 C:/Users/michi/OneDrive/Documenten/GitHub/TRON-NEON/TRON-NEON_bsp/\libucosii_bsp.a(alt_irq_entry.o)
 *(.exceptions.notirq.label)
 .exceptions.notirq.label
                0x000000000000008c        0x0 C:/Users/michi/OneDrive/Documenten/GitHub/TRON-NEON/TRON-NEON_bsp/\libucosii_bsp.a(alt_irq_entry.o)
 *(.exceptions.notirq.user)
 *(.exceptions.notirq)
 .exceptions.notirq
                0x000000000000008c        0x8 C:/Users/michi/OneDrive/Documenten/GitHub/TRON-NEON/TRON-NEON_bsp/\libucosii_bsp.a(alt_exception_entry.o)
 *(.exceptions.soft.user)
 *(.exceptions.soft)
 *(.exceptions.unknown.user)
 *(.exceptions.unknown)
 .exceptions.unknown
                0x0000000000000094       0x14 C:/Users/michi/OneDrive/Documenten/GitHub/TRON-NEON/TRON-NEON_bsp/\libucosii_bsp.a(alt_exception_entry.o)
 *(.exceptions.exit.label)
 .exceptions.exit.label
                0x00000000000000a8        0x0 C:/Users/michi/OneDrive/Documenten/GitHub/TRON-NEON/TRON-NEON_bsp/\libucosii_bsp.a(alt_irq_entry.o)
 .exceptions.exit.label
                0x00000000000000a8        0x0 C:/Users/michi/OneDrive/Documenten/GitHub/TRON-NEON/TRON-NEON_bsp/\libucosii_bsp.a(alt_exception_entry.o)
 *(.exceptions.exit.user)
 *(.exceptions.exit)
 .exceptions.exit
                0x00000000000000a8       0x54 C:/Users/michi/OneDrive/Documenten/GitHub/TRON-NEON/TRON-NEON_bsp/\libucosii_bsp.a(alt_exception_entry.o)
 *(.exceptions)
 .exceptions    0x00000000000000fc       0xd4 C:/Users/michi/OneDrive/Documenten/GitHub/TRON-NEON/TRON-NEON_bsp/\libucosii_bsp.a(alt_irq_handler.o)
                0x00000000000000fc                alt_irq_handler
 .exceptions    0x00000000000001d0       0x74 C:/Users/michi/OneDrive/Documenten/GitHub/TRON-NEON/TRON-NEON_bsp/\libucosii_bsp.a(alt_instruction_exception_entry.o)
                0x00000000000001d0                alt_instruction_exception_entry
                0x0000000000000244                PROVIDE (__ram_exceptions_end, ABSOLUTE (.))
                0x0000000000000020                PROVIDE (__flash_exceptions_start, LOADADDR (.exceptions))

.text           0x0000000000000244     0xcc60
                0x0000000000000244                PROVIDE (stext, ABSOLUTE (.))
 *(.interp)
 *(.hash)
 *(.dynsym)
 *(.dynstr)
 *(.gnu.version)
 *(.gnu.version_d)
 *(.gnu.version_r)
 *(.rel.init)
 *(.rela.init)
 *(.rel.text .rel.text.* .rel.gnu.linkonce.t.*)
 *(.rela.text .rela.text.* .rela.gnu.linkonce.t.*)
 *(.rel.fini)
 *(.rela.fini)
 *(.rel.rodata .rel.rodata.* .rel.gnu.linkonce.r.*)
 *(.rela.rodata .rela.rodata.* .rela.gnu.linkonce.r.*)
 *(.rel.data .rel.data.* .rel.gnu.linkonce.d.*)
 *(.rela.data .rela.data.* .rela.gnu.linkonce.d.*)
 *(.rel.tdata .rel.tdata.* .rel.gnu.linkonce.td.*)
 *(.rela.tdata .rela.tdata.* .rela.gnu.linkonce.td.*)
 *(.rel.tbss .rel.tbss.* .rel.gnu.linkonce.tb.*)
 *(.rela.tbss .rela.tbss.* .rela.gnu.linkonce.tb.*)
 *(.rel.ctors)
 *(.rela.ctors)
 *(.rel.dtors)
 *(.rela.dtors)
 *(.rel.got)
 *(.rela.got)
 *(.rel.sdata .rel.sdata.* .rel.gnu.linkonce.s.*)
 *(.rela.sdata .rela.sdata.* .rela.gnu.linkonce.s.*)
 *(.rel.sbss .rel.sbss.* .rel.gnu.linkonce.sb.*)
 *(.rela.sbss .rela.sbss.* .rela.gnu.linkonce.sb.*)
 *(.rel.sdata2 .rel.sdata2.* .rel.gnu.linkonce.s2.*)
 *(.rela.sdata2 .rela.sdata2.* .rela.gnu.linkonce.s2.*)
 *(.rel.sbss2 .rel.sbss2.* .rel.gnu.linkonce.sb2.*)
 *(.rela.sbss2 .rela.sbss2.* .rela.gnu.linkonce.sb2.*)
 *(.rel.bss .rel.bss.* .rel.gnu.linkonce.b.*)
 *(.rela.bss .rela.bss.* .rela.gnu.linkonce.b.*)
 *(.rel.plt)
 *(.rela.plt)
 *(.rel.dyn)
 *(.init)
 *(.plt)
 *(.text .stub .text.* .gnu.linkonce.t.*)
 .text          0x0000000000000244       0x3c C:/Users/michi/OneDrive/Documenten/GitHub/TRON-NEON/TRON-NEON_bsp//obj/HAL/src/crt0.o
                0x0000000000000244                _start
 .text          0x0000000000000280      0x8ac obj/default/hello_ucosii.o
                0x0000000000000280                Achtergrond
                0x0000000000000324                task2
                0x00000000000005f0                main
                0x00000000000006c8                LCD_cursor
                0x0000000000000730                LCD_text
                0x0000000000000798                LCD_cursor_off
                0x00000000000007cc                VGA_text
                0x000000000000085c                VGA_box
                0x0000000000000910                HEX_PS2
                0x0000000000000a64                check_KEYs
 .text          0x0000000000000b2c        0x0 c:/altera_lite/15.1/nios2eds/bin/gnu/h-x86_64-mingw32/bin/../lib/gcc/nios2-elf/4.9.2/../../../../../H-x86_64-mingw32/nios2-elf/lib/mhw-mulx\libc.a(lib_a-memcpy.o)
 .text.memcpy   0x0000000000000b2c      0x138 c:/altera_lite/15.1/nios2eds/bin/gnu/h-x86_64-mingw32/bin/../lib/gcc/nios2-elf/4.9.2/../../../../../H-x86_64-mingw32/nios2-elf/lib/mhw-mulx\libc.a(lib_a-memcpy.o)
                0x0000000000000b2c                memcpy
 .text          0x0000000000000c64       0xe4 C:/Users/michi/OneDrive/Documenten/GitHub/TRON-NEON/TRON-NEON_bsp/\libucosii_bsp.a(alt_load.o)
                0x0000000000000cc8                alt_load
 .text          0x0000000000000d48       0xd4 C:/Users/michi/OneDrive/Documenten/GitHub/TRON-NEON/TRON-NEON_bsp/\libucosii_bsp.a(alt_main.o)
                0x0000000000000d48                alt_main
 .text          0x0000000000000e1c      0x11c C:/Users/michi/OneDrive/Documenten/GitHub/TRON-NEON/TRON-NEON_bsp/\libucosii_bsp.a(alt_env_lock.o)
                0x0000000000000e1c                __env_lock
                0x0000000000000edc                __env_unlock
 .text          0x0000000000000f38      0x1f0 C:/Users/michi/OneDrive/Documenten/GitHub/TRON-NEON/TRON-NEON_bsp/\libucosii_bsp.a(alt_malloc_lock.o)
                0x0000000000000f38                __malloc_lock
                0x0000000000001058                __malloc_unlock
 .text          0x0000000000001128     0x1ff0 C:/Users/michi/OneDrive/Documenten/GitHub/TRON-NEON/TRON-NEON_bsp/\libucosii_bsp.a(os_core.o)
                0x0000000000001128                OSEventNameGet
                0x0000000000001248                OSEventNameSet
                0x0000000000001384                OSEventPendMulti
                0x0000000000001994                OSInit
                0x00000000000019e8                OSIntEnter
                0x0000000000001a64                OSIntExit
                0x0000000000001b58                OSSchedLock
                0x0000000000001be0                OSSchedUnlock
                0x0000000000001cb8                OSStart
                0x0000000000001d24                OSStatInit
                0x0000000000001dd0                OSTimeTick
                0x0000000000001fec                OSVersion
                0x000000000000200c                OS_Dummy
                0x0000000000002028                OS_EventTaskRdy
                0x00000000000021c0                OS_EventTaskWait
                0x00000000000022cc                OS_EventTaskWaitMulti
                0x0000000000002418                OS_EventTaskRemove
                0x00000000000024cc                OS_EventTaskRemoveMulti
                0x00000000000025c8                OS_EventWaitListInit
                0x000000000000298c                OS_MemClr
                0x00000000000029dc                OS_MemCopy
                0x0000000000002a40                OS_Sched
                0x0000000000002b7c                OS_StrCopy
                0x0000000000002bf0                OS_StrLen
                0x0000000000002c44                OS_TaskIdle
                0x0000000000002ca0                OS_TaskStat
                0x0000000000002d7c                OS_TaskStatStkChk
                0x0000000000002e44                OS_TCBInit
 .text          0x0000000000003118      0x18c C:/Users/michi/OneDrive/Documenten/GitHub/TRON-NEON/TRON-NEON_bsp/\libucosii_bsp.a(os_dbg.o)
                0x0000000000003118                OSDebugInit
 .text          0x00000000000032a4     0x181c C:/Users/michi/OneDrive/Documenten/GitHub/TRON-NEON/TRON-NEON_bsp/\libucosii_bsp.a(os_flag.o)
                0x00000000000032a4                OSFlagAccept
                0x00000000000035ac                OSFlagCreate
                0x00000000000036d4                OSFlagDel
                0x0000000000003944                OSFlagNameGet
                0x0000000000003a74                OSFlagNameSet
                0x0000000000003bc4                OSFlagPend
                0x00000000000041b4                OSFlagPendGetFlagsRdy
                0x000000000000421c                OSFlagPost
                0x00000000000045a4                OSFlagQuery
                0x000000000000482c                OS_FlagInit
                0x0000000000004a20                OS_FlagUnlink
 .text          0x0000000000004ac0      0x784 C:/Users/michi/OneDrive/Documenten/GitHub/TRON-NEON/TRON-NEON_bsp/\libucosii_bsp.a(os_mem.o)
                0x0000000000004ac0                OSMemCreate
                0x0000000000004cb4                OSMemGet
                0x0000000000004da4                OSMemNameGet
                0x0000000000004e9c                OSMemNameSet
                0x0000000000004fb4                OSMemPut
                0x000000000000508c                OSMemQuery
                0x0000000000005174                OS_MemInit
 .text          0x0000000000005244     0x1210 C:/Users/michi/OneDrive/Documenten/GitHub/TRON-NEON/TRON-NEON_bsp/\libucosii_bsp.a(os_q.o)
                0x0000000000005244                OSQAccept
                0x0000000000005384                OSQCreate
                0x0000000000005580                OSQDel
                0x0000000000005848                OSQFlush
                0x0000000000005900                OSQPend
                0x0000000000005bfc                OSQPendAbort
                0x0000000000005d68                OSQPost
                0x0000000000005ed0                OSQPostFront
                0x0000000000006040                OSQPostOpt
                0x000000000000624c                OSQQuery
                0x00000000000063a8                OS_QInit
 .text          0x0000000000006454      0xb08 C:/Users/michi/OneDrive/Documenten/GitHub/TRON-NEON/TRON-NEON_bsp/\libucosii_bsp.a(os_sem.o)
                0x0000000000006454                OSSemAccept
                0x0000000000006504                OSSemCreate
                0x0000000000006604                OSSemDel
                0x000000000000686c                OSSemPend
                0x0000000000006ad4                OSSemPendAbort
                0x0000000000006c40                OSSemPost
                0x0000000000006d50                OSSemQuery
                0x0000000000006e60                OSSemSet
 .text          0x0000000000006f5c     0x18f4 C:/Users/michi/OneDrive/Documenten/GitHub/TRON-NEON/TRON-NEON_bsp/\libucosii_bsp.a(os_task.o)
                0x0000000000006f5c                OSTaskChangePrio
                0x000000000000749c                OSTaskCreate
                0x0000000000007658                OSTaskCreateExt
                0x0000000000007844                OSTaskDel
                0x0000000000007c24                OSTaskDelReq
                0x0000000000007d7c                OSTaskNameGet
                0x0000000000007f24                OSTaskNameSet
                0x00000000000080e4                OSTaskResume
                0x00000000000082dc                OSTaskStkChk
                0x00000000000084a4                OSTaskSuspend
                0x00000000000086b8                OSTaskQuery
                0x00000000000087e4                OS_TaskStkClr
 .text          0x0000000000008850      0x568 C:/Users/michi/OneDrive/Documenten/GitHub/TRON-NEON/TRON-NEON_bsp/\libucosii_bsp.a(os_time.o)
                0x0000000000008850                OSTimeDly
                0x0000000000008998                OSTimeDlyHMSM
                0x0000000000008b00                OSTimeDlyResume
                0x0000000000008cf0                OSTimeGet
                0x0000000000008d54                OSTimeSet
 .text          0x0000000000008db8      0x444 C:/Users/michi/OneDrive/Documenten/GitHub/TRON-NEON/TRON-NEON_bsp/\libucosii_bsp.a(alt_sys_init.o)
                0x0000000000008df0                alt_irq_init
                0x0000000000008e24                alt_sys_init
 .text          0x00000000000091fc      0x164 C:/Users/michi/OneDrive/Documenten/GitHub/TRON-NEON/TRON-NEON_bsp/\libucosii_bsp.a(altera_avalon_jtag_uart_fd.o)
                0x00000000000091fc                altera_avalon_jtag_uart_read_fd
                0x000000000000925c                altera_avalon_jtag_uart_write_fd
                0x00000000000092bc                altera_avalon_jtag_uart_close_fd
                0x000000000000930c                altera_avalon_jtag_uart_ioctl_fd
 .text          0x0000000000009360      0x560 C:/Users/michi/OneDrive/Documenten/GitHub/TRON-NEON/TRON-NEON_bsp/\libucosii_bsp.a(altera_avalon_jtag_uart_init.o)
                0x0000000000009360                altera_avalon_jtag_uart_init
                0x0000000000009858                altera_avalon_jtag_uart_close
 .text          0x00000000000098c0       0xec C:/Users/michi/OneDrive/Documenten/GitHub/TRON-NEON/TRON-NEON_bsp/\libucosii_bsp.a(altera_avalon_jtag_uart_ioctl.o)
                0x00000000000098c0                altera_avalon_jtag_uart_ioctl
 .text          0x00000000000099ac      0x2b4 C:/Users/michi/OneDrive/Documenten/GitHub/TRON-NEON/TRON-NEON_bsp/\libucosii_bsp.a(altera_avalon_jtag_uart_read.o)
                0x00000000000099ac                altera_avalon_jtag_uart_read
 .text          0x0000000000009c60      0x2c0 C:/Users/michi/OneDrive/Documenten/GitHub/TRON-NEON/TRON-NEON_bsp/\libucosii_bsp.a(altera_avalon_jtag_uart_write.o)
                0x0000000000009c60                altera_avalon_jtag_uart_write
 .text          0x0000000000009f20       0xf8 C:/Users/michi/OneDrive/Documenten/GitHub/TRON-NEON/TRON-NEON_bsp/\libucosii_bsp.a(altera_avalon_timer_sc.o)
                0x0000000000009f98                alt_avalon_timer_sc_init
 .text          0x000000000000a018      0x4d8 C:/Users/michi/OneDrive/Documenten/GitHub/TRON-NEON/TRON-NEON_bsp/\libucosii_bsp.a(altera_up_avalon_character_lcd.o)
                0x000000000000a018                get_DDRAM_addr
                0x000000000000a08c                alt_up_character_lcd_send_cmd
                0x000000000000a0c8                alt_up_character_lcd_init
                0x000000000000a0fc                alt_up_character_lcd_open_dev
                0x000000000000a13c                alt_up_character_lcd_write
                0x000000000000a1b4                alt_up_character_lcd_string
                0x000000000000a228                alt_up_character_lcd_write_fd
                0x000000000000a278                alt_up_character_lcd_set_cursor_pos
                0x000000000000a2ec                alt_up_character_lcd_shift_cursor
                0x000000000000a374                alt_up_character_lcd_shift_display
                0x000000000000a3fc                alt_up_character_lcd_erase_pos
                0x000000000000a488                alt_up_character_lcd_cursor_off
                0x000000000000a4bc                alt_up_character_lcd_cursor_blink_on
 .text          0x000000000000a4f0      0x388 C:/Users/michi/OneDrive/Documenten/GitHub/TRON-NEON/TRON-NEON_bsp/\libucosii_bsp.a(altera_up_avalon_irda.o)
                0x000000000000a4f0                alt_up_irda_enable_read_interrupt
                0x000000000000a548                alt_up_irda_disable_read_interrupt
                0x000000000000a5a4                alt_up_irda_get_used_space_in_read_FIFO
                0x000000000000a5e4                alt_up_irda_get_available_space_in_write_FIFO
                0x000000000000a620                alt_up_irda_check_parity
                0x000000000000a664                alt_up_irda_write_data
                0x000000000000a6a4                alt_up_irda_read_data
                0x000000000000a718                alt_up_irda_read_fd
                0x000000000000a7a8                alt_up_irda_write_fd
                0x000000000000a838                alt_up_irda_open_dev
 .text          0x000000000000a878      0x6b4 C:/Users/michi/OneDrive/Documenten/GitHub/TRON-NEON/TRON-NEON_bsp/\libucosii_bsp.a(altera_up_avalon_ps2.o)
                0x000000000000a878                read_RI_bit
                0x000000000000a8ac                read_RE_bit
                0x000000000000a8dc                read_CE_bit
                0x000000000000a910                read_num_bytes_available
                0x000000000000a940                read_data_valid
                0x000000000000a974                read_data_byte
                0x000000000000a9a0                alt_up_ps2_init
                0x000000000000aa64                alt_up_ps2_enable_read_interrupt
                0x000000000000aabc                alt_up_ps2_disable_read_interrupt
                0x000000000000ab18                alt_up_ps2_write_data_byte
                0x000000000000ab8c                alt_up_ps2_wait_for_ack
                0x000000000000abfc                alt_up_ps2_write_data_byte_with_ack
                0x000000000000ac60                alt_up_ps2_read_data_byte_timeout
                0x000000000000ad04                alt_up_ps2_read_data_byte
                0x000000000000ad74                alt_up_ps2_clear_fifo
                0x000000000000adc8                alt_up_ps2_read_fd
                0x000000000000ae54                alt_up_ps2_write_fd
                0x000000000000aeec                alt_up_ps2_open_dev
 .text          0x000000000000af2c      0x38c C:/Users/michi/OneDrive/Documenten/GitHub/TRON-NEON/TRON-NEON_bsp/\libucosii_bsp.a(altera_up_avalon_rs232.o)
                0x000000000000af2c                alt_up_rs232_enable_read_interrupt
                0x000000000000af84                alt_up_rs232_disable_read_interrupt
                0x000000000000afe0                alt_up_rs232_get_used_space_in_read_FIFO
                0x000000000000b020                alt_up_rs232_get_available_space_in_write_FIFO
                0x000000000000b05c                alt_up_rs232_check_parity
                0x000000000000b0a0                alt_up_rs232_write_data
                0x000000000000b0e0                alt_up_rs232_read_data
                0x000000000000b154                alt_up_rs232_read_fd
                0x000000000000b1e4                alt_up_rs232_write_fd
                0x000000000000b278                alt_up_rs232_open_dev
 .text          0x000000000000b2b8      0x2e8 C:/Users/michi/OneDrive/Documenten/GitHub/TRON-NEON/TRON-NEON_bsp/\libucosii_bsp.a(altera_up_avalon_video_character_buffer_with_dma.o)
                0x000000000000b2b8                alt_up_char_buffer_init
                0x000000000000b338                alt_up_char_buffer_open_dev
                0x000000000000b378                alt_up_char_buffer_draw
                0x000000000000b444                alt_up_char_buffer_string
                0x000000000000b544                alt_up_char_buffer_clear
 .text          0x000000000000b5a0      0x140 C:/Users/michi/OneDrive/Documenten/GitHub/TRON-NEON/TRON-NEON_bsp/\libucosii_bsp.a(alt_alarm_start.o)
                0x000000000000b5a0                alt_alarm_start
 .text          0x000000000000b6e0      0x120 C:/Users/michi/OneDrive/Documenten/GitHub/TRON-NEON/TRON-NEON_bsp/\libucosii_bsp.a(alt_close.o)
                0x000000000000b730                close
 .text          0x000000000000b800       0x1c C:/Users/michi/OneDrive/Documenten/GitHub/TRON-NEON/TRON-NEON_bsp/\libucosii_bsp.a(alt_dcache_flush_all.o)
                0x000000000000b800                alt_dcache_flush_all
 .text          0x000000000000b81c       0x2c C:/Users/michi/OneDrive/Documenten/GitHub/TRON-NEON/TRON-NEON_bsp/\libucosii_bsp.a(alt_dev.o)
 .text          0x000000000000b848       0xf4 C:/Users/michi/OneDrive/Documenten/GitHub/TRON-NEON/TRON-NEON_bsp/\libucosii_bsp.a(alt_dev_llist_insert.o)
                0x000000000000b898                alt_dev_llist_insert
 .text          0x000000000000b93c       0x5c C:/Users/michi/OneDrive/Documenten/GitHub/TRON-NEON/TRON-NEON_bsp/\libucosii_bsp.a(alt_do_ctors.o)
                0x000000000000b93c                _do_ctors
 .text          0x000000000000b998       0x5c C:/Users/michi/OneDrive/Documenten/GitHub/TRON-NEON/TRON-NEON_bsp/\libucosii_bsp.a(alt_do_dtors.o)
                0x000000000000b998                _do_dtors
 .text          0x000000000000b9f4        0x0 C:/Users/michi/OneDrive/Documenten/GitHub/TRON-NEON/TRON-NEON_bsp/\libucosii_bsp.a(alt_errno.o)
 .text          0x000000000000b9f4       0x90 C:/Users/michi/OneDrive/Documenten/GitHub/TRON-NEON/TRON-NEON_bsp/\libucosii_bsp.a(alt_find_dev.o)
                0x000000000000b9f4                alt_find_dev
 .text          0x000000000000ba84       0x30 C:/Users/michi/OneDrive/Documenten/GitHub/TRON-NEON/TRON-NEON_bsp/\libucosii_bsp.a(alt_icache_flush_all.o)
                0x000000000000ba84                alt_icache_flush_all
 .text          0x000000000000bab4      0x138 C:/Users/michi/OneDrive/Documenten/GitHub/TRON-NEON/TRON-NEON_bsp/\libucosii_bsp.a(alt_io_redirect.o)
                0x000000000000bb74                alt_io_redirect
 .text          0x000000000000bbec      0x1b0 C:/Users/michi/OneDrive/Documenten/GitHub/TRON-NEON/TRON-NEON_bsp/\libucosii_bsp.a(alt_irq_register.o)
                0x000000000000bbec                alt_irq_register
 .text          0x000000000000bd9c        0x0 C:/Users/michi/OneDrive/Documenten/GitHub/TRON-NEON/TRON-NEON_bsp/\libucosii_bsp.a(alt_irq_vars.o)
 .text          0x000000000000bd9c      0x274 C:/Users/michi/OneDrive/Documenten/GitHub/TRON-NEON/TRON-NEON_bsp/\libucosii_bsp.a(alt_open.o)
                0x000000000000beb8                open
 .text          0x000000000000c010       0x60 C:/Users/michi/OneDrive/Documenten/GitHub/TRON-NEON/TRON-NEON_bsp/\libucosii_bsp.a(alt_release_fd.o)
                0x000000000000c010                alt_release_fd
 .text          0x000000000000c070      0x19c C:/Users/michi/OneDrive/Documenten/GitHub/TRON-NEON/TRON-NEON_bsp/\libucosii_bsp.a(alt_tick.o)
                0x000000000000c070                alt_alarm_stop
                0x000000000000c108                alt_tick
 .text          0x000000000000c20c       0x20 C:/Users/michi/OneDrive/Documenten/GitHub/TRON-NEON/TRON-NEON_bsp/\libucosii_bsp.a(altera_nios2_gen2_irq.o)
                0x000000000000c20c                altera_nios2_gen2_irq_init
 .text          0x000000000000c22c       0xd0 C:/Users/michi/OneDrive/Documenten/GitHub/TRON-NEON/TRON-NEON_bsp/\libucosii_bsp.a(os_cpu_a.o)
                0x000000000000c22c                OSCtxSw
                0x000000000000c22c                OSIntCtxSw
                0x000000000000c2b8                OSStartHighRdy
                0x000000000000c2d8                OSStartTsk
 .text          0x000000000000c2fc      0x264 C:/Users/michi/OneDrive/Documenten/GitHub/TRON-NEON/TRON-NEON_bsp/\libucosii_bsp.a(os_cpu_c.o)
                0x000000000000c2fc                OSTaskStkInit
                0x000000000000c458                OSTaskCreateHook
                0x000000000000c478                OSTaskDelHook
                0x000000000000c498                OSTaskSwHook
                0x000000000000c4b4                OSTaskStatHook
                0x000000000000c4d0                OSTimeTickHook
                0x000000000000c4ec                OSInitHookBegin
                0x000000000000c508                OSInitHookEnd
                0x000000000000c524                OSTaskIdleHook
                0x000000000000c540                OSTCBInitHook
 .text          0x000000000000c560      0x114 C:/Users/michi/OneDrive/Documenten/GitHub/TRON-NEON/TRON-NEON_bsp/\libucosii_bsp.a(alt_find_file.o)
                0x000000000000c560                alt_find_file
 .text          0x000000000000c674       0xfc C:/Users/michi/OneDrive/Documenten/GitHub/TRON-NEON/TRON-NEON_bsp/\libucosii_bsp.a(alt_get_fd.o)
                0x000000000000c674                alt_get_fd
 .text          0x000000000000c770       0x8c C:/Users/michi/OneDrive/Documenten/GitHub/TRON-NEON/TRON-NEON_bsp/\libucosii_bsp.a(alt_icache_flush.o)
                0x000000000000c770                alt_icache_flush
 .text          0x000000000000c7fc        0x0 C:/Users/michi/OneDrive/Documenten/GitHub/TRON-NEON/TRON-NEON_bsp/\libucosii_bsp.a(alt_irq_entry.o)
 .text          0x000000000000c7fc        0x0 C:/Users/michi/OneDrive/Documenten/GitHub/TRON-NEON/TRON-NEON_bsp/\libucosii_bsp.a(alt_irq_handler.o)
 .text          0x000000000000c7fc        0x0 C:/Users/michi/OneDrive/Documenten/GitHub/TRON-NEON/TRON-NEON_bsp/\libucosii_bsp.a(alt_exception_entry.o)
 .text          0x000000000000c7fc       0x9c C:/Users/michi/OneDrive/Documenten/GitHub/TRON-NEON/TRON-NEON_bsp/\libucosii_bsp.a(alt_instruction_exception_entry.o)
                0x000000000000c7fc                alt_exception_cause_generated_bad_addr
 .text          0x000000000000c898        0x0 c:/altera_lite/15.1/nios2eds/bin/gnu/h-x86_64-mingw32/bin/../lib/gcc/nios2-elf/4.9.2/../../../../../H-x86_64-mingw32/nios2-elf/lib/mhw-mulx\libc.a(lib_a-atexit.o)
 .text.atexit   0x000000000000c898       0x14 c:/altera_lite/15.1/nios2eds/bin/gnu/h-x86_64-mingw32/bin/../lib/gcc/nios2-elf/4.9.2/../../../../../H-x86_64-mingw32/nios2-elf/lib/mhw-mulx\libc.a(lib_a-atexit.o)
                0x000000000000c898                atexit
 .text          0x000000000000c8ac        0x0 c:/altera_lite/15.1/nios2eds/bin/gnu/h-x86_64-mingw32/bin/../lib/gcc/nios2-elf/4.9.2/../../../../../H-x86_64-mingw32/nios2-elf/lib/mhw-mulx\libc.a(lib_a-exit.o)
 .text.exit     0x000000000000c8ac       0x38 c:/altera_lite/15.1/nios2eds/bin/gnu/h-x86_64-mingw32/bin/../lib/gcc/nios2-elf/4.9.2/../../../../../H-x86_64-mingw32/nios2-elf/lib/mhw-mulx\libc.a(lib_a-exit.o)
                0x000000000000c8ac                exit
 .text          0x000000000000c8e4        0x0 c:/altera_lite/15.1/nios2eds/bin/gnu/h-x86_64-mingw32/bin/../lib/gcc/nios2-elf/4.9.2/../../../../../H-x86_64-mingw32/nios2-elf/lib/mhw-mulx\libc.a(lib_a-impure.o)
 .text          0x000000000000c8e4        0x0 c:/altera_lite/15.1/nios2eds/bin/gnu/h-x86_64-mingw32/bin/../lib/gcc/nios2-elf/4.9.2/../../../../../H-x86_64-mingw32/nios2-elf/lib/mhw-mulx\libc.a(lib_a-int_errno.o)
 .text          0x000000000000c8e4        0x0 c:/altera_lite/15.1/nios2eds/bin/gnu/h-x86_64-mingw32/bin/../lib/gcc/nios2-elf/4.9.2/../../../../../H-x86_64-mingw32/nios2-elf/lib/mhw-mulx\libc.a(lib_a-memcmp.o)
 .text.memcmp   0x000000000000c8e4       0x7c c:/altera_lite/15.1/nios2eds/bin/gnu/h-x86_64-mingw32/bin/../lib/gcc/nios2-elf/4.9.2/../../../../../H-x86_64-mingw32/nios2-elf/lib/mhw-mulx\libc.a(lib_a-memcmp.o)
                0x000000000000c8e4                memcmp
 .text          0x000000000000c960        0x0 c:/altera_lite/15.1/nios2eds/bin/gnu/h-x86_64-mingw32/bin/../lib/gcc/nios2-elf/4.9.2/../../../../../H-x86_64-mingw32/nios2-elf/lib/mhw-mulx\libc.a(lib_a-memset.o)
 .text.memset   0x000000000000c960      0x124 c:/altera_lite/15.1/nios2eds/bin/gnu/h-x86_64-mingw32/bin/../lib/gcc/nios2-elf/4.9.2/../../../../../H-x86_64-mingw32/nios2-elf/lib/mhw-mulx\libc.a(lib_a-memset.o)
                0x000000000000c960                memset
 .text          0x000000000000ca84        0x0 c:/altera_lite/15.1/nios2eds/bin/gnu/h-x86_64-mingw32/bin/../lib/gcc/nios2-elf/4.9.2/../../../../../H-x86_64-mingw32/nios2-elf/lib/mhw-mulx\libc.a(lib_a-strcmp.o)
 .text.strcmp   0x000000000000ca84       0xa4 c:/altera_lite/15.1/nios2eds/bin/gnu/h-x86_64-mingw32/bin/../lib/gcc/nios2-elf/4.9.2/../../../../../H-x86_64-mingw32/nios2-elf/lib/mhw-mulx\libc.a(lib_a-strcmp.o)
                0x000000000000ca84                strcmp
 .text          0x000000000000cb28        0x0 c:/altera_lite/15.1/nios2eds/bin/gnu/h-x86_64-mingw32/bin/../lib/gcc/nios2-elf/4.9.2/../../../../../H-x86_64-mingw32/nios2-elf/lib/mhw-mulx\libc.a(lib_a-strlen.o)
 .text.strlen   0x000000000000cb28       0x98 c:/altera_lite/15.1/nios2eds/bin/gnu/h-x86_64-mingw32/bin/../lib/gcc/nios2-elf/4.9.2/../../../../../H-x86_64-mingw32/nios2-elf/lib/mhw-mulx\libc.a(lib_a-strlen.o)
                0x000000000000cb28                strlen
 .text          0x000000000000cbc0        0x0 c:/altera_lite/15.1/nios2eds/bin/gnu/h-x86_64-mingw32/bin/../lib/gcc/nios2-elf/4.9.2/../../../../../H-x86_64-mingw32/nios2-elf/lib/mhw-mulx\libc.a(lib_a-__atexit.o)
 .text.__register_exitproc
                0x000000000000cbc0      0x114 c:/altera_lite/15.1/nios2eds/bin/gnu/h-x86_64-mingw32/bin/../lib/gcc/nios2-elf/4.9.2/../../../../../H-x86_64-mingw32/nios2-elf/lib/mhw-mulx\libc.a(lib_a-__atexit.o)
                0x000000000000cbc0                __register_exitproc
 .text          0x000000000000ccd4        0x0 c:/altera_lite/15.1/nios2eds/bin/gnu/h-x86_64-mingw32/bin/../lib/gcc/nios2-elf/4.9.2/../../../../../H-x86_64-mingw32/nios2-elf/lib/mhw-mulx\libc.a(lib_a-__call_atexit.o)
 .text.__call_exitprocs
                0x000000000000ccd4      0x194 c:/altera_lite/15.1/nios2eds/bin/gnu/h-x86_64-mingw32/bin/../lib/gcc/nios2-elf/4.9.2/../../../../../H-x86_64-mingw32/nios2-elf/lib/mhw-mulx\libc.a(lib_a-__call_atexit.o)
                0x000000000000ccd4                __call_exitprocs
 .text          0x000000000000ce68       0x3c C:/Users/michi/OneDrive/Documenten/GitHub/TRON-NEON/TRON-NEON_bsp/\libucosii_bsp.a(alt_exit.o)
                0x000000000000ce68                _exit
 *(.gnu.warning.*)
 *(.fini)
                0x000000000000cea4                PROVIDE (__etext, ABSOLUTE (.))
                0x000000000000cea4                PROVIDE (_etext, ABSOLUTE (.))
                0x000000000000cea4                PROVIDE (etext, ABSOLUTE (.))
 *(.eh_frame_hdr)
                0x000000000000cea4                . = ALIGN (0x4)
                0x000000000000cea4                PROVIDE (__preinit_array_start, ABSOLUTE (.))
 *(.preinit_array)
                0x000000000000cea4                PROVIDE (__preinit_array_end, ABSOLUTE (.))
                0x000000000000cea4                PROVIDE (__init_array_start, ABSOLUTE (.))
 *(.init_array)
                0x000000000000cea4                PROVIDE (__init_array_end, ABSOLUTE (.))
                0x000000000000cea4                PROVIDE (__fini_array_start, ABSOLUTE (.))
 *(.fini_array)
                0x000000000000cea4                PROVIDE (__fini_array_end, ABSOLUTE (.))
 *(.eh_frame)
 *(.gcc_except_table .gcc_except_table.*)
 *(.dynamic)
                0x000000000000cea4                PROVIDE (__CTOR_LIST__, ABSOLUTE (.))
 *(.ctors)
 *(SORT(.ctors.*))
                0x000000000000cea4                PROVIDE (__CTOR_END__, ABSOLUTE (.))
                0x000000000000cea4                PROVIDE (__DTOR_LIST__, ABSOLUTE (.))
 *(.dtors)
 *(SORT(.dtors.*))
                0x000000000000cea4                PROVIDE (__DTOR_END__, ABSOLUTE (.))
 *(.jcr)
                0x000000000000cea4                . = ALIGN (0x4)

.rodata         0x000000000000cea4      0x300
                0x000000000000cea4                PROVIDE (__ram_rodata_start, ABSOLUTE (.))
                0x000000000000cea4                . = ALIGN (0x4)
 *(.rodata .rodata.* .gnu.linkonce.r.*)
 .rodata        0x000000000000cea4       0x10 obj/default/hello_ucosii.o
 .rodata        0x000000000000ceb4       0x10 C:/Users/michi/OneDrive/Documenten/GitHub/TRON-NEON/TRON-NEON_bsp/\libucosii_bsp.a(alt_main.o)
 .rodata        0x000000000000cec4      0x120 C:/Users/michi/OneDrive/Documenten/GitHub/TRON-NEON/TRON-NEON_bsp/\libucosii_bsp.a(os_core.o)
                0x000000000000cec4                OSUnMapTbl
 .rodata        0x000000000000cfe4      0x190 C:/Users/michi/OneDrive/Documenten/GitHub/TRON-NEON/TRON-NEON_bsp/\libucosii_bsp.a(alt_sys_init.o)
 .rodata        0x000000000000d174       0x1c C:/Users/michi/OneDrive/Documenten/GitHub/TRON-NEON/TRON-NEON_bsp/\libucosii_bsp.a(altera_up_avalon_video_character_buffer_with_dma.o)
 .rodata        0x000000000000d190        0xc C:/Users/michi/OneDrive/Documenten/GitHub/TRON-NEON/TRON-NEON_bsp/\libucosii_bsp.a(alt_dev.o)
 .rodata        0x000000000000d19c        0x4 C:/Users/michi/OneDrive/Documenten/GitHub/TRON-NEON/TRON-NEON_bsp/\libucosii_bsp.a(os_cpu_c.o)
 .rodata.str1.4
                0x000000000000d1a0        0x4 c:/altera_lite/15.1/nios2eds/bin/gnu/h-x86_64-mingw32/bin/../lib/gcc/nios2-elf/4.9.2/../../../../../H-x86_64-mingw32/nios2-elf/lib/mhw-mulx\libc.a(lib_a-impure.o)
 *(.rodata1)
                0x000000000000d1a4                . = ALIGN (0x4)
                0x000000000000d1a4                PROVIDE (__ram_rodata_end, ABSOLUTE (.))
                0x000000000000cea4                PROVIDE (__flash_rodata_start, LOADADDR (.rodata))

.rwdata         0x000000000000d1a4     0x1a64 load address 0x000000000000ec08
                0x000000000000d1a4                PROVIDE (__ram_rwdata_start, ABSOLUTE (.))
                0x000000000000d1a4                . = ALIGN (0x4)
 *(.got.plt)
 *(.got)
 *(.data1)
 *(.data .data.* .gnu.linkonce.d.*)
 .data          0x000000000000d1a4        0x0 C:/Users/michi/OneDrive/Documenten/GitHub/TRON-NEON/TRON-NEON_bsp//obj/HAL/src/crt0.o
 .data          0x000000000000d1a4        0x0 obj/default/hello_ucosii.o
 .data          0x000000000000d1a4        0x0 c:/altera_lite/15.1/nios2eds/bin/gnu/h-x86_64-mingw32/bin/../lib/gcc/nios2-elf/4.9.2/../../../../../H-x86_64-mingw32/nios2-elf/lib/mhw-mulx\libc.a(lib_a-memcpy.o)
 .data          0x000000000000d1a4        0x0 C:/Users/michi/OneDrive/Documenten/GitHub/TRON-NEON/TRON-NEON_bsp/\libucosii_bsp.a(alt_load.o)
 .data          0x000000000000d1a4        0x0 C:/Users/michi/OneDrive/Documenten/GitHub/TRON-NEON/TRON-NEON_bsp/\libucosii_bsp.a(alt_main.o)
 .data          0x000000000000d1a4        0x0 C:/Users/michi/OneDrive/Documenten/GitHub/TRON-NEON/TRON-NEON_bsp/\libucosii_bsp.a(alt_env_lock.o)
 .data          0x000000000000d1a4        0x0 C:/Users/michi/OneDrive/Documenten/GitHub/TRON-NEON/TRON-NEON_bsp/\libucosii_bsp.a(alt_malloc_lock.o)
 .data          0x000000000000d1a4        0x0 C:/Users/michi/OneDrive/Documenten/GitHub/TRON-NEON/TRON-NEON_bsp/\libucosii_bsp.a(os_core.o)
 .data          0x000000000000d1a4        0x0 C:/Users/michi/OneDrive/Documenten/GitHub/TRON-NEON/TRON-NEON_bsp/\libucosii_bsp.a(os_dbg.o)
 .data          0x000000000000d1a4        0x0 C:/Users/michi/OneDrive/Documenten/GitHub/TRON-NEON/TRON-NEON_bsp/\libucosii_bsp.a(os_flag.o)
 .data          0x000000000000d1a4        0x0 C:/Users/michi/OneDrive/Documenten/GitHub/TRON-NEON/TRON-NEON_bsp/\libucosii_bsp.a(os_mem.o)
 .data          0x000000000000d1a4        0x0 C:/Users/michi/OneDrive/Documenten/GitHub/TRON-NEON/TRON-NEON_bsp/\libucosii_bsp.a(os_q.o)
 .data          0x000000000000d1a4        0x0 C:/Users/michi/OneDrive/Documenten/GitHub/TRON-NEON/TRON-NEON_bsp/\libucosii_bsp.a(os_sem.o)
 .data          0x000000000000d1a4        0x0 C:/Users/michi/OneDrive/Documenten/GitHub/TRON-NEON/TRON-NEON_bsp/\libucosii_bsp.a(os_task.o)
 .data          0x000000000000d1a4        0x0 C:/Users/michi/OneDrive/Documenten/GitHub/TRON-NEON/TRON-NEON_bsp/\libucosii_bsp.a(os_time.o)
 .data          0x000000000000d1a4     0x13f0 C:/Users/michi/OneDrive/Documenten/GitHub/TRON-NEON/TRON-NEON_bsp/\libucosii_bsp.a(alt_sys_init.o)
 .data          0x000000000000e594        0x0 C:/Users/michi/OneDrive/Documenten/GitHub/TRON-NEON/TRON-NEON_bsp/\libucosii_bsp.a(altera_avalon_jtag_uart_fd.o)
 .data          0x000000000000e594        0x0 C:/Users/michi/OneDrive/Documenten/GitHub/TRON-NEON/TRON-NEON_bsp/\libucosii_bsp.a(altera_avalon_jtag_uart_init.o)
 .data          0x000000000000e594        0x0 C:/Users/michi/OneDrive/Documenten/GitHub/TRON-NEON/TRON-NEON_bsp/\libucosii_bsp.a(altera_avalon_jtag_uart_ioctl.o)
 .data          0x000000000000e594        0x0 C:/Users/michi/OneDrive/Documenten/GitHub/TRON-NEON/TRON-NEON_bsp/\libucosii_bsp.a(altera_avalon_jtag_uart_read.o)
 .data          0x000000000000e594        0x0 C:/Users/michi/OneDrive/Documenten/GitHub/TRON-NEON/TRON-NEON_bsp/\libucosii_bsp.a(altera_avalon_jtag_uart_write.o)
 .data          0x000000000000e594        0x0 C:/Users/michi/OneDrive/Documenten/GitHub/TRON-NEON/TRON-NEON_bsp/\libucosii_bsp.a(altera_avalon_timer_sc.o)
 .data          0x000000000000e594        0x0 C:/Users/michi/OneDrive/Documenten/GitHub/TRON-NEON/TRON-NEON_bsp/\libucosii_bsp.a(altera_up_avalon_character_lcd.o)
 .data          0x000000000000e594        0x0 C:/Users/michi/OneDrive/Documenten/GitHub/TRON-NEON/TRON-NEON_bsp/\libucosii_bsp.a(altera_up_avalon_irda.o)
 .data          0x000000000000e594        0x0 C:/Users/michi/OneDrive/Documenten/GitHub/TRON-NEON/TRON-NEON_bsp/\libucosii_bsp.a(altera_up_avalon_ps2.o)
 .data          0x000000000000e594        0x0 C:/Users/michi/OneDrive/Documenten/GitHub/TRON-NEON/TRON-NEON_bsp/\libucosii_bsp.a(altera_up_avalon_rs232.o)
 .data          0x000000000000e594        0x0 C:/Users/michi/OneDrive/Documenten/GitHub/TRON-NEON/TRON-NEON_bsp/\libucosii_bsp.a(altera_up_avalon_video_character_buffer_with_dma.o)
 .data          0x000000000000e594        0x0 C:/Users/michi/OneDrive/Documenten/GitHub/TRON-NEON/TRON-NEON_bsp/\libucosii_bsp.a(alt_alarm_start.o)
 .data          0x000000000000e594        0x0 C:/Users/michi/OneDrive/Documenten/GitHub/TRON-NEON/TRON-NEON_bsp/\libucosii_bsp.a(alt_close.o)
 .data          0x000000000000e594        0x0 C:/Users/michi/OneDrive/Documenten/GitHub/TRON-NEON/TRON-NEON_bsp/\libucosii_bsp.a(alt_dcache_flush_all.o)
 .data          0x000000000000e594      0x1a8 C:/Users/michi/OneDrive/Documenten/GitHub/TRON-NEON/TRON-NEON_bsp/\libucosii_bsp.a(alt_dev.o)
                0x000000000000e594                alt_dev_null
                0x000000000000e5bc                alt_fd_list
 .data          0x000000000000e73c        0x0 C:/Users/michi/OneDrive/Documenten/GitHub/TRON-NEON/TRON-NEON_bsp/\libucosii_bsp.a(alt_dev_llist_insert.o)
 .data          0x000000000000e73c        0x0 C:/Users/michi/OneDrive/Documenten/GitHub/TRON-NEON/TRON-NEON_bsp/\libucosii_bsp.a(alt_do_ctors.o)
 .data          0x000000000000e73c        0x0 C:/Users/michi/OneDrive/Documenten/GitHub/TRON-NEON/TRON-NEON_bsp/\libucosii_bsp.a(alt_do_dtors.o)
 .data          0x000000000000e73c        0x0 C:/Users/michi/OneDrive/Documenten/GitHub/TRON-NEON/TRON-NEON_bsp/\libucosii_bsp.a(alt_errno.o)
 .data          0x000000000000e73c        0x0 C:/Users/michi/OneDrive/Documenten/GitHub/TRON-NEON/TRON-NEON_bsp/\libucosii_bsp.a(alt_find_dev.o)
 .data          0x000000000000e73c        0x0 C:/Users/michi/OneDrive/Documenten/GitHub/TRON-NEON/TRON-NEON_bsp/\libucosii_bsp.a(alt_icache_flush_all.o)
 .data          0x000000000000e73c        0x0 C:/Users/michi/OneDrive/Documenten/GitHub/TRON-NEON/TRON-NEON_bsp/\libucosii_bsp.a(alt_io_redirect.o)
 .data          0x000000000000e73c        0x0 C:/Users/michi/OneDrive/Documenten/GitHub/TRON-NEON/TRON-NEON_bsp/\libucosii_bsp.a(alt_irq_register.o)
 .data          0x000000000000e73c        0x0 C:/Users/michi/OneDrive/Documenten/GitHub/TRON-NEON/TRON-NEON_bsp/\libucosii_bsp.a(alt_irq_vars.o)
 .data          0x000000000000e73c        0x0 C:/Users/michi/OneDrive/Documenten/GitHub/TRON-NEON/TRON-NEON_bsp/\libucosii_bsp.a(alt_open.o)
 .data          0x000000000000e73c        0x0 C:/Users/michi/OneDrive/Documenten/GitHub/TRON-NEON/TRON-NEON_bsp/\libucosii_bsp.a(alt_release_fd.o)
 .data          0x000000000000e73c        0x0 C:/Users/michi/OneDrive/Documenten/GitHub/TRON-NEON/TRON-NEON_bsp/\libucosii_bsp.a(alt_tick.o)
 .data          0x000000000000e73c        0x0 C:/Users/michi/OneDrive/Documenten/GitHub/TRON-NEON/TRON-NEON_bsp/\libucosii_bsp.a(altera_nios2_gen2_irq.o)
 .data          0x000000000000e73c        0x0 C:/Users/michi/OneDrive/Documenten/GitHub/TRON-NEON/TRON-NEON_bsp/\libucosii_bsp.a(os_cpu_a.o)
 .data          0x000000000000e73c        0x0 C:/Users/michi/OneDrive/Documenten/GitHub/TRON-NEON/TRON-NEON_bsp/\libucosii_bsp.a(os_cpu_c.o)
 .data          0x000000000000e73c        0x0 C:/Users/michi/OneDrive/Documenten/GitHub/TRON-NEON/TRON-NEON_bsp/\libucosii_bsp.a(alt_find_file.o)
 .data          0x000000000000e73c        0x0 C:/Users/michi/OneDrive/Documenten/GitHub/TRON-NEON/TRON-NEON_bsp/\libucosii_bsp.a(alt_get_fd.o)
 .data          0x000000000000e73c        0x0 C:/Users/michi/OneDrive/Documenten/GitHub/TRON-NEON/TRON-NEON_bsp/\libucosii_bsp.a(alt_icache_flush.o)
 .data          0x000000000000e73c        0x0 C:/Users/michi/OneDrive/Documenten/GitHub/TRON-NEON/TRON-NEON_bsp/\libucosii_bsp.a(alt_irq_entry.o)
 .data          0x000000000000e73c        0x0 C:/Users/michi/OneDrive/Documenten/GitHub/TRON-NEON/TRON-NEON_bsp/\libucosii_bsp.a(alt_irq_handler.o)
 .data          0x000000000000e73c        0x0 C:/Users/michi/OneDrive/Documenten/GitHub/TRON-NEON/TRON-NEON_bsp/\libucosii_bsp.a(alt_exception_entry.o)
 .data          0x000000000000e73c        0x0 C:/Users/michi/OneDrive/Documenten/GitHub/TRON-NEON/TRON-NEON_bsp/\libucosii_bsp.a(alt_instruction_exception_entry.o)
 .data          0x000000000000e73c        0x0 c:/altera_lite/15.1/nios2eds/bin/gnu/h-x86_64-mingw32/bin/../lib/gcc/nios2-elf/4.9.2/../../../../../H-x86_64-mingw32/nios2-elf/lib/mhw-mulx\libc.a(lib_a-atexit.o)
 .data          0x000000000000e73c        0x0 c:/altera_lite/15.1/nios2eds/bin/gnu/h-x86_64-mingw32/bin/../lib/gcc/nios2-elf/4.9.2/../../../../../H-x86_64-mingw32/nios2-elf/lib/mhw-mulx\libc.a(lib_a-exit.o)
 .data          0x000000000000e73c        0x0 c:/altera_lite/15.1/nios2eds/bin/gnu/h-x86_64-mingw32/bin/../lib/gcc/nios2-elf/4.9.2/../../../../../H-x86_64-mingw32/nios2-elf/lib/mhw-mulx\libc.a(lib_a-impure.o)
 .data.impure_data
                0x000000000000e73c      0x424 c:/altera_lite/15.1/nios2eds/bin/gnu/h-x86_64-mingw32/bin/../lib/gcc/nios2-elf/4.9.2/../../../../../H-x86_64-mingw32/nios2-elf/lib/mhw-mulx\libc.a(lib_a-impure.o)
 .data          0x000000000000eb60        0x0 c:/altera_lite/15.1/nios2eds/bin/gnu/h-x86_64-mingw32/bin/../lib/gcc/nios2-elf/4.9.2/../../../../../H-x86_64-mingw32/nios2-elf/lib/mhw-mulx\libc.a(lib_a-int_errno.o)
 .data          0x000000000000eb60        0x0 c:/altera_lite/15.1/nios2eds/bin/gnu/h-x86_64-mingw32/bin/../lib/gcc/nios2-elf/4.9.2/../../../../../H-x86_64-mingw32/nios2-elf/lib/mhw-mulx\libc.a(lib_a-memcmp.o)
 .data          0x000000000000eb60        0x0 c:/altera_lite/15.1/nios2eds/bin/gnu/h-x86_64-mingw32/bin/../lib/gcc/nios2-elf/4.9.2/../../../../../H-x86_64-mingw32/nios2-elf/lib/mhw-mulx\libc.a(lib_a-memset.o)
 .data          0x000000000000eb60        0x0 c:/altera_lite/15.1/nios2eds/bin/gnu/h-x86_64-mingw32/bin/../lib/gcc/nios2-elf/4.9.2/../../../../../H-x86_64-mingw32/nios2-elf/lib/mhw-mulx\libc.a(lib_a-strcmp.o)
 .data          0x000000000000eb60        0x0 c:/altera_lite/15.1/nios2eds/bin/gnu/h-x86_64-mingw32/bin/../lib/gcc/nios2-elf/4.9.2/../../../../../H-x86_64-mingw32/nios2-elf/lib/mhw-mulx\libc.a(lib_a-strlen.o)
 .data          0x000000000000eb60        0x0 c:/altera_lite/15.1/nios2eds/bin/gnu/h-x86_64-mingw32/bin/../lib/gcc/nios2-elf/4.9.2/../../../../../H-x86_64-mingw32/nios2-elf/lib/mhw-mulx\libc.a(lib_a-__atexit.o)
 .data          0x000000000000eb60        0x0 c:/altera_lite/15.1/nios2eds/bin/gnu/h-x86_64-mingw32/bin/../lib/gcc/nios2-elf/4.9.2/../../../../../H-x86_64-mingw32/nios2-elf/lib/mhw-mulx\libc.a(lib_a-__call_atexit.o)
 .data          0x000000000000eb60        0x0 C:/Users/michi/OneDrive/Documenten/GitHub/TRON-NEON/TRON-NEON_bsp/\libucosii_bsp.a(alt_exit.o)
                0x0000000000016b60                _gp = ABSOLUTE ((. + 0x8000))
                0x0000000000016b60                PROVIDE (gp, _gp)
 *(.rwdata .rwdata.*)
 *(.sdata .sdata.* .gnu.linkonce.s.*)
 .sdata         0x000000000000eb60        0x4 C:/Users/michi/OneDrive/Documenten/GitHub/TRON-NEON/TRON-NEON_bsp/\libucosii_bsp.a(alt_env_lock.o)
 .sdata         0x000000000000eb64        0x4 C:/Users/michi/OneDrive/Documenten/GitHub/TRON-NEON/TRON-NEON_bsp/\libucosii_bsp.a(alt_malloc_lock.o)
 .sdata         0x000000000000eb68       0x74 C:/Users/michi/OneDrive/Documenten/GitHub/TRON-NEON/TRON-NEON_bsp/\libucosii_bsp.a(os_dbg.o)
                0x000000000000eb68                OSDebugEn
                0x000000000000eb6c                OSEndiannessTest
                0x000000000000eb70                OSEventEn
                0x000000000000eb72                OSEventMax
                0x000000000000eb74                OSEventNameSize
                0x000000000000eb76                OSEventSize
                0x000000000000eb78                OSEventTblSize
                0x000000000000eb7a                OSEventMultiEn
                0x000000000000eb7c                OSFlagEn
                0x000000000000eb7e                OSFlagGrpSize
                0x000000000000eb80                OSFlagNodeSize
                0x000000000000eb82                OSFlagWidth
                0x000000000000eb84                OSFlagMax
                0x000000000000eb86                OSFlagNameSize
                0x000000000000eb88                OSLowestPrio
                0x000000000000eb8a                OSMboxEn
                0x000000000000eb8c                OSMemEn
                0x000000000000eb8e                OSMemMax
                0x000000000000eb90                OSMemNameSize
                0x000000000000eb92                OSMemSize
                0x000000000000eb94                OSMemTblSize
                0x000000000000eb96                OSMutexEn
                0x000000000000eb98                OSPtrSize
                0x000000000000eb9a                OSQEn
                0x000000000000eb9c                OSQMax
                0x000000000000eb9e                OSQSize
                0x000000000000eba0                OSRdyTblSize
                0x000000000000eba2                OSSemEn
                0x000000000000eba4                OSStkWidth
                0x000000000000eba6                OSTaskCreateEn
                0x000000000000eba8                OSTaskCreateExtEn
                0x000000000000ebaa                OSTaskDelEn
                0x000000000000ebac                OSTaskIdleStkSize
                0x000000000000ebae                OSTaskProfileEn
                0x000000000000ebb0                OSTaskMax
                0x000000000000ebb2                OSTaskNameSize
                0x000000000000ebb4                OSTaskStatEn
                0x000000000000ebb6                OSTaskStatStkSize
                0x000000000000ebb8                OSTaskStatStkChkEn
                0x000000000000ebba                OSTaskSwHookEn
                0x000000000000ebbc                OSTCBPrioTblMax
                0x000000000000ebbe                OSTCBSize
                0x000000000000ebc0                OSTicksPerSec
                0x000000000000ebc2                OSTimeTickHookEn
                0x000000000000ebc4                OSVersionNbr
                0x000000000000ebc6                OSTmrEn
                0x000000000000ebc8                OSTmrCfgMax
                0x000000000000ebca                OSTmrCfgNameSize
                0x000000000000ebcc                OSTmrCfgWheelSize
                0x000000000000ebce                OSTmrCfgTicksPerSec
                0x000000000000ebd0                OSTmrSize
                0x000000000000ebd2                OSTmrTblSize
                0x000000000000ebd4                OSTmrWheelSize
                0x000000000000ebd6                OSTmrWheelTblSize
                0x000000000000ebd8                OSDataSize
 .sdata         0x000000000000ebdc       0x14 C:/Users/michi/OneDrive/Documenten/GitHub/TRON-NEON/TRON-NEON_bsp/\libucosii_bsp.a(alt_dev.o)
                0x000000000000ebdc                alt_fs_list
                0x000000000000ebe4                alt_dev_list
                0x000000000000ebec                alt_max_fd
 .sdata         0x000000000000ebf0        0x4 C:/Users/michi/OneDrive/Documenten/GitHub/TRON-NEON/TRON-NEON_bsp/\libucosii_bsp.a(alt_errno.o)
                0x000000000000ebf0                alt_errno
 .sdata         0x000000000000ebf4        0x4 C:/Users/michi/OneDrive/Documenten/GitHub/TRON-NEON/TRON-NEON_bsp/\libucosii_bsp.a(alt_irq_vars.o)
                0x000000000000ebf4                alt_priority_mask
 .sdata         0x000000000000ebf8        0x8 C:/Users/michi/OneDrive/Documenten/GitHub/TRON-NEON/TRON-NEON_bsp/\libucosii_bsp.a(alt_tick.o)
                0x000000000000ebf8                alt_alarm_list
 .sdata._global_impure_ptr
                0x000000000000ec00        0x4 c:/altera_lite/15.1/nios2eds/bin/gnu/h-x86_64-mingw32/bin/../lib/gcc/nios2-elf/4.9.2/../../../../../H-x86_64-mingw32/nios2-elf/lib/mhw-mulx\libc.a(lib_a-impure.o)
                0x000000000000ec00                _global_impure_ptr
 .sdata._impure_ptr
                0x000000000000ec04        0x4 c:/altera_lite/15.1/nios2eds/bin/gnu/h-x86_64-mingw32/bin/../lib/gcc/nios2-elf/4.9.2/../../../../../H-x86_64-mingw32/nios2-elf/lib/mhw-mulx\libc.a(lib_a-impure.o)
                0x000000000000ec04                _impure_ptr
 *(.sdata2 .sdata2.* .gnu.linkonce.s2.*)
                0x000000000000ec08                . = ALIGN (0x4)
                0x000000000000ec08                _edata = ABSOLUTE (.)
                0x000000000000ec08                PROVIDE (edata, ABSOLUTE (.))
                0x000000000000ec08                PROVIDE (__ram_rwdata_end, ABSOLUTE (.))
                0x000000000000ec08                PROVIDE (__flash_rwdata_start, LOADADDR (.rwdata))

.bss            0x000000000001066c     0x73ac
                0x000000000001066c                __bss_start = ABSOLUTE (.)
                0x000000000001066c                PROVIDE (__sbss_start, ABSOLUTE (.))
                0x000000000001066c                PROVIDE (___sbss_start, ABSOLUTE (.))
 *(.dynsbss)
 *(.sbss .sbss.* .gnu.linkonce.sb.*)
 .sbss          0x000000000001066c        0x4 obj/default/hello_ucosii.o
                0x000000000001066c                reset
 .sbss          0x0000000000010670        0xc C:/Users/michi/OneDrive/Documenten/GitHub/TRON-NEON/TRON-NEON_bsp/\libucosii_bsp.a(alt_main.o)
                0x0000000000010670                alt_argc
                0x0000000000010674                alt_argv
                0x0000000000010678                alt_envp
 .sbss          0x000000000001067c        0x8 C:/Users/michi/OneDrive/Documenten/GitHub/TRON-NEON/TRON-NEON_bsp/\libucosii_bsp.a(alt_env_lock.o)
                0x0000000000010680                alt_envsem
 .sbss          0x0000000000010684        0x8 C:/Users/michi/OneDrive/Documenten/GitHub/TRON-NEON/TRON-NEON_bsp/\libucosii_bsp.a(alt_malloc_lock.o)
                0x0000000000010688                alt_heapsem
 .sbss          0x000000000001068c       0x50 C:/Users/michi/OneDrive/Documenten/GitHub/TRON-NEON/TRON-NEON_bsp/\libucosii_bsp.a(os_core.o)
                0x000000000001068c                OSLockNesting
                0x000000000001068d                OSRunning
                0x0000000000010690                OSIdleCtr
                0x0000000000010694                OSPrioHighRdy
                0x0000000000010695                OSPrioCur
                0x0000000000010698                OSTCBList
                0x000000000001069c                OSTickStepState
                0x00000000000106a0                OSCtxSwCtr
                0x00000000000106a4                OSIdleCtrMax
                0x00000000000106a8                OSTCBFreeList
                0x00000000000106ac                OSCPUUsage
                0x00000000000106ad                OSTaskCtr
                0x00000000000106b0                OSMemFreeList
                0x00000000000106b4                OSTCBHighRdy
                0x00000000000106b8                OSQFreeList
                0x00000000000106bc                OSRdyGrp
                0x00000000000106bd                OSRdyTbl
                0x00000000000106c0                OSEventFreeList
                0x00000000000106c4                OSIntNesting
                0x00000000000106c8                OSTCBCur
                0x00000000000106cc                OSTime
                0x00000000000106d0                OSFlagFreeList
                0x00000000000106d4                OSStatRdy
                0x00000000000106d8                OSIdleCtrRun
 .sbss          0x00000000000106dc        0x4 C:/Users/michi/OneDrive/Documenten/GitHub/TRON-NEON/TRON-NEON_bsp/\libucosii_bsp.a(alt_dev.o)
                0x00000000000106dc                alt_fd_list_lock
 .sbss          0x00000000000106e0        0x4 C:/Users/michi/OneDrive/Documenten/GitHub/TRON-NEON/TRON-NEON_bsp/\libucosii_bsp.a(alt_irq_vars.o)
                0x00000000000106e0                alt_irq_active
 .sbss          0x00000000000106e4        0x8 C:/Users/michi/OneDrive/Documenten/GitHub/TRON-NEON/TRON-NEON_bsp/\libucosii_bsp.a(alt_tick.o)
                0x00000000000106e4                _alt_tick_rate
                0x00000000000106e8                _alt_nticks
 .sbss          0x00000000000106ec        0x4 C:/Users/michi/OneDrive/Documenten/GitHub/TRON-NEON/TRON-NEON_bsp/\libucosii_bsp.a(alt_instruction_exception_entry.o)
                0x00000000000106ec                alt_instruction_exception_handler
 .sbss          0x00000000000106f0        0x4 c:/altera_lite/15.1/nios2eds/bin/gnu/h-x86_64-mingw32/bin/../lib/gcc/nios2-elf/4.9.2/../../../../../H-x86_64-mingw32/nios2-elf/lib/mhw-mulx\libc.a(lib_a-int_errno.o)
                0x00000000000106f0                errno
 *(.sbss2 .sbss2.* .gnu.linkonce.sb2.*)
 *(.scommon)
                0x00000000000106f4                PROVIDE (__sbss_end, ABSOLUTE (.))
                0x00000000000106f4                PROVIDE (___sbss_end, ABSOLUTE (.))
 *(.dynbss)
 *(.bss .bss.* .gnu.linkonce.b.*)
 .bss           0x00000000000106f4        0x0 C:/Users/michi/OneDrive/Documenten/GitHub/TRON-NEON/TRON-NEON_bsp//obj/HAL/src/crt0.o
 .bss           0x00000000000106f4        0x0 obj/default/hello_ucosii.o
 .bss           0x00000000000106f4        0x0 c:/altera_lite/15.1/nios2eds/bin/gnu/h-x86_64-mingw32/bin/../lib/gcc/nios2-elf/4.9.2/../../../../../H-x86_64-mingw32/nios2-elf/lib/mhw-mulx\libc.a(lib_a-memcpy.o)
 .bss           0x00000000000106f4        0x0 C:/Users/michi/OneDrive/Documenten/GitHub/TRON-NEON/TRON-NEON_bsp/\libucosii_bsp.a(alt_load.o)
 .bss           0x00000000000106f4        0x0 C:/Users/michi/OneDrive/Documenten/GitHub/TRON-NEON/TRON-NEON_bsp/\libucosii_bsp.a(alt_main.o)
 .bss           0x00000000000106f4        0x0 C:/Users/michi/OneDrive/Documenten/GitHub/TRON-NEON/TRON-NEON_bsp/\libucosii_bsp.a(alt_env_lock.o)
 .bss           0x00000000000106f4        0x0 C:/Users/michi/OneDrive/Documenten/GitHub/TRON-NEON/TRON-NEON_bsp/\libucosii_bsp.a(alt_malloc_lock.o)
 .bss           0x00000000000106f4        0x0 C:/Users/michi/OneDrive/Documenten/GitHub/TRON-NEON/TRON-NEON_bsp/\libucosii_bsp.a(os_core.o)
 .bss           0x00000000000106f4        0x0 C:/Users/michi/OneDrive/Documenten/GitHub/TRON-NEON/TRON-NEON_bsp/\libucosii_bsp.a(os_dbg.o)
 .bss           0x00000000000106f4        0x0 C:/Users/michi/OneDrive/Documenten/GitHub/TRON-NEON/TRON-NEON_bsp/\libucosii_bsp.a(os_flag.o)
 .bss           0x00000000000106f4        0x0 C:/Users/michi/OneDrive/Documenten/GitHub/TRON-NEON/TRON-NEON_bsp/\libucosii_bsp.a(os_mem.o)
 .bss           0x00000000000106f4        0x0 C:/Users/michi/OneDrive/Documenten/GitHub/TRON-NEON/TRON-NEON_bsp/\libucosii_bsp.a(os_q.o)
 .bss           0x00000000000106f4        0x0 C:/Users/michi/OneDrive/Documenten/GitHub/TRON-NEON/TRON-NEON_bsp/\libucosii_bsp.a(os_sem.o)
 .bss           0x00000000000106f4        0x0 C:/Users/michi/OneDrive/Documenten/GitHub/TRON-NEON/TRON-NEON_bsp/\libucosii_bsp.a(os_task.o)
 .bss           0x00000000000106f4        0x0 C:/Users/michi/OneDrive/Documenten/GitHub/TRON-NEON/TRON-NEON_bsp/\libucosii_bsp.a(os_time.o)
 .bss           0x00000000000106f4        0x0 C:/Users/michi/OneDrive/Documenten/GitHub/TRON-NEON/TRON-NEON_bsp/\libucosii_bsp.a(alt_sys_init.o)
 .bss           0x00000000000106f4        0x0 C:/Users/michi/OneDrive/Documenten/GitHub/TRON-NEON/TRON-NEON_bsp/\libucosii_bsp.a(altera_avalon_jtag_uart_fd.o)
 .bss           0x00000000000106f4        0x0 C:/Users/michi/OneDrive/Documenten/GitHub/TRON-NEON/TRON-NEON_bsp/\libucosii_bsp.a(altera_avalon_jtag_uart_init.o)
 .bss           0x00000000000106f4        0x0 C:/Users/michi/OneDrive/Documenten/GitHub/TRON-NEON/TRON-NEON_bsp/\libucosii_bsp.a(altera_avalon_jtag_uart_ioctl.o)
 .bss           0x00000000000106f4        0x0 C:/Users/michi/OneDrive/Documenten/GitHub/TRON-NEON/TRON-NEON_bsp/\libucosii_bsp.a(altera_avalon_jtag_uart_read.o)
 .bss           0x00000000000106f4        0x0 C:/Users/michi/OneDrive/Documenten/GitHub/TRON-NEON/TRON-NEON_bsp/\libucosii_bsp.a(altera_avalon_jtag_uart_write.o)
 .bss           0x00000000000106f4        0x0 C:/Users/michi/OneDrive/Documenten/GitHub/TRON-NEON/TRON-NEON_bsp/\libucosii_bsp.a(altera_avalon_timer_sc.o)
 .bss           0x00000000000106f4        0x0 C:/Users/michi/OneDrive/Documenten/GitHub/TRON-NEON/TRON-NEON_bsp/\libucosii_bsp.a(altera_up_avalon_character_lcd.o)
 .bss           0x00000000000106f4        0x0 C:/Users/michi/OneDrive/Documenten/GitHub/TRON-NEON/TRON-NEON_bsp/\libucosii_bsp.a(altera_up_avalon_irda.o)
 .bss           0x00000000000106f4        0x0 C:/Users/michi/OneDrive/Documenten/GitHub/TRON-NEON/TRON-NEON_bsp/\libucosii_bsp.a(altera_up_avalon_ps2.o)
 .bss           0x00000000000106f4        0x0 C:/Users/michi/OneDrive/Documenten/GitHub/TRON-NEON/TRON-NEON_bsp/\libucosii_bsp.a(altera_up_avalon_rs232.o)
 .bss           0x00000000000106f4        0x0 C:/Users/michi/OneDrive/Documenten/GitHub/TRON-NEON/TRON-NEON_bsp/\libucosii_bsp.a(altera_up_avalon_video_character_buffer_with_dma.o)
 .bss           0x00000000000106f4        0x0 C:/Users/michi/OneDrive/Documenten/GitHub/TRON-NEON/TRON-NEON_bsp/\libucosii_bsp.a(alt_alarm_start.o)
 .bss           0x00000000000106f4        0x0 C:/Users/michi/OneDrive/Documenten/GitHub/TRON-NEON/TRON-NEON_bsp/\libucosii_bsp.a(alt_close.o)
 .bss           0x00000000000106f4        0x0 C:/Users/michi/OneDrive/Documenten/GitHub/TRON-NEON/TRON-NEON_bsp/\libucosii_bsp.a(alt_dcache_flush_all.o)
 .bss           0x00000000000106f4        0x0 C:/Users/michi/OneDrive/Documenten/GitHub/TRON-NEON/TRON-NEON_bsp/\libucosii_bsp.a(alt_dev.o)
 .bss           0x00000000000106f4        0x0 C:/Users/michi/OneDrive/Documenten/GitHub/TRON-NEON/TRON-NEON_bsp/\libucosii_bsp.a(alt_dev_llist_insert.o)
 .bss           0x00000000000106f4        0x0 C:/Users/michi/OneDrive/Documenten/GitHub/TRON-NEON/TRON-NEON_bsp/\libucosii_bsp.a(alt_do_ctors.o)
 .bss           0x00000000000106f4        0x0 C:/Users/michi/OneDrive/Documenten/GitHub/TRON-NEON/TRON-NEON_bsp/\libucosii_bsp.a(alt_do_dtors.o)
 .bss           0x00000000000106f4        0x0 C:/Users/michi/OneDrive/Documenten/GitHub/TRON-NEON/TRON-NEON_bsp/\libucosii_bsp.a(alt_errno.o)
 .bss           0x00000000000106f4        0x0 C:/Users/michi/OneDrive/Documenten/GitHub/TRON-NEON/TRON-NEON_bsp/\libucosii_bsp.a(alt_find_dev.o)
 .bss           0x00000000000106f4        0x0 C:/Users/michi/OneDrive/Documenten/GitHub/TRON-NEON/TRON-NEON_bsp/\libucosii_bsp.a(alt_icache_flush_all.o)
 .bss           0x00000000000106f4        0x0 C:/Users/michi/OneDrive/Documenten/GitHub/TRON-NEON/TRON-NEON_bsp/\libucosii_bsp.a(alt_io_redirect.o)
 .bss           0x00000000000106f4        0x0 C:/Users/michi/OneDrive/Documenten/GitHub/TRON-NEON/TRON-NEON_bsp/\libucosii_bsp.a(alt_irq_register.o)
 .bss           0x00000000000106f4        0x0 C:/Users/michi/OneDrive/Documenten/GitHub/TRON-NEON/TRON-NEON_bsp/\libucosii_bsp.a(alt_irq_vars.o)
 .bss           0x00000000000106f4        0x0 C:/Users/michi/OneDrive/Documenten/GitHub/TRON-NEON/TRON-NEON_bsp/\libucosii_bsp.a(alt_open.o)
 .bss           0x00000000000106f4        0x0 C:/Users/michi/OneDrive/Documenten/GitHub/TRON-NEON/TRON-NEON_bsp/\libucosii_bsp.a(alt_release_fd.o)
 .bss           0x00000000000106f4        0x0 C:/Users/michi/OneDrive/Documenten/GitHub/TRON-NEON/TRON-NEON_bsp/\libucosii_bsp.a(alt_tick.o)
 .bss           0x00000000000106f4        0x0 C:/Users/michi/OneDrive/Documenten/GitHub/TRON-NEON/TRON-NEON_bsp/\libucosii_bsp.a(altera_nios2_gen2_irq.o)
 .bss           0x00000000000106f4        0x0 C:/Users/michi/OneDrive/Documenten/GitHub/TRON-NEON/TRON-NEON_bsp/\libucosii_bsp.a(os_cpu_a.o)
 .bss           0x00000000000106f4        0x0 C:/Users/michi/OneDrive/Documenten/GitHub/TRON-NEON/TRON-NEON_bsp/\libucosii_bsp.a(os_cpu_c.o)
 .bss           0x00000000000106f4        0x0 C:/Users/michi/OneDrive/Documenten/GitHub/TRON-NEON/TRON-NEON_bsp/\libucosii_bsp.a(alt_find_file.o)
 .bss           0x00000000000106f4        0x0 C:/Users/michi/OneDrive/Documenten/GitHub/TRON-NEON/TRON-NEON_bsp/\libucosii_bsp.a(alt_get_fd.o)
 .bss           0x00000000000106f4        0x0 C:/Users/michi/OneDrive/Documenten/GitHub/TRON-NEON/TRON-NEON_bsp/\libucosii_bsp.a(alt_icache_flush.o)
 .bss           0x00000000000106f4        0x0 C:/Users/michi/OneDrive/Documenten/GitHub/TRON-NEON/TRON-NEON_bsp/\libucosii_bsp.a(alt_irq_entry.o)
 .bss           0x00000000000106f4        0x0 C:/Users/michi/OneDrive/Documenten/GitHub/TRON-NEON/TRON-NEON_bsp/\libucosii_bsp.a(alt_irq_handler.o)
 .bss           0x00000000000106f4        0x0 C:/Users/michi/OneDrive/Documenten/GitHub/TRON-NEON/TRON-NEON_bsp/\libucosii_bsp.a(alt_exception_entry.o)
 .bss           0x00000000000106f4        0x0 C:/Users/michi/OneDrive/Documenten/GitHub/TRON-NEON/TRON-NEON_bsp/\libucosii_bsp.a(alt_instruction_exception_entry.o)
 .bss           0x00000000000106f4        0x0 c:/altera_lite/15.1/nios2eds/bin/gnu/h-x86_64-mingw32/bin/../lib/gcc/nios2-elf/4.9.2/../../../../../H-x86_64-mingw32/nios2-elf/lib/mhw-mulx\libc.a(lib_a-atexit.o)
 .bss           0x00000000000106f4        0x0 c:/altera_lite/15.1/nios2eds/bin/gnu/h-x86_64-mingw32/bin/../lib/gcc/nios2-elf/4.9.2/../../../../../H-x86_64-mingw32/nios2-elf/lib/mhw-mulx\libc.a(lib_a-exit.o)
 .bss           0x00000000000106f4        0x0 c:/altera_lite/15.1/nios2eds/bin/gnu/h-x86_64-mingw32/bin/../lib/gcc/nios2-elf/4.9.2/../../../../../H-x86_64-mingw32/nios2-elf/lib/mhw-mulx\libc.a(lib_a-impure.o)
 .bss           0x00000000000106f4        0x0 c:/altera_lite/15.1/nios2eds/bin/gnu/h-x86_64-mingw32/bin/../lib/gcc/nios2-elf/4.9.2/../../../../../H-x86_64-mingw32/nios2-elf/lib/mhw-mulx\libc.a(lib_a-int_errno.o)
 .bss           0x00000000000106f4        0x0 c:/altera_lite/15.1/nios2eds/bin/gnu/h-x86_64-mingw32/bin/../lib/gcc/nios2-elf/4.9.2/../../../../../H-x86_64-mingw32/nios2-elf/lib/mhw-mulx\libc.a(lib_a-memcmp.o)
 .bss           0x00000000000106f4        0x0 c:/altera_lite/15.1/nios2eds/bin/gnu/h-x86_64-mingw32/bin/../lib/gcc/nios2-elf/4.9.2/../../../../../H-x86_64-mingw32/nios2-elf/lib/mhw-mulx\libc.a(lib_a-memset.o)
 .bss           0x00000000000106f4        0x0 c:/altera_lite/15.1/nios2eds/bin/gnu/h-x86_64-mingw32/bin/../lib/gcc/nios2-elf/4.9.2/../../../../../H-x86_64-mingw32/nios2-elf/lib/mhw-mulx\libc.a(lib_a-strcmp.o)
 .bss           0x00000000000106f4        0x0 c:/altera_lite/15.1/nios2eds/bin/gnu/h-x86_64-mingw32/bin/../lib/gcc/nios2-elf/4.9.2/../../../../../H-x86_64-mingw32/nios2-elf/lib/mhw-mulx\libc.a(lib_a-strlen.o)
 .bss           0x00000000000106f4        0x0 c:/altera_lite/15.1/nios2eds/bin/gnu/h-x86_64-mingw32/bin/../lib/gcc/nios2-elf/4.9.2/../../../../../H-x86_64-mingw32/nios2-elf/lib/mhw-mulx\libc.a(lib_a-__atexit.o)
 .bss           0x00000000000106f4        0x0 c:/altera_lite/15.1/nios2eds/bin/gnu/h-x86_64-mingw32/bin/../lib/gcc/nios2-elf/4.9.2/../../../../../H-x86_64-mingw32/nios2-elf/lib/mhw-mulx\libc.a(lib_a-__call_atexit.o)
 .bss           0x00000000000106f4        0x0 C:/Users/michi/OneDrive/Documenten/GitHub/TRON-NEON/TRON-NEON_bsp/\libucosii_bsp.a(alt_exit.o)
 *(COMMON)
 COMMON         0x00000000000106f4     0x4000 obj/default/hello_ucosii.o
                0x00000000000106f4                _stk
                0x00000000000126f4                task2_stk
 COMMON         0x00000000000146f4     0x3224 C:/Users/michi/OneDrive/Documenten/GitHub/TRON-NEON/TRON-NEON_bsp/\libucosii_bsp.a(os_core.o)
                0x00000000000146f4                OSFlagTbl
                0x0000000000014a64                OSMemTbl
                0x0000000000015694                OSTaskStatStk
                0x0000000000015e94                OSQTbl
                0x0000000000016074                OSTaskIdleStk
                0x0000000000016874                OSEventTbl
                0x00000000000173b4                OSTCBTbl
                0x00000000000178c4                OSTCBPrioTbl
 COMMON         0x0000000000017918      0x100 C:/Users/michi/OneDrive/Documenten/GitHub/TRON-NEON/TRON-NEON_bsp/\libucosii_bsp.a(alt_irq_handler.o)
                0x0000000000017918                alt_irq
                0x0000000000017a18                . = ALIGN (0x4)
                0x0000000000017a18                __bss_end = ABSOLUTE (.)

.SDRAM          0x0000000000017a18        0x0
                0x0000000000017a18                PROVIDE (_alt_partition_SDRAM_start, ABSOLUTE (.))
 *(.SDRAM .SDRAM. SDRAM.*)
                0x0000000000017a18                . = ALIGN (0x4)
                0x0000000000017a18                PROVIDE (_alt_partition_SDRAM_end, ABSOLUTE (.))
                0x0000000000017a18                _end = ABSOLUTE (.)
                0x0000000000017a18                end = ABSOLUTE (.)
                0x0000000000017a18                __alt_stack_base = ABSOLUTE (.)
                0x0000000000017a18                PROVIDE (_alt_partition_SDRAM_load_addr, LOADADDR (.SDRAM))

.Flash_flash_data
                0x000000000c000000        0x0 load address 0x0000000000017a18
                0x000000000c000000                PROVIDE (_alt_partition_Flash_flash_data_start, ABSOLUTE (.))
 *(.Flash_flash_data .Flash_flash_data. Flash_flash_data.*)
                0x000000000c000000                . = ALIGN (0x4)
                0x000000000c000000                PROVIDE (_alt_partition_Flash_flash_data_end, ABSOLUTE (.))
                0x0000000000017a18                PROVIDE (_alt_partition_Flash_flash_data_load_addr, LOADADDR (.Flash_flash_data))

.stab
 *(.stab)

.stabstr
 *(.stabstr)

.stab.excl
 *(.stab.excl)

.stab.exclstr
 *(.stab.exclstr)

.stab.index
 *(.stab.index)

.stab.indexstr
 *(.stab.indexstr)

.comment        0x0000000000000000       0x23
 *(.comment)
 .comment       0x0000000000000000       0x23 obj/default/hello_ucosii.o
                                         0x24 (size before relaxing)
 .comment       0x0000000000000000       0x24 c:/altera_lite/15.1/nios2eds/bin/gnu/h-x86_64-mingw32/bin/../lib/gcc/nios2-elf/4.9.2/../../../../../H-x86_64-mingw32/nios2-elf/lib/mhw-mulx\libc.a(lib_a-memcpy.o)
 .comment       0x0000000000000000       0x24 C:/Users/michi/OneDrive/Documenten/GitHub/TRON-NEON/TRON-NEON_bsp/\libucosii_bsp.a(alt_load.o)
 .comment       0x0000000000000000       0x24 C:/Users/michi/OneDrive/Documenten/GitHub/TRON-NEON/TRON-NEON_bsp/\libucosii_bsp.a(alt_main.o)
 .comment       0x0000000000000000       0x24 C:/Users/michi/OneDrive/Documenten/GitHub/TRON-NEON/TRON-NEON_bsp/\libucosii_bsp.a(alt_env_lock.o)
 .comment       0x0000000000000000       0x24 C:/Users/michi/OneDrive/Documenten/GitHub/TRON-NEON/TRON-NEON_bsp/\libucosii_bsp.a(alt_malloc_lock.o)
 .comment       0x0000000000000000       0x24 C:/Users/michi/OneDrive/Documenten/GitHub/TRON-NEON/TRON-NEON_bsp/\libucosii_bsp.a(os_core.o)
 .comment       0x0000000000000000       0x24 C:/Users/michi/OneDrive/Documenten/GitHub/TRON-NEON/TRON-NEON_bsp/\libucosii_bsp.a(os_dbg.o)
 .comment       0x0000000000000000       0x24 C:/Users/michi/OneDrive/Documenten/GitHub/TRON-NEON/TRON-NEON_bsp/\libucosii_bsp.a(os_flag.o)
 .comment       0x0000000000000000       0x24 C:/Users/michi/OneDrive/Documenten/GitHub/TRON-NEON/TRON-NEON_bsp/\libucosii_bsp.a(os_mem.o)
 .comment       0x0000000000000000       0x24 C:/Users/michi/OneDrive/Documenten/GitHub/TRON-NEON/TRON-NEON_bsp/\libucosii_bsp.a(os_q.o)
 .comment       0x0000000000000000       0x24 C:/Users/michi/OneDrive/Documenten/GitHub/TRON-NEON/TRON-NEON_bsp/\libucosii_bsp.a(os_sem.o)
 .comment       0x0000000000000000       0x24 C:/Users/michi/OneDrive/Documenten/GitHub/TRON-NEON/TRON-NEON_bsp/\libucosii_bsp.a(os_task.o)
 .comment       0x0000000000000000       0x24 C:/Users/michi/OneDrive/Documenten/GitHub/TRON-NEON/TRON-NEON_bsp/\libucosii_bsp.a(os_time.o)
 .comment       0x0000000000000000       0x24 C:/Users/michi/OneDrive/Documenten/GitHub/TRON-NEON/TRON-NEON_bsp/\libucosii_bsp.a(alt_sys_init.o)
 .comment       0x0000000000000000       0x24 C:/Users/michi/OneDrive/Documenten/GitHub/TRON-NEON/TRON-NEON_bsp/\libucosii_bsp.a(altera_avalon_jtag_uart_fd.o)
 .comment       0x0000000000000000       0x24 C:/Users/michi/OneDrive/Documenten/GitHub/TRON-NEON/TRON-NEON_bsp/\libucosii_bsp.a(altera_avalon_jtag_uart_init.o)
 .comment       0x0000000000000000       0x24 C:/Users/michi/OneDrive/Documenten/GitHub/TRON-NEON/TRON-NEON_bsp/\libucosii_bsp.a(altera_avalon_jtag_uart_ioctl.o)
 .comment       0x0000000000000000       0x24 C:/Users/michi/OneDrive/Documenten/GitHub/TRON-NEON/TRON-NEON_bsp/\libucosii_bsp.a(altera_avalon_jtag_uart_read.o)
 .comment       0x0000000000000000       0x24 C:/Users/michi/OneDrive/Documenten/GitHub/TRON-NEON/TRON-NEON_bsp/\libucosii_bsp.a(altera_avalon_jtag_uart_write.o)
 .comment       0x0000000000000000       0x24 C:/Users/michi/OneDrive/Documenten/GitHub/TRON-NEON/TRON-NEON_bsp/\libucosii_bsp.a(altera_avalon_timer_sc.o)
 .comment       0x0000000000000000       0x24 C:/Users/michi/OneDrive/Documenten/GitHub/TRON-NEON/TRON-NEON_bsp/\libucosii_bsp.a(altera_up_avalon_character_lcd.o)
 .comment       0x0000000000000000       0x24 C:/Users/michi/OneDrive/Documenten/GitHub/TRON-NEON/TRON-NEON_bsp/\libucosii_bsp.a(altera_up_avalon_irda.o)
 .comment       0x0000000000000000       0x24 C:/Users/michi/OneDrive/Documenten/GitHub/TRON-NEON/TRON-NEON_bsp/\libucosii_bsp.a(altera_up_avalon_ps2.o)
 .comment       0x0000000000000000       0x24 C:/Users/michi/OneDrive/Documenten/GitHub/TRON-NEON/TRON-NEON_bsp/\libucosii_bsp.a(altera_up_avalon_rs232.o)
 .comment       0x0000000000000000       0x24 C:/Users/michi/OneDrive/Documenten/GitHub/TRON-NEON/TRON-NEON_bsp/\libucosii_bsp.a(altera_up_avalon_video_character_buffer_with_dma.o)
 .comment       0x0000000000000000       0x24 C:/Users/michi/OneDrive/Documenten/GitHub/TRON-NEON/TRON-NEON_bsp/\libucosii_bsp.a(alt_alarm_start.o)
 .comment       0x0000000000000000       0x24 C:/Users/michi/OneDrive/Documenten/GitHub/TRON-NEON/TRON-NEON_bsp/\libucosii_bsp.a(alt_close.o)
 .comment       0x0000000000000000       0x24 C:/Users/michi/OneDrive/Documenten/GitHub/TRON-NEON/TRON-NEON_bsp/\libucosii_bsp.a(alt_dcache_flush_all.o)
 .comment       0x0000000000000000       0x24 C:/Users/michi/OneDrive/Documenten/GitHub/TRON-NEON/TRON-NEON_bsp/\libucosii_bsp.a(alt_dev.o)
 .comment       0x0000000000000000       0x24 C:/Users/michi/OneDrive/Documenten/GitHub/TRON-NEON/TRON-NEON_bsp/\libucosii_bsp.a(alt_dev_llist_insert.o)
 .comment       0x0000000000000000       0x24 C:/Users/michi/OneDrive/Documenten/GitHub/TRON-NEON/TRON-NEON_bsp/\libucosii_bsp.a(alt_do_ctors.o)
 .comment       0x0000000000000000       0x24 C:/Users/michi/OneDrive/Documenten/GitHub/TRON-NEON/TRON-NEON_bsp/\libucosii_bsp.a(alt_do_dtors.o)
 .comment       0x0000000000000000       0x24 C:/Users/michi/OneDrive/Documenten/GitHub/TRON-NEON/TRON-NEON_bsp/\libucosii_bsp.a(alt_errno.o)
 .comment       0x0000000000000000       0x24 C:/Users/michi/OneDrive/Documenten/GitHub/TRON-NEON/TRON-NEON_bsp/\libucosii_bsp.a(alt_find_dev.o)
 .comment       0x0000000000000000       0x24 C:/Users/michi/OneDrive/Documenten/GitHub/TRON-NEON/TRON-NEON_bsp/\libucosii_bsp.a(alt_icache_flush_all.o)
 .comment       0x0000000000000000       0x24 C:/Users/michi/OneDrive/Documenten/GitHub/TRON-NEON/TRON-NEON_bsp/\libucosii_bsp.a(alt_io_redirect.o)
 .comment       0x0000000000000000       0x24 C:/Users/michi/OneDrive/Documenten/GitHub/TRON-NEON/TRON-NEON_bsp/\libucosii_bsp.a(alt_irq_register.o)
 .comment       0x0000000000000000       0x24 C:/Users/michi/OneDrive/Documenten/GitHub/TRON-NEON/TRON-NEON_bsp/\libucosii_bsp.a(alt_irq_vars.o)
 .comment       0x0000000000000000       0x24 C:/Users/michi/OneDrive/Documenten/GitHub/TRON-NEON/TRON-NEON_bsp/\libucosii_bsp.a(alt_open.o)
 .comment       0x0000000000000000       0x24 C:/Users/michi/OneDrive/Documenten/GitHub/TRON-NEON/TRON-NEON_bsp/\libucosii_bsp.a(alt_release_fd.o)
 .comment       0x0000000000000000       0x24 C:/Users/michi/OneDrive/Documenten/GitHub/TRON-NEON/TRON-NEON_bsp/\libucosii_bsp.a(alt_tick.o)
 .comment       0x0000000000000000       0x24 C:/Users/michi/OneDrive/Documenten/GitHub/TRON-NEON/TRON-NEON_bsp/\libucosii_bsp.a(altera_nios2_gen2_irq.o)
 .comment       0x0000000000000000       0x24 C:/Users/michi/OneDrive/Documenten/GitHub/TRON-NEON/TRON-NEON_bsp/\libucosii_bsp.a(os_cpu_c.o)
 .comment       0x0000000000000000       0x24 C:/Users/michi/OneDrive/Documenten/GitHub/TRON-NEON/TRON-NEON_bsp/\libucosii_bsp.a(alt_find_file.o)
 .comment       0x0000000000000000       0x24 C:/Users/michi/OneDrive/Documenten/GitHub/TRON-NEON/TRON-NEON_bsp/\libucosii_bsp.a(alt_get_fd.o)
 .comment       0x0000000000000000       0x24 C:/Users/michi/OneDrive/Documenten/GitHub/TRON-NEON/TRON-NEON_bsp/\libucosii_bsp.a(alt_icache_flush.o)
 .comment       0x0000000000000000       0x24 C:/Users/michi/OneDrive/Documenten/GitHub/TRON-NEON/TRON-NEON_bsp/\libucosii_bsp.a(alt_irq_handler.o)
 .comment       0x0000000000000000       0x24 C:/Users/michi/OneDrive/Documenten/GitHub/TRON-NEON/TRON-NEON_bsp/\libucosii_bsp.a(alt_instruction_exception_entry.o)
 .comment       0x0000000000000000       0x24 c:/altera_lite/15.1/nios2eds/bin/gnu/h-x86_64-mingw32/bin/../lib/gcc/nios2-elf/4.9.2/../../../../../H-x86_64-mingw32/nios2-elf/lib/mhw-mulx\libc.a(lib_a-atexit.o)
 .comment       0x0000000000000000       0x24 c:/altera_lite/15.1/nios2eds/bin/gnu/h-x86_64-mingw32/bin/../lib/gcc/nios2-elf/4.9.2/../../../../../H-x86_64-mingw32/nios2-elf/lib/mhw-mulx\libc.a(lib_a-exit.o)
 .comment       0x0000000000000000       0x24 c:/altera_lite/15.1/nios2eds/bin/gnu/h-x86_64-mingw32/bin/../lib/gcc/nios2-elf/4.9.2/../../../../../H-x86_64-mingw32/nios2-elf/lib/mhw-mulx\libc.a(lib_a-impure.o)
 .comment       0x0000000000000000       0x24 c:/altera_lite/15.1/nios2eds/bin/gnu/h-x86_64-mingw32/bin/../lib/gcc/nios2-elf/4.9.2/../../../../../H-x86_64-mingw32/nios2-elf/lib/mhw-mulx\libc.a(lib_a-int_errno.o)
 .comment       0x0000000000000000       0x24 c:/altera_lite/15.1/nios2eds/bin/gnu/h-x86_64-mingw32/bin/../lib/gcc/nios2-elf/4.9.2/../../../../../H-x86_64-mingw32/nios2-elf/lib/mhw-mulx\libc.a(lib_a-memcmp.o)
 .comment       0x0000000000000000       0x24 c:/altera_lite/15.1/nios2eds/bin/gnu/h-x86_64-mingw32/bin/../lib/gcc/nios2-elf/4.9.2/../../../../../H-x86_64-mingw32/nios2-elf/lib/mhw-mulx\libc.a(lib_a-memset.o)
 .comment       0x0000000000000000       0x24 c:/altera_lite/15.1/nios2eds/bin/gnu/h-x86_64-mingw32/bin/../lib/gcc/nios2-elf/4.9.2/../../../../../H-x86_64-mingw32/nios2-elf/lib/mhw-mulx\libc.a(lib_a-strcmp.o)
 .comment       0x0000000000000000       0x24 c:/altera_lite/15.1/nios2eds/bin/gnu/h-x86_64-mingw32/bin/../lib/gcc/nios2-elf/4.9.2/../../../../../H-x86_64-mingw32/nios2-elf/lib/mhw-mulx\libc.a(lib_a-strlen.o)
 .comment       0x0000000000000000       0x24 c:/altera_lite/15.1/nios2eds/bin/gnu/h-x86_64-mingw32/bin/../lib/gcc/nios2-elf/4.9.2/../../../../../H-x86_64-mingw32/nios2-elf/lib/mhw-mulx\libc.a(lib_a-__atexit.o)
 .comment       0x0000000000000000       0x24 c:/altera_lite/15.1/nios2eds/bin/gnu/h-x86_64-mingw32/bin/../lib/gcc/nios2-elf/4.9.2/../../../../../H-x86_64-mingw32/nios2-elf/lib/mhw-mulx\libc.a(lib_a-__call_atexit.o)
 .comment       0x0000000000000000       0x24 C:/Users/michi/OneDrive/Documenten/GitHub/TRON-NEON/TRON-NEON_bsp/\libucosii_bsp.a(alt_exit.o)

.debug
 *(.debug)

.line
 *(.line)

.debug_srcinfo
 *(.debug_srcinfo)

.debug_sfnames
 *(.debug_sfnames)

.debug_aranges  0x0000000000000000      0x818
 *(.debug_aranges)
 .debug_aranges
                0x0000000000000000       0x28 C:/Users/michi/OneDrive/Documenten/GitHub/TRON-NEON/TRON-NEON_bsp//obj/HAL/src/crt0.o
 .debug_aranges
                0x0000000000000028       0x20 obj/default/hello_ucosii.o
 .debug_aranges
                0x0000000000000048       0x20 c:/altera_lite/15.1/nios2eds/bin/gnu/h-x86_64-mingw32/bin/../lib/gcc/nios2-elf/4.9.2/../../../../../H-x86_64-mingw32/nios2-elf/lib/mhw-mulx\libc.a(lib_a-memcpy.o)
 .debug_aranges
                0x0000000000000068       0x20 C:/Users/michi/OneDrive/Documenten/GitHub/TRON-NEON/TRON-NEON_bsp/\libucosii_bsp.a(alt_load.o)
 .debug_aranges
                0x0000000000000088       0x20 C:/Users/michi/OneDrive/Documenten/GitHub/TRON-NEON/TRON-NEON_bsp/\libucosii_bsp.a(alt_main.o)
 .debug_aranges
                0x00000000000000a8       0x20 C:/Users/michi/OneDrive/Documenten/GitHub/TRON-NEON/TRON-NEON_bsp/\libucosii_bsp.a(alt_env_lock.o)
 .debug_aranges
                0x00000000000000c8       0x20 C:/Users/michi/OneDrive/Documenten/GitHub/TRON-NEON/TRON-NEON_bsp/\libucosii_bsp.a(alt_malloc_lock.o)
 .debug_aranges
                0x00000000000000e8       0x20 C:/Users/michi/OneDrive/Documenten/GitHub/TRON-NEON/TRON-NEON_bsp/\libucosii_bsp.a(os_core.o)
 .debug_aranges
                0x0000000000000108       0x20 C:/Users/michi/OneDrive/Documenten/GitHub/TRON-NEON/TRON-NEON_bsp/\libucosii_bsp.a(os_dbg.o)
 .debug_aranges
                0x0000000000000128       0x20 C:/Users/michi/OneDrive/Documenten/GitHub/TRON-NEON/TRON-NEON_bsp/\libucosii_bsp.a(os_flag.o)
 .debug_aranges
                0x0000000000000148       0x20 C:/Users/michi/OneDrive/Documenten/GitHub/TRON-NEON/TRON-NEON_bsp/\libucosii_bsp.a(os_mem.o)
 .debug_aranges
                0x0000000000000168       0x20 C:/Users/michi/OneDrive/Documenten/GitHub/TRON-NEON/TRON-NEON_bsp/\libucosii_bsp.a(os_q.o)
 .debug_aranges
                0x0000000000000188       0x20 C:/Users/michi/OneDrive/Documenten/GitHub/TRON-NEON/TRON-NEON_bsp/\libucosii_bsp.a(os_sem.o)
 .debug_aranges
                0x00000000000001a8       0x20 C:/Users/michi/OneDrive/Documenten/GitHub/TRON-NEON/TRON-NEON_bsp/\libucosii_bsp.a(os_task.o)
 .debug_aranges
                0x00000000000001c8       0x20 C:/Users/michi/OneDrive/Documenten/GitHub/TRON-NEON/TRON-NEON_bsp/\libucosii_bsp.a(os_time.o)
 .debug_aranges
                0x00000000000001e8       0x20 C:/Users/michi/OneDrive/Documenten/GitHub/TRON-NEON/TRON-NEON_bsp/\libucosii_bsp.a(alt_sys_init.o)
 .debug_aranges
                0x0000000000000208       0x20 C:/Users/michi/OneDrive/Documenten/GitHub/TRON-NEON/TRON-NEON_bsp/\libucosii_bsp.a(altera_avalon_jtag_uart_fd.o)
 .debug_aranges
                0x0000000000000228       0x20 C:/Users/michi/OneDrive/Documenten/GitHub/TRON-NEON/TRON-NEON_bsp/\libucosii_bsp.a(altera_avalon_jtag_uart_init.o)
 .debug_aranges
                0x0000000000000248       0x20 C:/Users/michi/OneDrive/Documenten/GitHub/TRON-NEON/TRON-NEON_bsp/\libucosii_bsp.a(altera_avalon_jtag_uart_ioctl.o)
 .debug_aranges
                0x0000000000000268       0x20 C:/Users/michi/OneDrive/Documenten/GitHub/TRON-NEON/TRON-NEON_bsp/\libucosii_bsp.a(altera_avalon_jtag_uart_read.o)
 .debug_aranges
                0x0000000000000288       0x20 C:/Users/michi/OneDrive/Documenten/GitHub/TRON-NEON/TRON-NEON_bsp/\libucosii_bsp.a(altera_avalon_jtag_uart_write.o)
 .debug_aranges
                0x00000000000002a8       0x20 C:/Users/michi/OneDrive/Documenten/GitHub/TRON-NEON/TRON-NEON_bsp/\libucosii_bsp.a(altera_avalon_timer_sc.o)
 .debug_aranges
                0x00000000000002c8       0x20 C:/Users/michi/OneDrive/Documenten/GitHub/TRON-NEON/TRON-NEON_bsp/\libucosii_bsp.a(altera_up_avalon_character_lcd.o)
 .debug_aranges
                0x00000000000002e8       0x20 C:/Users/michi/OneDrive/Documenten/GitHub/TRON-NEON/TRON-NEON_bsp/\libucosii_bsp.a(altera_up_avalon_irda.o)
 .debug_aranges
                0x0000000000000308       0x20 C:/Users/michi/OneDrive/Documenten/GitHub/TRON-NEON/TRON-NEON_bsp/\libucosii_bsp.a(altera_up_avalon_ps2.o)
 .debug_aranges
                0x0000000000000328       0x20 C:/Users/michi/OneDrive/Documenten/GitHub/TRON-NEON/TRON-NEON_bsp/\libucosii_bsp.a(altera_up_avalon_rs232.o)
 .debug_aranges
                0x0000000000000348       0x20 C:/Users/michi/OneDrive/Documenten/GitHub/TRON-NEON/TRON-NEON_bsp/\libucosii_bsp.a(altera_up_avalon_video_character_buffer_with_dma.o)
 .debug_aranges
                0x0000000000000368       0x20 C:/Users/michi/OneDrive/Documenten/GitHub/TRON-NEON/TRON-NEON_bsp/\libucosii_bsp.a(alt_alarm_start.o)
 .debug_aranges
                0x0000000000000388       0x20 C:/Users/michi/OneDrive/Documenten/GitHub/TRON-NEON/TRON-NEON_bsp/\libucosii_bsp.a(alt_close.o)
 .debug_aranges
                0x00000000000003a8       0x20 C:/Users/michi/OneDrive/Documenten/GitHub/TRON-NEON/TRON-NEON_bsp/\libucosii_bsp.a(alt_dcache_flush_all.o)
 .debug_aranges
                0x00000000000003c8       0x20 C:/Users/michi/OneDrive/Documenten/GitHub/TRON-NEON/TRON-NEON_bsp/\libucosii_bsp.a(alt_dev.o)
 .debug_aranges
                0x00000000000003e8       0x20 C:/Users/michi/OneDrive/Documenten/GitHub/TRON-NEON/TRON-NEON_bsp/\libucosii_bsp.a(alt_dev_llist_insert.o)
 .debug_aranges
                0x0000000000000408       0x20 C:/Users/michi/OneDrive/Documenten/GitHub/TRON-NEON/TRON-NEON_bsp/\libucosii_bsp.a(alt_do_ctors.o)
 .debug_aranges
                0x0000000000000428       0x20 C:/Users/michi/OneDrive/Documenten/GitHub/TRON-NEON/TRON-NEON_bsp/\libucosii_bsp.a(alt_do_dtors.o)
 .debug_aranges
                0x0000000000000448       0x18 C:/Users/michi/OneDrive/Documenten/GitHub/TRON-NEON/TRON-NEON_bsp/\libucosii_bsp.a(alt_errno.o)
 .debug_aranges
                0x0000000000000460       0x20 C:/Users/michi/OneDrive/Documenten/GitHub/TRON-NEON/TRON-NEON_bsp/\libucosii_bsp.a(alt_find_dev.o)
 .debug_aranges
                0x0000000000000480       0x20 C:/Users/michi/OneDrive/Documenten/GitHub/TRON-NEON/TRON-NEON_bsp/\libucosii_bsp.a(alt_icache_flush_all.o)
 .debug_aranges
                0x00000000000004a0       0x20 C:/Users/michi/OneDrive/Documenten/GitHub/TRON-NEON/TRON-NEON_bsp/\libucosii_bsp.a(alt_io_redirect.o)
 .debug_aranges
                0x00000000000004c0       0x20 C:/Users/michi/OneDrive/Documenten/GitHub/TRON-NEON/TRON-NEON_bsp/\libucosii_bsp.a(alt_irq_register.o)
 .debug_aranges
                0x00000000000004e0       0x18 C:/Users/michi/OneDrive/Documenten/GitHub/TRON-NEON/TRON-NEON_bsp/\libucosii_bsp.a(alt_irq_vars.o)
 .debug_aranges
                0x00000000000004f8       0x20 C:/Users/michi/OneDrive/Documenten/GitHub/TRON-NEON/TRON-NEON_bsp/\libucosii_bsp.a(alt_open.o)
 .debug_aranges
                0x0000000000000518       0x20 C:/Users/michi/OneDrive/Documenten/GitHub/TRON-NEON/TRON-NEON_bsp/\libucosii_bsp.a(alt_release_fd.o)
 .debug_aranges
                0x0000000000000538       0x20 C:/Users/michi/OneDrive/Documenten/GitHub/TRON-NEON/TRON-NEON_bsp/\libucosii_bsp.a(alt_tick.o)
 .debug_aranges
                0x0000000000000558       0x20 C:/Users/michi/OneDrive/Documenten/GitHub/TRON-NEON/TRON-NEON_bsp/\libucosii_bsp.a(altera_nios2_gen2_irq.o)
 .debug_aranges
                0x0000000000000578       0x20 C:/Users/michi/OneDrive/Documenten/GitHub/TRON-NEON/TRON-NEON_bsp/\libucosii_bsp.a(os_cpu_a.o)
 .debug_aranges
                0x0000000000000598       0x20 C:/Users/michi/OneDrive/Documenten/GitHub/TRON-NEON/TRON-NEON_bsp/\libucosii_bsp.a(os_cpu_c.o)
 .debug_aranges
                0x00000000000005b8       0x20 C:/Users/michi/OneDrive/Documenten/GitHub/TRON-NEON/TRON-NEON_bsp/\libucosii_bsp.a(alt_find_file.o)
 .debug_aranges
                0x00000000000005d8       0x20 C:/Users/michi/OneDrive/Documenten/GitHub/TRON-NEON/TRON-NEON_bsp/\libucosii_bsp.a(alt_get_fd.o)
 .debug_aranges
                0x00000000000005f8       0x20 C:/Users/michi/OneDrive/Documenten/GitHub/TRON-NEON/TRON-NEON_bsp/\libucosii_bsp.a(alt_icache_flush.o)
 .debug_aranges
                0x0000000000000618       0x30 C:/Users/michi/OneDrive/Documenten/GitHub/TRON-NEON/TRON-NEON_bsp/\libucosii_bsp.a(alt_irq_entry.o)
 .debug_aranges
                0x0000000000000648       0x20 C:/Users/michi/OneDrive/Documenten/GitHub/TRON-NEON/TRON-NEON_bsp/\libucosii_bsp.a(alt_irq_handler.o)
 .debug_aranges
                0x0000000000000668       0x38 C:/Users/michi/OneDrive/Documenten/GitHub/TRON-NEON/TRON-NEON_bsp/\libucosii_bsp.a(alt_exception_entry.o)
 .debug_aranges
                0x00000000000006a0       0x28 C:/Users/michi/OneDrive/Documenten/GitHub/TRON-NEON/TRON-NEON_bsp/\libucosii_bsp.a(alt_instruction_exception_entry.o)
 .debug_aranges
                0x00000000000006c8       0x20 c:/altera_lite/15.1/nios2eds/bin/gnu/h-x86_64-mingw32/bin/../lib/gcc/nios2-elf/4.9.2/../../../../../H-x86_64-mingw32/nios2-elf/lib/mhw-mulx\libc.a(lib_a-atexit.o)
 .debug_aranges
                0x00000000000006e8       0x20 c:/altera_lite/15.1/nios2eds/bin/gnu/h-x86_64-mingw32/bin/../lib/gcc/nios2-elf/4.9.2/../../../../../H-x86_64-mingw32/nios2-elf/lib/mhw-mulx\libc.a(lib_a-exit.o)
 .debug_aranges
                0x0000000000000708       0x18 c:/altera_lite/15.1/nios2eds/bin/gnu/h-x86_64-mingw32/bin/../lib/gcc/nios2-elf/4.9.2/../../../../../H-x86_64-mingw32/nios2-elf/lib/mhw-mulx\libc.a(lib_a-impure.o)
 .debug_aranges
                0x0000000000000720       0x18 c:/altera_lite/15.1/nios2eds/bin/gnu/h-x86_64-mingw32/bin/../lib/gcc/nios2-elf/4.9.2/../../../../../H-x86_64-mingw32/nios2-elf/lib/mhw-mulx\libc.a(lib_a-int_errno.o)
 .debug_aranges
                0x0000000000000738       0x20 c:/altera_lite/15.1/nios2eds/bin/gnu/h-x86_64-mingw32/bin/../lib/gcc/nios2-elf/4.9.2/../../../../../H-x86_64-mingw32/nios2-elf/lib/mhw-mulx\libc.a(lib_a-memcmp.o)
 .debug_aranges
                0x0000000000000758       0x20 c:/altera_lite/15.1/nios2eds/bin/gnu/h-x86_64-mingw32/bin/../lib/gcc/nios2-elf/4.9.2/../../../../../H-x86_64-mingw32/nios2-elf/lib/mhw-mulx\libc.a(lib_a-memset.o)
 .debug_aranges
                0x0000000000000778       0x20 c:/altera_lite/15.1/nios2eds/bin/gnu/h-x86_64-mingw32/bin/../lib/gcc/nios2-elf/4.9.2/../../../../../H-x86_64-mingw32/nios2-elf/lib/mhw-mulx\libc.a(lib_a-strcmp.o)
 .debug_aranges
                0x0000000000000798       0x20 c:/altera_lite/15.1/nios2eds/bin/gnu/h-x86_64-mingw32/bin/../lib/gcc/nios2-elf/4.9.2/../../../../../H-x86_64-mingw32/nios2-elf/lib/mhw-mulx\libc.a(lib_a-strlen.o)
 .debug_aranges
                0x00000000000007b8       0x20 c:/altera_lite/15.1/nios2eds/bin/gnu/h-x86_64-mingw32/bin/../lib/gcc/nios2-elf/4.9.2/../../../../../H-x86_64-mingw32/nios2-elf/lib/mhw-mulx\libc.a(lib_a-__atexit.o)
 .debug_aranges
                0x00000000000007d8       0x20 c:/altera_lite/15.1/nios2eds/bin/gnu/h-x86_64-mingw32/bin/../lib/gcc/nios2-elf/4.9.2/../../../../../H-x86_64-mingw32/nios2-elf/lib/mhw-mulx\libc.a(lib_a-__call_atexit.o)
 .debug_aranges
                0x00000000000007f8       0x20 C:/Users/michi/OneDrive/Documenten/GitHub/TRON-NEON/TRON-NEON_bsp/\libucosii_bsp.a(alt_exit.o)

.debug_pubnames
 *(.debug_pubnames)

.debug_info     0x0000000000000000    0x14057
 *(.debug_info .gnu.linkonce.wi.*)
 .debug_info    0x0000000000000000       0x6c C:/Users/michi/OneDrive/Documenten/GitHub/TRON-NEON/TRON-NEON_bsp//obj/HAL/src/crt0.o
 .debug_info    0x000000000000006c      0x669 obj/default/hello_ucosii.o
 .debug_info    0x00000000000006d5      0x133 c:/altera_lite/15.1/nios2eds/bin/gnu/h-x86_64-mingw32/bin/../lib/gcc/nios2-elf/4.9.2/../../../../../H-x86_64-mingw32/nios2-elf/lib/mhw-mulx\libc.a(lib_a-memcpy.o)
 .debug_info    0x0000000000000808      0x13e C:/Users/michi/OneDrive/Documenten/GitHub/TRON-NEON/TRON-NEON_bsp/\libucosii_bsp.a(alt_load.o)
 .debug_info    0x0000000000000946      0x27c C:/Users/michi/OneDrive/Documenten/GitHub/TRON-NEON/TRON-NEON_bsp/\libucosii_bsp.a(alt_main.o)
 .debug_info    0x0000000000000bc2      0xc76 C:/Users/michi/OneDrive/Documenten/GitHub/TRON-NEON/TRON-NEON_bsp/\libucosii_bsp.a(alt_env_lock.o)
 .debug_info    0x0000000000001838      0xdbc C:/Users/michi/OneDrive/Documenten/GitHub/TRON-NEON/TRON-NEON_bsp/\libucosii_bsp.a(alt_malloc_lock.o)
 .debug_info    0x00000000000025f4     0x161c C:/Users/michi/OneDrive/Documenten/GitHub/TRON-NEON/TRON-NEON_bsp/\libucosii_bsp.a(os_core.o)
 .debug_info    0x0000000000003c10      0xab7 C:/Users/michi/OneDrive/Documenten/GitHub/TRON-NEON/TRON-NEON_bsp/\libucosii_bsp.a(os_dbg.o)
 .debug_info    0x00000000000046c7      0xfab C:/Users/michi/OneDrive/Documenten/GitHub/TRON-NEON/TRON-NEON_bsp/\libucosii_bsp.a(os_flag.o)
 .debug_info    0x0000000000005672      0x689 C:/Users/michi/OneDrive/Documenten/GitHub/TRON-NEON/TRON-NEON_bsp/\libucosii_bsp.a(os_mem.o)
 .debug_info    0x0000000000005cfb      0xdb2 C:/Users/michi/OneDrive/Documenten/GitHub/TRON-NEON/TRON-NEON_bsp/\libucosii_bsp.a(os_q.o)
 .debug_info    0x0000000000006aad      0xa13 C:/Users/michi/OneDrive/Documenten/GitHub/TRON-NEON/TRON-NEON_bsp/\libucosii_bsp.a(os_sem.o)
 .debug_info    0x00000000000074c0     0x1126 C:/Users/michi/OneDrive/Documenten/GitHub/TRON-NEON/TRON-NEON_bsp/\libucosii_bsp.a(os_task.o)
 .debug_info    0x00000000000085e6      0x6f8 C:/Users/michi/OneDrive/Documenten/GitHub/TRON-NEON/TRON-NEON_bsp/\libucosii_bsp.a(os_time.o)
 .debug_info    0x0000000000008cde      0xb2c C:/Users/michi/OneDrive/Documenten/GitHub/TRON-NEON/TRON-NEON_bsp/\libucosii_bsp.a(alt_sys_init.o)
 .debug_info    0x000000000000980a      0x68a C:/Users/michi/OneDrive/Documenten/GitHub/TRON-NEON/TRON-NEON_bsp/\libucosii_bsp.a(altera_avalon_jtag_uart_fd.o)
 .debug_info    0x0000000000009e94      0x6d7 C:/Users/michi/OneDrive/Documenten/GitHub/TRON-NEON/TRON-NEON_bsp/\libucosii_bsp.a(altera_avalon_jtag_uart_init.o)
 .debug_info    0x000000000000a56b      0x3dc C:/Users/michi/OneDrive/Documenten/GitHub/TRON-NEON/TRON-NEON_bsp/\libucosii_bsp.a(altera_avalon_jtag_uart_ioctl.o)
 .debug_info    0x000000000000a947      0x58e C:/Users/michi/OneDrive/Documenten/GitHub/TRON-NEON/TRON-NEON_bsp/\libucosii_bsp.a(altera_avalon_jtag_uart_read.o)
 .debug_info    0x000000000000aed5      0x588 C:/Users/michi/OneDrive/Documenten/GitHub/TRON-NEON/TRON-NEON_bsp/\libucosii_bsp.a(altera_avalon_jtag_uart_write.o)
 .debug_info    0x000000000000b45d      0x242 C:/Users/michi/OneDrive/Documenten/GitHub/TRON-NEON/TRON-NEON_bsp/\libucosii_bsp.a(altera_avalon_timer_sc.o)
 .debug_info    0x000000000000b69f      0x61e C:/Users/michi/OneDrive/Documenten/GitHub/TRON-NEON/TRON-NEON_bsp/\libucosii_bsp.a(altera_up_avalon_character_lcd.o)
 .debug_info    0x000000000000bcbd      0x5a0 C:/Users/michi/OneDrive/Documenten/GitHub/TRON-NEON/TRON-NEON_bsp/\libucosii_bsp.a(altera_up_avalon_irda.o)